Archive member included because of file (symbol)

.\CortexM3\ARM_GCC_493\Debug\PSOC_USBUART.a(cyfitter_cfg.o)
                              .\CortexM3\ARM_GCC_493\Debug\Cm3Start.o (cyfitter_cfg)
.\CortexM3\ARM_GCC_493\Debug\PSOC_USBUART.a(ADC_DelSig.o)
                              .\CortexM3\ARM_GCC_493\Debug\main.o (ADC_DelSig_Start)
.\CortexM3\ARM_GCC_493\Debug\PSOC_USBUART.a(ADC_DelSig_INT.o)
                              .\CortexM3\ARM_GCC_493\Debug\PSOC_USBUART.a(ADC_DelSig.o) (ADC_DelSig_ISR1)
.\CortexM3\ARM_GCC_493\Debug\PSOC_USBUART.a(USBUART.o)
                              .\CortexM3\ARM_GCC_493\Debug\main.o (USBUART_Start)
.\CortexM3\ARM_GCC_493\Debug\PSOC_USBUART.a(USBUART_cdc.o)
                              .\CortexM3\ARM_GCC_493\Debug\serial.o (USBUART_CDC_Init)
.\CortexM3\ARM_GCC_493\Debug\PSOC_USBUART.a(USBUART_drv.o)
                              .\CortexM3\ARM_GCC_493\Debug\PSOC_USBUART.a(USBUART.o) (USBUART_lastPacketSize)
.\CortexM3\ARM_GCC_493\Debug\PSOC_USBUART.a(USBUART_episr.o)
                              .\CortexM3\ARM_GCC_493\Debug\PSOC_USBUART.a(USBUART.o) (USBUART_EP_1_ISR)
.\CortexM3\ARM_GCC_493\Debug\PSOC_USBUART.a(USBUART_pm.o)
                              .\CortexM3\ARM_GCC_493\Debug\PSOC_USBUART.a(USBUART.o) (USBUART_DP_ISR)
.\CortexM3\ARM_GCC_493\Debug\PSOC_USBUART.a(USBUART_std.o)
                              .\CortexM3\ARM_GCC_493\Debug\PSOC_USBUART.a(USBUART_pm.o) (USBUART_ConfigReg)
.\CortexM3\ARM_GCC_493\Debug\PSOC_USBUART.a(USBUART_vnd.o)
                              .\CortexM3\ARM_GCC_493\Debug\PSOC_USBUART.a(USBUART_drv.o) (USBUART_HandleVendorRqst)
.\CortexM3\ARM_GCC_493\Debug\PSOC_USBUART.a(ADC_DelSig_Ext_CP_Clk.o)
                              .\CortexM3\ARM_GCC_493\Debug\PSOC_USBUART.a(ADC_DelSig.o) (ADC_DelSig_Ext_CP_Clk_SetModeRegister)
.\CortexM3\ARM_GCC_493\Debug\PSOC_USBUART.a(ADC_DelSig_theACLK.o)
                              .\CortexM3\ARM_GCC_493\Debug\PSOC_USBUART.a(ADC_DelSig.o) (ADC_DelSig_theACLK_SetModeRegister)
.\CortexM3\ARM_GCC_493\Debug\PSOC_USBUART.a(USBUART_Dp.o)
                              .\CortexM3\ARM_GCC_493\Debug\PSOC_USBUART.a(USBUART_pm.o) (USBUART_Dp_ClearInterrupt)
.\CortexM3\ARM_GCC_493\Debug\PSOC_USBUART.a(CyLib.o)
                              .\CortexM3\ARM_GCC_493\Debug\Cm3Start.o (CyHalt)
.\CortexM3\ARM_GCC_493\Debug\PSOC_USBUART.a(cyPm.o)
                              .\CortexM3\ARM_GCC_493\Debug\PSOC_USBUART.a(CyLib.o) (CyPmReadStatus)
.\CortexM3\ARM_GCC_493\Debug\PSOC_USBUART.a(OPAMP.o)
                              .\CortexM3\ARM_GCC_493\Debug\main.o (OPAMP_Start)
.\CortexM3\ARM_GCC_493\Debug\PSOC_USBUART.a(IDAC8.o)
                              .\CortexM3\ARM_GCC_493\Debug\main.o (IDAC8_Start)
.\CortexM3\ARM_GCC_493\Debug\PSOC_USBUART.a(CyBootAsmGnu.o)
                              .\CortexM3\ARM_GCC_493\Debug\PSOC_USBUART.a(cyfitter_cfg.o) (CyDelayCycles)
.\CortexM3\ARM_GCC_493\Debug\PSOC_USBUART.a(USBUART_cls.o)
                              .\CortexM3\ARM_GCC_493\Debug\PSOC_USBUART.a(USBUART_drv.o) (USBUART_DispatchClassRqst)
.\CortexM3\ARM_GCC_493\Debug\PSOC_USBUART.a(USBUART_descr.o)
                              .\CortexM3\ARM_GCC_493\Debug\PSOC_USBUART.a(USBUART_std.o) (USBUART_idSerialNumberStringDescriptor)
.\CortexM3\ARM_GCC_493\Debug\PSOC_USBUART.a(CyFlash.o)
                              .\CortexM3\ARM_GCC_493\Debug\PSOC_USBUART.a(cyPm.o) (CyFlash_SetWaitCycles)
.\CortexM3\ARM_GCC_493\Debug\PSOC_USBUART.a(CySpc.o)
                              .\CortexM3\ARM_GCC_493\Debug\PSOC_USBUART.a(CyFlash.o) (CySpcStart)
c:/program files (x86)/cypress/psoc creator/4.0/psoc creator/import/gnu/arm/4.9.3/bin/../lib/gcc/arm-none-eabi/4.9.3/armv7-m\libgcc.a(_arm_addsubdf3.o)
                              .\CortexM3\ARM_GCC_493\Debug\PSOC_USBUART.a(ADC_DelSig.o) (__aeabi_f2d)
c:/program files (x86)/cypress/psoc creator/4.0/psoc creator/import/gnu/arm/4.9.3/bin/../lib/gcc/arm-none-eabi/4.9.3/armv7-m\libgcc.a(_arm_cmpdf2.o)
                              .\CortexM3\ARM_GCC_493\Debug\PSOC_USBUART.a(ADC_DelSig.o) (__aeabi_dcmpgt)
c:/program files (x86)/cypress/psoc creator/4.0/psoc creator/import/gnu/arm/4.9.3/bin/../lib/gcc/arm-none-eabi/4.9.3/armv7-m\libgcc.a(_arm_addsubsf3.o)
                              .\CortexM3\ARM_GCC_493\Debug\PSOC_USBUART.a(ADC_DelSig.o) (__aeabi_ui2f)
c:/program files (x86)/cypress/psoc creator/4.0/psoc creator/import/gnu/arm/4.9.3/bin/../lib/gcc/arm-none-eabi/4.9.3/armv7-m\libgcc.a(_arm_muldivsf3.o)
                              .\CortexM3\ARM_GCC_493\Debug\PSOC_USBUART.a(ADC_DelSig.o) (__aeabi_fmul)
c:/program files (x86)/cypress/psoc creator/4.0/psoc creator/import/gnu/arm/4.9.3/bin/../lib/gcc/arm-none-eabi/4.9.3/armv7-m\libgcc.a(_arm_fixunssfsi.o)
                              .\CortexM3\ARM_GCC_493\Debug\PSOC_USBUART.a(ADC_DelSig.o) (__aeabi_f2uiz)
[...]
Memory Configuration

Name             Origin             Length             Attributes
rom              0x00000000         0x00040000         xr
ram              0x1fff8000         0x00010000         xrw
*default*        0x00000000         0xffffffff

Linker script and memory map

LOAD c:/program files (x86)/cypress/psoc creator/4.0/psoc creator/import/gnu/arm/4.9.3/bin/../lib/gcc/arm-none-eabi/4.9.3/armv7-m/crti.o
LOAD c:/program files (x86)/cypress/psoc creator/4.0/psoc creator/import/gnu/arm/4.9.3/bin/../lib/gcc/arm-none-eabi/4.9.3/armv7-m/crtbegin.o
LOAD c:/program files (x86)/cypress/psoc creator/4.0/psoc creator/import/gnu/arm/4.9.3/bin/../lib/gcc/arm-none-eabi/4.9.3/../../../../arm-none-eabi/lib/armv7-m/crt0.o
START GROUP
LOAD .\CortexM3\ARM_GCC_493\Debug\main.o
LOAD .\CortexM3\ARM_GCC_493\Debug\serial.o
LOAD .\CortexM3\ARM_GCC_493\Debug\cymetadata.o
LOAD .\CortexM3\ARM_GCC_493\Debug\Cm3Start.o
LOAD .\CortexM3\ARM_GCC_493\Debug\PSOC_USBUART.a
LOAD C:\Program Files (x86)\Cypress\PSoC Creator\4.0\PSoC Creator\psoc\content\cycomponentlibrary\CyComponentLibrary.cylib\CortexM3\ARM_GCC_493\Debug\CyComponentLibrary.a
END GROUP
START GROUP
LOAD c:/program files (x86)/cypress/psoc creator/4.0/psoc creator/import/gnu/arm/4.9.3/bin/../lib/gcc/arm-none-eabi/4.9.3/armv7-m\libgcc.a
LOAD c:/program files (x86)/cypress/psoc creator/4.0/psoc creator/import/gnu/arm/4.9.3/bin/../lib/gcc/arm-none-eabi/4.9.3/../../../../arm-none-eabi/lib/armv7-m\libg_nano.a
LOAD c:/program files (x86)/cypress/psoc creator/4.0/psoc creator/import/gnu/arm/4.9.3/bin/../lib/gcc/arm-none-eabi/4.9.3/../../../../arm-none-eabi/lib/armv7-m\libc_nano.a
END GROUP
START GROUP
LOAD c:/program files (x86)/cypress/psoc creator/4.0/psoc creator/import/gnu/arm/4.9.3/bin/../lib/gcc/arm-none-eabi/4.9.3/armv7-m\libgcc.a
LOAD c:/program files (x86)/cypress/psoc creator/4.0/psoc creator/import/gnu/arm/4.9.3/bin/../lib/gcc/arm-none-eabi/4.9.3/../../../../arm-none-eabi/lib/armv7-m\libc_nano.a
END GROUP
LOAD c:/program files (x86)/cypress/psoc creator/4.0/psoc creator/import/gnu/arm/4.9.3/bin/../lib/gcc/arm-none-eabi/4.9.3/armv7-m/crtend.o
LOAD c:/program files (x86)/cypress/psoc creator/4.0/psoc creator/import/gnu/arm/4.9.3/bin/../lib/gcc/arm-none-eabi/4.9.3/armv7-m/crtn.o
START GROUP
LOAD c:/program files (x86)/cypress/psoc creator/4.0/psoc creator/import/gnu/arm/4.9.3/bin/../lib/gcc/arm-none-eabi/4.9.3/armv7-m\libgcc.a
LOAD c:/program files (x86)/cypress/psoc creator/4.0/psoc creator/import/gnu/arm/4.9.3/bin/../lib/gcc/arm-none-eabi/4.9.3/../../../../arm-none-eabi/lib/armv7-m\libc.a
LOAD c:/program files (x86)/cypress/psoc creator/4.0/psoc creator/import/gnu/arm/4.9.3/bin/../lib/gcc/arm-none-eabi/4.9.3/../../../../arm-none-eabi/lib/armv7-m\libnosys.a
END GROUP
                0x00000000                CY_APPL_ORIGIN = 0x0
                0x00000100                CY_FLASH_ROW_SIZE = 0x100
                0x00000020                CY_ECC_ROW_SIZE = 0x20
                0x00000000                CY_EE_IN_BTLDR = 0x0
                0x00000000                CY_APPL_LOADABLE = 0x0
                0x00000800                CY_EE_SIZE = 0x800
                0x00000001                CY_APPL_NUM = 0x1
                0x00000001                CY_APPL_MAX = 0x1
                0x00000040                CY_METADATA_SIZE = 0x40
                0x00000000                CY_APPL_LOADABLE = 0x0
                0x00000000                CY_CHECKSUM_EXCLUDE_SIZE = ALIGN (0x0, CY_FLASH_ROW_SIZE)
                0x1fff82d0                PROVIDE (__cy_heap_start, _end)
                0x00000001                PROVIDE (__cy_region_num, ((__cy_regions_end - __cy_regions) / 0x10))
                0x20008000                PROVIDE (__cy_stack, (ORIGIN (ram) + 0x10000))
                0x20007800                PROVIDE (__cy_heap_end, (__cy_stack - 0x800))

.cybootloader   0x00000000        0x0
 *(.cybootloader)
                0x00000000                appl1_start = CY_APPL_ORIGIN?CY_APPL_ORIGIN:ALIGN (CY_FLASH_ROW_SIZE)
                0x0001ff00                appl2_start = (appl1_start + ALIGN ((((0x40000 - appl1_start) - (0x2 * CY_FLASH_ROW_SIZE)) / 0x2), CY_FLASH_ROW_SIZE))
                0x00000000                appl_start = (CY_APPL_NUM == 0x1)?appl1_start:appl2_start
                0x00000000                ecc_offset = ((appl_start / CY_FLASH_ROW_SIZE) * CY_ECC_ROW_SIZE)
                0x00000000                ee_offset = (CY_APPL_LOADABLE && ! (CY_EE_IN_BTLDR))?((CY_EE_SIZE / CY_APPL_MAX) * (CY_APPL_NUM - 0x1)):0x0
                0x00000800                ee_size = (CY_APPL_LOADABLE && ! (CY_EE_IN_BTLDR))?(CY_EE_SIZE / CY_APPL_MAX):CY_EE_SIZE
                0x00000000                PROVIDE (CY_ECC_OFFSET, ecc_offset)

.text           0x00000000     0x2b64
 CREATE_OBJECT_SYMBOLS
                0x00000000                PROVIDE (__cy_interrupt_vector, RomVectors)
 *(.romvectors)
 .romvectors    0x00000000       0x10 .\CortexM3\ARM_GCC_493\Debug\Cm3Start.o
                0x00000000                RomVectors
                0x00000001                ASSERT ((. != __cy_interrupt_vector), No interrupt vector)
                0x00000001                ASSERT (CY_APPL_ORIGIN?(SIZEOF (.cybootloader) <= CY_APPL_ORIGIN):0x1, Wrong image location)
                0x00000010                PROVIDE (__cy_reset, Reset)
 *(.text.Reset)
 .text.Reset    0x00000010       0x18 .\CortexM3\ARM_GCC_493\Debug\Cm3Start.o
                0x00000010                Reset
                0x00000001                ASSERT ((. != __cy_reset), No reset code)
 *(.dma_init)
                0x00000001                ASSERT ((((appl_start + .) <= 0x10000) || 0x1), DMA Init must be within the first 64k of flash)
 *(.text .text.* .gnu.linkonce.t.*)
 .text          0x00000028       0x5c c:/program files (x86)/cypress/psoc creator/4.0/psoc creator/import/gnu/arm/4.9.3/bin/../lib/gcc/arm-none-eabi/4.9.3/armv7-m/crtbegin.o
 .text.main     0x00000084       0xe0 .\CortexM3\ARM_GCC_493\Debug\main.o
                0x00000084                main
 .text.SerialCheckConf
                0x00000164       0x14 .\CortexM3\ARM_GCC_493\Debug\serial.o
                0x00000164                SerialCheckConf
 .text.SerialPrint
                0x00000178       0x14 .\CortexM3\ARM_GCC_493\Debug\serial.o
                0x00000178                SerialPrint
 .text.IntDefaultHandler
                0x0000018c        0x4 .\CortexM3\ARM_GCC_493\Debug\Cm3Start.o
                0x0000018c                IntDefaultHandler
 .text._sbrk    0x00000190       0x30 .\CortexM3\ARM_GCC_493\Debug\Cm3Start.o
                0x00000190                _sbrk
 .text.Start_c  0x000001c0       0x4c .\CortexM3\ARM_GCC_493\Debug\Cm3Start.o
                0x000001c0                Start_c
 .text.initialize_psoc
                0x0000020c       0x74 .\CortexM3\ARM_GCC_493\Debug\Cm3Start.o
                0x0000020c                initialize_psoc
 .text.CyClockStartupError
                0x00000280        0x4 .\CortexM3\ARM_GCC_493\Debug\PSOC_USBUART.a(cyfitter_cfg.o)
 .text.cfg_write_bytes32
                0x00000284       0x34 .\CortexM3\ARM_GCC_493\Debug\PSOC_USBUART.a(cyfitter_cfg.o)
 .text.AnalogSetDefault
                0x000002b8       0x5c .\CortexM3\ARM_GCC_493\Debug\PSOC_USBUART.a(cyfitter_cfg.o)
 .text.CYMEMZERO
                0x00000314        0xc .\CortexM3\ARM_GCC_493\Debug\PSOC_USBUART.a(cyfitter_cfg.o)
 .text.CYCONFIGCPY
                0x00000320        0x8 .\CortexM3\ARM_GCC_493\Debug\PSOC_USBUART.a(cyfitter_cfg.o)
 .text.ClockSetup
                0x00000328       0xe8 .\CortexM3\ARM_GCC_493\Debug\PSOC_USBUART.a(cyfitter_cfg.o)
 .text.cyfitter_cfg
                0x00000410       0xf0 .\CortexM3\ARM_GCC_493\Debug\PSOC_USBUART.a(cyfitter_cfg.o)
                0x00000410                cyfitter_cfg
 .text.ADC_DelSig_GainCompensation
                0x00000500       0xcc .\CortexM3\ARM_GCC_493\Debug\PSOC_USBUART.a(ADC_DelSig.o)
 .text.ADC_DelSig_SetDSMRef0Reg
                0x000005cc       0x4c .\CortexM3\ARM_GCC_493\Debug\PSOC_USBUART.a(ADC_DelSig.o)
 .text.ADC_DelSig_InitConfig
                0x00000618       0xe4 .\CortexM3\ARM_GCC_493\Debug\PSOC_USBUART.a(ADC_DelSig.o)
 .text.ADC_DelSig_Init
                0x000006fc       0xc4 .\CortexM3\ARM_GCC_493\Debug\PSOC_USBUART.a(ADC_DelSig.o)
                0x000006fc                ADC_DelSig_Init
 .text.ADC_DelSig_Enable
                0x000007c0       0xd8 .\CortexM3\ARM_GCC_493\Debug\PSOC_USBUART.a(ADC_DelSig.o)
                0x000007c0                ADC_DelSig_Enable
 .text.ADC_DelSig_Start
                0x00000898       0x28 .\CortexM3\ARM_GCC_493\Debug\PSOC_USBUART.a(ADC_DelSig.o)
                0x00000898                ADC_DelSig_Start
 .text.ADC_DelSig_StartConvert
                0x000008c0       0x10 .\CortexM3\ARM_GCC_493\Debug\PSOC_USBUART.a(ADC_DelSig.o)
                0x000008c0                ADC_DelSig_StartConvert
 .text.ADC_DelSig_GetResult32
                0x000008d0       0x6c .\CortexM3\ARM_GCC_493\Debug\PSOC_USBUART.a(ADC_DelSig.o)
                0x000008d0                ADC_DelSig_GetResult32
 .text.ADC_DelSig_CountsTo_uVolts
                0x0000093c       0x84 .\CortexM3\ARM_GCC_493\Debug\PSOC_USBUART.a(ADC_DelSig.o)
                0x0000093c                ADC_DelSig_CountsTo_uVolts
 .text.ADC_DelSig_ISR1
                0x000009c0       0x14 .\CortexM3\ARM_GCC_493\Debug\PSOC_USBUART.a(ADC_DelSig_INT.o)
                0x000009c0                ADC_DelSig_ISR1
 .text.USBUART_Init
                0x000009d4      0x140 .\CortexM3\ARM_GCC_493\Debug\PSOC_USBUART.a(USBUART.o)
                0x000009d4                USBUART_Init
 .text.USBUART_InitComponent
                0x00000b14       0xb8 .\CortexM3\ARM_GCC_493\Debug\PSOC_USBUART.a(USBUART.o)
                0x00000b14                USBUART_InitComponent
 .text.USBUART_Start
                0x00000bcc       0x24 .\CortexM3\ARM_GCC_493\Debug\PSOC_USBUART.a(USBUART.o)
                0x00000bcc                USBUART_Start
 .text.USBUART_ReInitComponent
                0x00000bf0       0x4c .\CortexM3\ARM_GCC_493\Debug\PSOC_USBUART.a(USBUART.o)
                0x00000bf0                USBUART_ReInitComponent
 .text.USBUART_GetConfiguration
                0x00000c3c        0xc .\CortexM3\ARM_GCC_493\Debug\PSOC_USBUART.a(USBUART.o)
                0x00000c3c                USBUART_GetConfiguration
 .text.USBUART_IsConfigurationChanged
                0x00000c48       0x20 .\CortexM3\ARM_GCC_493\Debug\PSOC_USBUART.a(USBUART.o)
                0x00000c48                USBUART_IsConfigurationChanged
 .text.USBUART_GetEPState
                0x00000c68       0x14 .\CortexM3\ARM_GCC_493\Debug\PSOC_USBUART.a(USBUART.o)
                0x00000c68                USBUART_GetEPState
 .text.USBUART_LoadInEP
                0x00000c7c       0x94 .\CortexM3\ARM_GCC_493\Debug\PSOC_USBUART.a(USBUART.o)
                0x00000c7c                USBUART_LoadInEP
 .text.USBUART_EnableOutEP
                0x00000d10       0x2c .\CortexM3\ARM_GCC_493\Debug\PSOC_USBUART.a(USBUART.o)
                0x00000d10                USBUART_EnableOutEP
 .text.USBUART_StrLen
                0x00000d3c       0x14 .\CortexM3\ARM_GCC_493\Debug\PSOC_USBUART.a(USBUART_cdc.o)
 .text.USBUART_GetInterfaceComPort
                0x00000d50       0x3c .\CortexM3\ARM_GCC_493\Debug\PSOC_USBUART.a(USBUART_cdc.o)
                0x00000d50                USBUART_GetInterfaceComPort
 .text.USBUART_DispatchCDCClassRqst
                0x00000d8c       0x98 .\CortexM3\ARM_GCC_493\Debug\PSOC_USBUART.a(USBUART_cdc.o)
                0x00000d8c                USBUART_DispatchCDCClassRqst
 .text.USBUART_CDC_Init
                0x00000e24       0x98 .\CortexM3\ARM_GCC_493\Debug\PSOC_USBUART.a(USBUART_cdc.o)
                0x00000e24                USBUART_CDC_Init
 .text.USBUART_PutString
                0x00000ebc       0x9c .\CortexM3\ARM_GCC_493\Debug\PSOC_USBUART.a(USBUART_cdc.o)
                0x00000ebc                USBUART_PutString
 .text.USBUART_CDCIsReady
                0x00000f58       0x18 .\CortexM3\ARM_GCC_493\Debug\PSOC_USBUART.a(USBUART_cdc.o)
                0x00000f58                USBUART_CDCIsReady
 .text.USBUART_Cdc_EpInit
                0x00000f70       0x50 .\CortexM3\ARM_GCC_493\Debug\PSOC_USBUART.a(USBUART_cdc.o)
                0x00000f70                USBUART_Cdc_EpInit
 .text.USBUART_LoadEP0
                0x00000fc0       0x94 .\CortexM3\ARM_GCC_493\Debug\PSOC_USBUART.a(USBUART_drv.o)
                0x00000fc0                USBUART_LoadEP0
 .text.USBUART_InitZeroLengthControlTransfer
                0x00001054       0x34 .\CortexM3\ARM_GCC_493\Debug\PSOC_USBUART.a(USBUART_drv.o)
                0x00001054                USBUART_InitZeroLengthControlTransfer
 .text.USBUART_ControlReadDataStage
                0x00001088        0x8 .\CortexM3\ARM_GCC_493\Debug\PSOC_USBUART.a(USBUART_drv.o)
                0x00001088                USBUART_ControlReadDataStage
 .text.USBUART_ControlWriteDataStage
                0x00001090       0x80 .\CortexM3\ARM_GCC_493\Debug\PSOC_USBUART.a(USBUART_drv.o)
                0x00001090                USBUART_ControlWriteDataStage
 .text.USBUART_InitNoDataControlTransfer
                0x00001110       0x2c .\CortexM3\ARM_GCC_493\Debug\PSOC_USBUART.a(USBUART_drv.o)
                0x00001110                USBUART_InitNoDataControlTransfer
 .text.USBUART_UpdateStatusBlock
                0x0000113c       0x24 .\CortexM3\ARM_GCC_493\Debug\PSOC_USBUART.a(USBUART_drv.o)
                0x0000113c                USBUART_UpdateStatusBlock
 .text.USBUART_HandleSetup
                0x00001160       0x5c .\CortexM3\ARM_GCC_493\Debug\PSOC_USBUART.a(USBUART_drv.o)
                0x00001160                USBUART_HandleSetup
 .text.USBUART_ControlReadStatusStage
                0x000011bc       0x34 .\CortexM3\ARM_GCC_493\Debug\PSOC_USBUART.a(USBUART_drv.o)
                0x000011bc                USBUART_ControlReadStatusStage
 .text.USBUART_HandleOUT
                0x000011f0       0x38 .\CortexM3\ARM_GCC_493\Debug\PSOC_USBUART.a(USBUART_drv.o)
                0x000011f0                USBUART_HandleOUT
 .text.USBUART_ControlWriteStatusStage
                0x00001228       0x20 .\CortexM3\ARM_GCC_493\Debug\PSOC_USBUART.a(USBUART_drv.o)
                0x00001228                USBUART_ControlWriteStatusStage
 .text.USBUART_NoDataControlStatusStage
                0x00001248       0x40 .\CortexM3\ARM_GCC_493\Debug\PSOC_USBUART.a(USBUART_drv.o)
                0x00001248                USBUART_NoDataControlStatusStage
 .text.USBUART_HandleIN
                0x00001288       0x2c .\CortexM3\ARM_GCC_493\Debug\PSOC_USBUART.a(USBUART_drv.o)
                0x00001288                USBUART_HandleIN
 .text.USBUART_EP_0_ISR
                0x000012b4       0xb8 .\CortexM3\ARM_GCC_493\Debug\PSOC_USBUART.a(USBUART_drv.o)
                0x000012b4                USBUART_EP_0_ISR
 .text.USBUART_InitializeStatusBlock
                0x0000136c       0x24 .\CortexM3\ARM_GCC_493\Debug\PSOC_USBUART.a(USBUART_drv.o)
                0x0000136c                USBUART_InitializeStatusBlock
 .text.USBUART_InitControlRead
                0x00001390       0x50 .\CortexM3\ARM_GCC_493\Debug\PSOC_USBUART.a(USBUART_drv.o)
                0x00001390                USBUART_InitControlRead
 .text.USBUART_InitControlWrite
                0x000013e0       0x48 .\CortexM3\ARM_GCC_493\Debug\PSOC_USBUART.a(USBUART_drv.o)
                0x000013e0                USBUART_InitControlWrite
 .text.USBUART_EP_1_ISR
                0x00001428       0x38 .\CortexM3\ARM_GCC_493\Debug\PSOC_USBUART.a(USBUART_episr.o)
                0x00001428                USBUART_EP_1_ISR
 .text.USBUART_EP_2_ISR
                0x00001460       0x3c .\CortexM3\ARM_GCC_493\Debug\PSOC_USBUART.a(USBUART_episr.o)
                0x00001460                USBUART_EP_2_ISR
 .text.USBUART_EP_3_ISR
                0x0000149c       0x44 .\CortexM3\ARM_GCC_493\Debug\PSOC_USBUART.a(USBUART_episr.o)
                0x0000149c                USBUART_EP_3_ISR
 .text.USBUART_SOF_ISR
                0x000014e0        0x4 .\CortexM3\ARM_GCC_493\Debug\PSOC_USBUART.a(USBUART_episr.o)
                0x000014e0                USBUART_SOF_ISR
 .text.USBUART_BUS_RESET_ISR
                0x000014e4        0x8 .\CortexM3\ARM_GCC_493\Debug\PSOC_USBUART.a(USBUART_episr.o)
                0x000014e4                USBUART_BUS_RESET_ISR
 .text.USBUART_DP_ISR
                0x000014ec        0x8 .\CortexM3\ARM_GCC_493\Debug\PSOC_USBUART.a(USBUART_pm.o)
                0x000014ec                USBUART_DP_ISR
 .text.USBUART_ReadDieID
                0x000014f4       0x6c .\CortexM3\ARM_GCC_493\Debug\PSOC_USBUART.a(USBUART_std.o)
                0x000014f4                USBUART_ReadDieID
 .text.USBUART_ConfigReg
                0x00001560       0xa4 .\CortexM3\ARM_GCC_493\Debug\PSOC_USBUART.a(USBUART_std.o)
                0x00001560                USBUART_ConfigReg
 .text.USBUART_GetConfigTablePtr
                0x00001604       0x28 .\CortexM3\ARM_GCC_493\Debug\PSOC_USBUART.a(USBUART_std.o)
                0x00001604                USBUART_GetConfigTablePtr
 .text.USBUART_ConfigAltChanged
                0x0000162c      0x11c .\CortexM3\ARM_GCC_493\Debug\PSOC_USBUART.a(USBUART_std.o)
                0x0000162c                USBUART_ConfigAltChanged
 .text.USBUART_GetDeviceTablePtr
                0x00001748       0x18 .\CortexM3\ARM_GCC_493\Debug\PSOC_USBUART.a(USBUART_std.o)
                0x00001748                USBUART_GetDeviceTablePtr
 .text.USBUART_GetInterfaceClassTablePtr
                0x00001760       0x24 .\CortexM3\ARM_GCC_493\Debug\PSOC_USBUART.a(USBUART_std.o)
                0x00001760                USBUART_GetInterfaceClassTablePtr
 .text.USBUART_Config
                0x00001784      0x1e4 .\CortexM3\ARM_GCC_493\Debug\PSOC_USBUART.a(USBUART_std.o)
                0x00001784                USBUART_Config
 .text.USBUART_SetEndpointHalt
                0x00001968       0x64 .\CortexM3\ARM_GCC_493\Debug\PSOC_USBUART.a(USBUART_std.o)
                0x00001968                USBUART_SetEndpointHalt
 .text.USBUART_ClearEndpointHalt
                0x000019cc       0xa8 .\CortexM3\ARM_GCC_493\Debug\PSOC_USBUART.a(USBUART_std.o)
                0x000019cc                USBUART_ClearEndpointHalt
 .text.USBUART_ValidateAlternateSetting
                0x00001a74       0x4c .\CortexM3\ARM_GCC_493\Debug\PSOC_USBUART.a(USBUART_std.o)
                0x00001a74                USBUART_ValidateAlternateSetting
 .text.USBUART_HandleStandardRqst
                0x00001ac0      0x350 .\CortexM3\ARM_GCC_493\Debug\PSOC_USBUART.a(USBUART_std.o)
                0x00001ac0                USBUART_HandleStandardRqst
 .text.USBUART_HandleVendorRqst
                0x00001e10       0x18 .\CortexM3\ARM_GCC_493\Debug\PSOC_USBUART.a(USBUART_vnd.o)
                0x00001e10                USBUART_HandleVendorRqst
 .text.ADC_DelSig_Ext_CP_Clk_GetDividerRegister
                0x00001e28        0xc .\CortexM3\ARM_GCC_493\Debug\PSOC_USBUART.a(ADC_DelSig_Ext_CP_Clk.o)
                0x00001e28                ADC_DelSig_Ext_CP_Clk_GetDividerRegister
 .text.ADC_DelSig_Ext_CP_Clk_SetModeRegister
                0x00001e34       0x14 .\CortexM3\ARM_GCC_493\Debug\PSOC_USBUART.a(ADC_DelSig_Ext_CP_Clk.o)
                0x00001e34                ADC_DelSig_Ext_CP_Clk_SetModeRegister
 .text.ADC_DelSig_Ext_CP_Clk_GetSourceRegister
                0x00001e48       0x10 .\CortexM3\ARM_GCC_493\Debug\PSOC_USBUART.a(ADC_DelSig_Ext_CP_Clk.o)
                0x00001e48                ADC_DelSig_Ext_CP_Clk_GetSourceRegister
 .text.ADC_DelSig_Ext_CP_Clk_SetDividerRegister
                0x00001e58       0xd8 .\CortexM3\ARM_GCC_493\Debug\PSOC_USBUART.a(ADC_DelSig_Ext_CP_Clk.o)
                0x00001e58                ADC_DelSig_Ext_CP_Clk_SetDividerRegister
 .text.ADC_DelSig_theACLK_GetDividerRegister
                0x00001f30        0xc .\CortexM3\ARM_GCC_493\Debug\PSOC_USBUART.a(ADC_DelSig_theACLK.o)
                0x00001f30                ADC_DelSig_theACLK_GetDividerRegister
 .text.ADC_DelSig_theACLK_SetModeRegister
                0x00001f3c       0x14 .\CortexM3\ARM_GCC_493\Debug\PSOC_USBUART.a(ADC_DelSig_theACLK.o)
                0x00001f3c                ADC_DelSig_theACLK_SetModeRegister
 .text.ADC_DelSig_theACLK_GetSourceRegister
                0x00001f50       0x10 .\CortexM3\ARM_GCC_493\Debug\PSOC_USBUART.a(ADC_DelSig_theACLK.o)
                0x00001f50                ADC_DelSig_theACLK_GetSourceRegister
 .text.ADC_DelSig_theACLK_SetDividerRegister
                0x00001f60       0xd8 .\CortexM3\ARM_GCC_493\Debug\PSOC_USBUART.a(ADC_DelSig_theACLK.o)
                0x00001f60                ADC_DelSig_theACLK_SetDividerRegister
 .text.USBUART_Dp_ClearInterrupt
                0x00002038       0x10 .\CortexM3\ARM_GCC_493\Debug\PSOC_USBUART.a(USBUART_Dp.o)
                0x00002038                USBUART_Dp_ClearInterrupt
 .text.CyHalt   0x00002048        0x4 .\CortexM3\ARM_GCC_493\Debug\PSOC_USBUART.a(CyLib.o)
                0x00002048                CyHalt
 .text.CyDelayUs
                0x0000204c       0x14 .\CortexM3\ARM_GCC_493\Debug\PSOC_USBUART.a(CyLib.o)
                0x0000204c                CyDelayUs
 .text.CyIntSetVector
                0x00002060       0x28 .\CortexM3\ARM_GCC_493\Debug\PSOC_USBUART.a(CyLib.o)
                0x00002060                CyIntSetVector
 .text.CyIntSetPriority
                0x00002088       0x30 .\CortexM3\ARM_GCC_493\Debug\PSOC_USBUART.a(CyLib.o)
                0x00002088                CyIntSetPriority
 .text.CyGetUniqueId
                0x000020b8       0x70 .\CortexM3\ARM_GCC_493\Debug\PSOC_USBUART.a(CyLib.o)
                0x000020b8                CyGetUniqueId
 .text.OPAMP_Enable
                0x00002128       0x28 .\CortexM3\ARM_GCC_493\Debug\PSOC_USBUART.a(OPAMP.o)
                0x00002128                OPAMP_Enable
 .text.OPAMP_SetPower
                0x00002150       0x1c .\CortexM3\ARM_GCC_493\Debug\PSOC_USBUART.a(OPAMP.o)
                0x00002150                OPAMP_SetPower
 .text.OPAMP_Init
                0x0000216c        0xc .\CortexM3\ARM_GCC_493\Debug\PSOC_USBUART.a(OPAMP.o)
                0x0000216c                OPAMP_Init
 .text.OPAMP_Start
                0x00002178       0x1c .\CortexM3\ARM_GCC_493\Debug\PSOC_USBUART.a(OPAMP.o)
                0x00002178                OPAMP_Start
 .text.IDAC8_Enable
                0x00002194       0x1c .\CortexM3\ARM_GCC_493\Debug\PSOC_USBUART.a(IDAC8.o)
                0x00002194                IDAC8_Enable
 .text.IDAC8_SetSpeed
                0x000021b0       0x1c .\CortexM3\ARM_GCC_493\Debug\PSOC_USBUART.a(IDAC8.o)
                0x000021b0                IDAC8_SetSpeed
 .text.IDAC8_SetValue
                0x000021cc        0xc .\CortexM3\ARM_GCC_493\Debug\PSOC_USBUART.a(IDAC8.o)
                0x000021cc                IDAC8_SetValue
 .text.IDAC8_DacTrim
                0x000021d8       0x34 .\CortexM3\ARM_GCC_493\Debug\PSOC_USBUART.a(IDAC8.o)
                0x000021d8                IDAC8_DacTrim
 .text.IDAC8_Init
                0x0000220c       0x24 .\CortexM3\ARM_GCC_493\Debug\PSOC_USBUART.a(IDAC8.o)
                0x0000220c                IDAC8_Init
 .text.IDAC8_Start
                0x00002230       0x24 .\CortexM3\ARM_GCC_493\Debug\PSOC_USBUART.a(IDAC8.o)
                0x00002230                IDAC8_Start
 *fill*         0x00002254        0x4 
 .text          0x00002258       0x20 .\CortexM3\ARM_GCC_493\Debug\PSOC_USBUART.a(CyBootAsmGnu.o)
                0x00002258                CyDelayCycles
                0x00002268                CyEnterCriticalSection
                0x00002270                CyExitCriticalSection
 .text.USBUART_DispatchClassRqst
                0x00002278       0x58 .\CortexM3\ARM_GCC_493\Debug\PSOC_USBUART.a(USBUART_cls.o)
                0x00002278                USBUART_DispatchClassRqst
 .text.__errno  0x000022d0        0xc c:/program files (x86)/cypress/psoc creator/4.0/psoc creator/import/gnu/arm/4.9.3/bin/../lib/gcc/arm-none-eabi/4.9.3/../../../../arm-none-eabi/lib/armv7-m\libg_nano.a(lib_a-errno.o)
                0x000022d0                __errno
 .text.__libc_init_array
                0x000022dc       0x4c c:/program files (x86)/cypress/psoc creator/4.0/psoc creator/import/gnu/arm/4.9.3/bin/../lib/gcc/arm-none-eabi/4.9.3/../../../../arm-none-eabi/lib/armv7-m\libg_nano.a(lib_a-init.o)
                0x000022dc                __libc_init_array
 .text.memcpy   0x00002328       0x16 c:/program files (x86)/cypress/psoc creator/4.0/psoc creator/import/gnu/arm/4.9.3/bin/../lib/gcc/arm-none-eabi/4.9.3/../../../../arm-none-eabi/lib/armv7-m\libg_nano.a(lib_a-memcpy.o)
                0x00002328                memcpy
 .text.memset   0x0000233e       0x10 c:/program files (x86)/cypress/psoc creator/4.0/psoc creator/import/gnu/arm/4.9.3/bin/../lib/gcc/arm-none-eabi/4.9.3/../../../../arm-none-eabi/lib/armv7-m\libg_nano.a(lib_a-memset.o)
                0x0000233e                memset
 *fill*         0x0000234e        0x2 
 .text.sprintf  0x00002350       0x48 c:/program files (x86)/cypress/psoc creator/4.0/psoc creator/import/gnu/arm/4.9.3/bin/../lib/gcc/arm-none-eabi/4.9.3/../../../../arm-none-eabi/lib/armv7-m\libg_nano.a(lib_a-sprintf.o)
                0x00002350                siprintf
                0x00002350                sprintf
 .text.__ssputs_r
                0x00002398       0xb2 c:/program files (x86)/cypress/psoc creator/4.0/psoc creator/import/gnu/arm/4.9.3/bin/../lib/gcc/arm-none-eabi/4.9.3/../../../../arm-none-eabi/lib/armv7-m\libg_nano.a(lib_a-nano-svfprintf.o)
                0x00002398                __ssputs_r
 *fill*         0x0000244a        0x2 
 .text._svfprintf_r
                0x0000244c      0x1e4 c:/program files (x86)/cypress/psoc creator/4.0/psoc creator/import/gnu/arm/4.9.3/bin/../lib/gcc/arm-none-eabi/4.9.3/../../../../arm-none-eabi/lib/armv7-m\libg_nano.a(lib_a-nano-svfprintf.o)
                0x0000244c                _svfiprintf_r
                0x0000244c                _svfprintf_r
 .text._printf_common
                0x00002630       0xea c:/program files (x86)/cypress/psoc creator/4.0/psoc creator/import/gnu/arm/4.9.3/bin/../lib/gcc/arm-none-eabi/4.9.3/../../../../arm-none-eabi/lib/armv7-m\libg_nano.a(lib_a-nano-vfprintf_i.o)
                0x00002630                _printf_common
 *fill*         0x0000271a        0x2 
 .text._printf_i
                0x0000271c      0x240 c:/program files (x86)/cypress/psoc creator/4.0/psoc creator/import/gnu/arm/4.9.3/bin/../lib/gcc/arm-none-eabi/4.9.3/../../../../arm-none-eabi/lib/armv7-m\libg_nano.a(lib_a-nano-vfprintf_i.o)
                0x0000271c                _printf_i
 .text.memchr   0x0000295c       0x1c c:/program files (x86)/cypress/psoc creator/4.0/psoc creator/import/gnu/arm/4.9.3/bin/../lib/gcc/arm-none-eabi/4.9.3/../../../../arm-none-eabi/lib/armv7-m\libg_nano.a(lib_a-memchr.o)
                0x0000295c                memchr
 .text.memmove  0x00002978       0x36 c:/program files (x86)/cypress/psoc creator/4.0/psoc creator/import/gnu/arm/4.9.3/bin/../lib/gcc/arm-none-eabi/4.9.3/../../../../arm-none-eabi/lib/armv7-m\libg_nano.a(lib_a-memmove.o)
                0x00002978                memmove
 *fill*         0x000029ae        0x2 
 .text._free_r  0x000029b0       0x88 c:/program files (x86)/cypress/psoc creator/4.0/psoc creator/import/gnu/arm/4.9.3/bin/../lib/gcc/arm-none-eabi/4.9.3/../../../../arm-none-eabi/lib/armv7-m\libg_nano.a(lib_a-nano-freer.o)
                0x000029b0                _free_r
 .text._malloc_r
                0x00002a38       0xac c:/program files (x86)/cypress/psoc creator/4.0/psoc creator/import/gnu/arm/4.9.3/bin/../lib/gcc/arm-none-eabi/4.9.3/../../../../arm-none-eabi/lib/armv7-m\libg_nano.a(lib_a-nano-mallocr.o)
                0x00002a38                _malloc_r
 .text._realloc_r
                0x00002ae4       0x4c c:/program files (x86)/cypress/psoc creator/4.0/psoc creator/import/gnu/arm/4.9.3/bin/../lib/gcc/arm-none-eabi/4.9.3/../../../../arm-none-eabi/lib/armv7-m\libg_nano.a(lib_a-nano-reallocr.o)
                0x00002ae4                _realloc_r
 .text._sbrk_r  0x00002b30       0x20 c:/program files (x86)/cypress/psoc creator/4.0/psoc creator/import/gnu/arm/4.9.3/bin/../lib/gcc/arm-none-eabi/4.9.3/../../../../arm-none-eabi/lib/armv7-m\libg_nano.a(lib_a-sbrkr.o)
                0x00002b30                _sbrk_r
 .text._malloc_usable_size_r
                0x00002b50       0x14 c:/program files (x86)/cypress/psoc creator/4.0/psoc creator/import/gnu/arm/4.9.3/bin/../lib/gcc/arm-none-eabi/4.9.3/../../../../arm-none-eabi/lib/armv7-m\libg_nano.a(lib_a-nano-msizer.o)
                0x00002b50                _malloc_usable_size_r
 *(.plt)
 *(.gnu.warning)
 *(.glue_7t)
 .glue_7t       0x00000000        0x0 linker stubs
 *(.glue_7)
 .glue_7        0x00000000        0x0 linker stubs
 *(.vfp11_veneer)
 .vfp11_veneer  0x00000000        0x0 linker stubs
 *(.bootloader)
 *(.ARM.extab* .gnu.linkonce.armextab.*)
 *(.gcc_except_table)

.v4_bx          0x00002b64        0x0
 .v4_bx         0x00000000        0x0 linker stubs

.iplt           0x00002b64        0x0
 .iplt          0x00000000        0x0 c:/program files (x86)/cypress/psoc creator/4.0/psoc creator/import/gnu/arm/4.9.3/bin/../lib/gcc/arm-none-eabi/4.9.3/armv7-m/crtbegin.o

.eh_frame_hdr
 *(.eh_frame_hdr)

.eh_frame       0x00002b64        0x4
 *(.eh_frame)
 .eh_frame      0x00002b64        0x0 c:/program files (x86)/cypress/psoc creator/4.0/psoc creator/import/gnu/arm/4.9.3/bin/../lib/gcc/arm-none-eabi/4.9.3/armv7-m/crtbegin.o
 .eh_frame      0x00002b64        0x4 c:/program files (x86)/cypress/psoc creator/4.0/psoc creator/import/gnu/arm/4.9.3/bin/../lib/gcc/arm-none-eabi/4.9.3/armv7-m/crtend.o
                0x00002b68                PROVIDE (__exidx_start, .)

.ARM.exidx
 *(.ARM.exidx* .gnu.linkonce.armexidx.*)
                0x00002b68                __exidx_end = .

.rodata         0x00002b68      0x238
 *(.rodata .rodata.* .gnu.linkonce.r.*)
 .rodata.str1.4
                0x00002b68       0x28 .\CortexM3\ARM_GCC_493\Debug\main.o
 .rodata        0x00002b90       0x2c .\CortexM3\ARM_GCC_493\Debug\PSOC_USBUART.a(cyfitter_cfg.o)
 .rodata.str1.4
                0x00002bbc       0x14 .\CortexM3\ARM_GCC_493\Debug\PSOC_USBUART.a(USBUART_std.o)
 .rodata        0x00002bd0      0x160 .\CortexM3\ARM_GCC_493\Debug\PSOC_USBUART.a(USBUART_descr.o)
                0x00002bd0                USBUART_TABLE
                0x00002bd8                USBUART_DEVICE0_TABLE
                0x00002bf0                USBUART_DEVICE0_CONFIGURATION0_TABLE
                0x00002c18                USBUART_DEVICE0_CONFIGURATION0_INTERFACE_CLASS
                0x00002c1c                USBUART_DEVICE0_CONFIGURATION0_EP_SETTINGS_TABLE
                0x00002c34                USBUART_SN_STRING_DESCRIPTOR
                0x00002c38                USBUART_STRING_DESCRIPTORS
                0x00002cd8                USBUART_DEVICE0_CONFIGURATION0_DESCR
                0x00002d1c                USBUART_DEVICE0_DESCR
 .rodata.str1.1
                0x00002d30        0x2 c:/program files (x86)/cypress/psoc creator/4.0/psoc creator/import/gnu/arm/4.9.3/bin/../lib/gcc/arm-none-eabi/4.9.3/../../../../arm-none-eabi/lib/armv7-m\libg_nano.a(lib_a-impure.o)
 .rodata.str1.1
                0x00002d32       0x11 c:/program files (x86)/cypress/psoc creator/4.0/psoc creator/import/gnu/arm/4.9.3/bin/../lib/gcc/arm-none-eabi/4.9.3/../../../../arm-none-eabi/lib/armv7-m\libg_nano.a(lib_a-nano-svfprintf.o)
 .rodata.str1.1
                0x00002d43       0x22 c:/program files (x86)/cypress/psoc creator/4.0/psoc creator/import/gnu/arm/4.9.3/bin/../lib/gcc/arm-none-eabi/4.9.3/../../../../arm-none-eabi/lib/armv7-m\libg_nano.a(lib_a-nano-vfprintf_i.o)
                0x00002d68                . = ALIGN (0x4)
 *fill*         0x00002d65        0x3 
 *(.init)
 .init          0x00002d68        0x4 c:/program files (x86)/cypress/psoc creator/4.0/psoc creator/import/gnu/arm/4.9.3/bin/../lib/gcc/arm-none-eabi/4.9.3/armv7-m/crti.o
                0x00002d68                _init
 .init          0x00002d6c        0x8 c:/program files (x86)/cypress/psoc creator/4.0/psoc creator/import/gnu/arm/4.9.3/bin/../lib/gcc/arm-none-eabi/4.9.3/armv7-m/crtn.o
                0x00002d74                . = ALIGN (0x4)
                0x00002d74                __preinit_array_start = .
 *(.preinit_array)
                0x00002d74                __preinit_array_end = .
                0x00002d74                . = ALIGN (0x4)
                0x00002d74                __init_array_start = .
 *(SORT(.init_array.*))
 *(.init_array)
 .init_array    0x00002d74        0x4 c:/program files (x86)/cypress/psoc creator/4.0/psoc creator/import/gnu/arm/4.9.3/bin/../lib/gcc/arm-none-eabi/4.9.3/armv7-m/crtbegin.o
 .init_array    0x00002d78        0x4 .\CortexM3\ARM_GCC_493\Debug\Cm3Start.o
                0x00002d7c                __init_array_end = .
                0x00002d7c                . = ALIGN (0x4)
 *(.fini)
 .fini          0x00002d7c        0x4 c:/program files (x86)/cypress/psoc creator/4.0/psoc creator/import/gnu/arm/4.9.3/bin/../lib/gcc/arm-none-eabi/4.9.3/armv7-m/crti.o
                0x00002d7c                _fini
 .fini          0x00002d80        0x8 c:/program files (x86)/cypress/psoc creator/4.0/psoc creator/import/gnu/arm/4.9.3/bin/../lib/gcc/arm-none-eabi/4.9.3/armv7-m/crtn.o
                0x00002d88                . = ALIGN (0x4)
                0x00002d88                __fini_array_start = .
 *(.fini_array)
 .fini_array    0x00002d88        0x4 c:/program files (x86)/cypress/psoc creator/4.0/psoc creator/import/gnu/arm/4.9.3/bin/../lib/gcc/arm-none-eabi/4.9.3/armv7-m/crtbegin.o
 *(SORT(.fini_array.*))
                0x00002d8c                __fini_array_end = .
                0x00002d8c                . = ALIGN (0x4)
 *crtbegin.o(.ctors)
 *(EXCLUDE_FILE(*crtend.o) .ctors)
 *(SORT(.ctors.*))
 *crtend.o(.ctors)
                0x00002d8c                . = ALIGN (0x4)
 *crtbegin.o(.dtors)
 *(EXCLUDE_FILE(*crtend.o) .dtors)
 *(SORT(.dtors.*))
 *crtend.o(.dtors)
                0x00002d8c                . = ALIGN (0x4)
                0x00002d8c                __cy_regions = .
                0x00002d8c        0x4 LONG 0x2da0 __cy_region_init_ram
                0x00002d90        0x4 LONG 0x1fff8108 __cy_region_start_data
                0x00002d94        0x4 LONG 0xa0 __cy_region_init_size_ram
                0x00002d98        0x4 LONG 0x128 __cy_region_zero_size_ram
                0x00002d9c                __cy_regions_end = .
                0x00002da0                . = ALIGN (0x8)
 *fill*         0x00002d9c        0x4 
                0x00002da0                _etext = .

.cy_checksum_exclude
                0x00002da0        0x0
 *(.cy_checksum_exclude)

.ramvectors     0x1fff8000      0x100
                0x1fff8000                __cy_region_start_ram = .
 *(.ramvectors)
 .ramvectors    0x1fff8000      0x100 .\CortexM3\ARM_GCC_493\Debug\Cm3Start.o
                0x1fff8000                CyRamVectors

.noinit         0x1fff8100        0x5
 *(.noinit)
 .noinit        0x1fff8100        0x4 .\CortexM3\ARM_GCC_493\Debug\Cm3Start.o
 .noinit        0x1fff8104        0x1 .\CortexM3\ARM_GCC_493\Debug\PSOC_USBUART.a(CyLib.o)
                0x1fff8104                CyResetStatus

.data           0x1fff8108       0xa0 load address 0x00002da0
                0x1fff8108                __cy_region_start_data = .
 *(.jcr)
 .jcr           0x1fff8108        0x0 c:/program files (x86)/cypress/psoc creator/4.0/psoc creator/import/gnu/arm/4.9.3/bin/../lib/gcc/arm-none-eabi/4.9.3/armv7-m/crtbegin.o
 .jcr           0x1fff8108        0x4 c:/program files (x86)/cypress/psoc creator/4.0/psoc creator/import/gnu/arm/4.9.3/bin/../lib/gcc/arm-none-eabi/4.9.3/armv7-m/crtend.o
 *(.got.plt)
 *(.got)
 *(.shdata)
 *(.data .data.* .gnu.linkonce.d.*)
 .data          0x1fff810c        0x4 .\CortexM3\ARM_GCC_493\Debug\Cm3Start.o
 .data          0x1fff8110        0x1 .\CortexM3\ARM_GCC_493\Debug\PSOC_USBUART.a(ADC_DelSig.o)
                0x1fff8110                ADC_DelSig_Config
 *fill*         0x1fff8111        0x3 
 .data          0x1fff8114       0x1c .\CortexM3\ARM_GCC_493\Debug\PSOC_USBUART.a(USBUART_cdc.o)
                0x1fff8114                USBUART_linesCoding
 .data          0x1fff8130       0x10 .\CortexM3\ARM_GCC_493\Debug\PSOC_USBUART.a(CyLib.o)
                0x1fff8130                cydelay_32k_ms
                0x1fff8134                cydelay_freq_khz
                0x1fff8138                cydelay_freq_mhz
                0x1fff813c                cydelay_freq_hz
 .data.impure_data
                0x1fff8140       0x60 c:/program files (x86)/cypress/psoc creator/4.0/psoc creator/import/gnu/arm/4.9.3/bin/../lib/gcc/arm-none-eabi/4.9.3/../../../../arm-none-eabi/lib/armv7-m\libg_nano.a(lib_a-impure.o)
 .data._impure_ptr
                0x1fff81a0        0x4 c:/program files (x86)/cypress/psoc creator/4.0/psoc creator/import/gnu/arm/4.9.3/bin/../lib/gcc/arm-none-eabi/4.9.3/../../../../arm-none-eabi/lib/armv7-m\libg_nano.a(lib_a-impure.o)
                0x1fff81a0                _impure_ptr
                0x1fff81a8                . = ALIGN (0x8)
 *fill*         0x1fff81a4        0x4 
 *(.ram)
                0x1fff81a8                _edata = .

.igot.plt       0x1fff81a8        0x0 load address 0x00002e40
 .igot.plt      0x00000000        0x0 c:/program files (x86)/cypress/psoc creator/4.0/psoc creator/import/gnu/arm/4.9.3/bin/../lib/gcc/arm-none-eabi/4.9.3/armv7-m/crtbegin.o

.bss            0x1fff81a8      0x128 load address 0x00002e40
                0x1fff81a8                PROVIDE (__bss_start__, .)
 *(.shbss)
 *(.bss .bss.* .gnu.linkonce.b.*)
 .bss           0x1fff81a8       0x1c c:/program files (x86)/cypress/psoc creator/4.0/psoc creator/import/gnu/arm/4.9.3/bin/../lib/gcc/arm-none-eabi/4.9.3/armv7-m/crtbegin.o
 .bss           0x1fff81c4        0x8 .\CortexM3\ARM_GCC_493\Debug\PSOC_USBUART.a(ADC_DelSig.o)
                0x1fff81c8                ADC_DelSig_stopConversion
                0x1fff81c9                ADC_DelSig_convDone
                0x1fff81ca                ADC_DelSig_initVar
                0x1fff81cb                ADC_DelSig_started
 .bss           0x1fff81cc        0x1 .\CortexM3\ARM_GCC_493\Debug\PSOC_USBUART.a(USBUART.o)
                0x1fff81cc                USBUART_initVar
 .bss           0x1fff81cd        0x1 .\CortexM3\ARM_GCC_493\Debug\PSOC_USBUART.a(USBUART_cdc.o)
 *fill*         0x1fff81ce        0x2 
 .bss           0x1fff81d0        0x4 .\CortexM3\ARM_GCC_493\Debug\PSOC_USBUART.a(USBUART_std.o)
 .bss           0x1fff81d4        0x1 .\CortexM3\ARM_GCC_493\Debug\PSOC_USBUART.a(OPAMP.o)
                0x1fff81d4                OPAMP_initVar
 .bss           0x1fff81d5        0x1 .\CortexM3\ARM_GCC_493\Debug\PSOC_USBUART.a(IDAC8.o)
                0x1fff81d5                IDAC8_initVar
 *fill*         0x1fff81d6        0x2 
 .bss.__malloc_sbrk_start
                0x1fff81d8        0x4 c:/program files (x86)/cypress/psoc creator/4.0/psoc creator/import/gnu/arm/4.9.3/bin/../lib/gcc/arm-none-eabi/4.9.3/../../../../arm-none-eabi/lib/armv7-m\libg_nano.a(lib_a-nano-mallocr.o)
                0x1fff81d8                __malloc_sbrk_start
 .bss.__malloc_free_list
                0x1fff81dc        0x4 c:/program files (x86)/cypress/psoc creator/4.0/psoc creator/import/gnu/arm/4.9.3/bin/../lib/gcc/arm-none-eabi/4.9.3/../../../../arm-none-eabi/lib/armv7-m\libg_nano.a(lib_a-nano-mallocr.o)
                0x1fff81dc                __malloc_free_list
 *(COMMON)
 COMMON         0x1fff81e0        0x8 .\CortexM3\ARM_GCC_493\Debug\main.o
                0x1fff81e0                adc_del_sig
 COMMON         0x1fff81e8        0x8 .\CortexM3\ARM_GCC_493\Debug\PSOC_USBUART.a(ADC_DelSig.o)
                0x1fff81e8                ADC_DelSig_CountsPerVolt
                0x1fff81ec                ADC_DelSig_Offset
 COMMON         0x1fff81f0       0x18 .\CortexM3\ARM_GCC_493\Debug\PSOC_USBUART.a(USBUART_cdc.o)
                0x1fff81f0                USBUART_linesChanged
                0x1fff81f4                USBUART_cdcDataInEp
                0x1fff81f8                USBUART_cdcCommInInterruptEp
                0x1fff81fc                USBUART_cdcDataOutEp
                0x1fff8200                USBUART_serialStateBitmap
                0x1fff8204                USBUART_linesControlBitmap
 COMMON         0x1fff8208       0x9a .\CortexM3\ARM_GCC_493\Debug\PSOC_USBUART.a(USBUART_drv.o)
                0x1fff8208                USBUART_lastPacketSize
                0x1fff8209                USBUART_device
                0x1fff820a                USBUART_transferByteCount
                0x1fff820c                USBUART_transferState
                0x1fff8210                USBUART_interfaceSettingLast
                0x1fff8214                USBUART_currentTD
                0x1fff8220                USBUART_interfaceNumber
                0x1fff8224                USBUART_interfaceClass
                0x1fff8228                USBUART_configurationChanged
                0x1fff8229                USBUART_ep0Mode
                0x1fff822a                USBUART_deviceAddress
                0x1fff822b                USBUART_configuration
                0x1fff822c                USBUART_ep0Count
                0x1fff822d                USBUART_deviceStatus
                0x1fff8230                USBUART_EP
                0x1fff829c                USBUART_interfaceSetting
                0x1fff829e                USBUART_ep0Toggle
                0x1fff82a0                USBUART_interfaceStatus
 *fill*         0x1fff82a2        0x2 
 COMMON         0x1fff82a4       0x22 .\CortexM3\ARM_GCC_493\Debug\PSOC_USBUART.a(USBUART_descr.o)
                0x1fff82a4                USBUART_idSerialNumberStringDescriptor
 *fill*         0x1fff82c6        0x2 
 COMMON         0x1fff82c8        0x4 c:/program files (x86)/cypress/psoc creator/4.0/psoc creator/import/gnu/arm/4.9.3/bin/../lib/gcc/arm-none-eabi/4.9.3/../../../../arm-none-eabi/lib/armv7-m\libg_nano.a(lib_a-reent.o)
                0x1fff82c8                errno
                0x1fff82d0                . = ALIGN (0x8)
 *fill*         0x1fff82cc        0x4 
 *(.ram.b)
                0x1fff82d0                _end = .
                0x1fff82d0                __end = .
                0x1fff82d0                PROVIDE (end, .)
                0x1fff82d0                PROVIDE (__bss_end__, .)
                0x00002da0                __cy_region_init_ram = LOADADDR (.data)
                0x000000a0                __cy_region_init_size_ram = (_edata - ADDR (.data))
                0x00000128                __cy_region_zero_size_ram = (_end - _edata)

.heap           0x1fff82d0       0x80 load address 0x00002e40
                0x1fff82d0                . = _end
                0x1fff8350                . = (. + 0x80)
 *fill*         0x1fff82d0       0x80 
                0x1fff8350                __cy_heap_limit = .

.stack          0x20007800      0x800
                0x20007800                __cy_stack_limit = .
                0x20008000                . = (. + 0x800)
 *fill*         0x20007800      0x800 
                0x00000001                ASSERT ((__cy_stack_limit >= __cy_heap_limit), region RAM overflowed with stack)
                0x00000000                cy_checksum_exclude_size = (CY_APPL_LOADABLE == 0x1)?SIZEOF (.cy_checksum_exclude):0x0
                0x00000001                ASSERT ((cy_checksum_exclude_size <= CY_CHECKSUM_EXCLUDE_SIZE), CY_BOOT: Section .cy_checksum_exclude size exceedes specified limit.)

.cyloadermeta
 *(.cyloadermeta)

.cyloadablemeta
 *(.cyloadablemeta)

.cyconfigecc    0x80000000       0xe0
 *(.cyconfigecc)
 .cyconfigecc   0x80000000       0xe0 .\CortexM3\ARM_GCC_493\Debug\cymetadata.o
                0x80000000                cy_meta_configecc

.cycustnvl      0x90000000        0x4
 *(.cycustnvl)
 .cycustnvl     0x90000000        0x4 .\CortexM3\ARM_GCC_493\Debug\cymetadata.o
                0x90000000                cy_meta_custnvl

.cywolatch      0x90100000        0x4
 *(.cywolatch)
 .cywolatch     0x90100000        0x4 .\CortexM3\ARM_GCC_493\Debug\cymetadata.o
                0x90100000                cy_meta_wonvl

.cyeeprom       0x90200000        0x0
 *(.cyeeprom)
                0x00000001                ASSERT ((. <= ((0x90200000 + ee_offset) + ee_size)), .cyeeprom data will not fit in EEPROM)

.cyflashprotect
                0x90400000      0x100
 *(.cyflashprotect)
 .cyflashprotect
                0x90400000      0x100 .\CortexM3\ARM_GCC_493\Debug\cymetadata.o
                0x90400000                cy_meta_flashprotect

.cymeta         0x90500000        0xc
 *(.cymeta)
 .cymeta        0x90500000        0xc .\CortexM3\ARM_GCC_493\Debug\cymetadata.o
                0x90500000                cy_metadata

.rel.dyn        0x00002e40        0x0 load address 0x9050000c
 .rel.iplt      0x00000000        0x0 c:/program files (x86)/cypress/psoc creator/4.0/psoc creator/import/gnu/arm/4.9.3/bin/../lib/gcc/arm-none-eabi/4.9.3/armv7-m/crtbegin.o

.stab
 *(.stab)

.stabstr
 *(.stabstr)

.debug
 *(.debug)

.line
 *(.line)

.debug_srcinfo
 *(.debug_srcinfo)

.debug_sfnames
 *(.debug_sfnames)

.debug_aranges  0x00000000      0xbe0
 *(.debug_aranges)
 .debug_aranges
                0x00000000       0x20 .\CortexM3\ARM_GCC_493\Debug\main.o
 .debug_aranges
                0x00000020       0x28 .\CortexM3\ARM_GCC_493\Debug\serial.o
 .debug_aranges
                0x00000048       0x18 .\CortexM3\ARM_GCC_493\Debug\cymetadata.o
 .debug_aranges
                0x00000060       0x48 .\CortexM3\ARM_GCC_493\Debug\Cm3Start.o
 .debug_aranges
                0x000000a8       0x58 .\CortexM3\ARM_GCC_493\Debug\PSOC_USBUART.a(cyfitter_cfg.o)
 .debug_aranges
                0x00000100       0xe8 .\CortexM3\ARM_GCC_493\Debug\PSOC_USBUART.a(ADC_DelSig.o)
 .debug_aranges
                0x000001e8       0x38 .\CortexM3\ARM_GCC_493\Debug\PSOC_USBUART.a(ADC_DelSig_INT.o)
 .debug_aranges
                0x00000220       0xc8 .\CortexM3\ARM_GCC_493\Debug\PSOC_USBUART.a(USBUART.o)
 .debug_aranges
                0x000002e8       0xe8 .\CortexM3\ARM_GCC_493\Debug\PSOC_USBUART.a(USBUART_cdc.o)
 .debug_aranges
                0x000003d0       0x98 .\CortexM3\ARM_GCC_493\Debug\PSOC_USBUART.a(USBUART_drv.o)
 .debug_aranges
                0x00000468       0x40 .\CortexM3\ARM_GCC_493\Debug\PSOC_USBUART.a(USBUART_episr.o)
 .debug_aranges
                0x000004a8       0x40 .\CortexM3\ARM_GCC_493\Debug\PSOC_USBUART.a(USBUART_pm.o)
 .debug_aranges
                0x000004e8       0x80 .\CortexM3\ARM_GCC_493\Debug\PSOC_USBUART.a(USBUART_std.o)
 .debug_aranges
                0x00000568       0x20 .\CortexM3\ARM_GCC_493\Debug\PSOC_USBUART.a(USBUART_vnd.o)
 .debug_aranges
                0x00000588       0x70 .\CortexM3\ARM_GCC_493\Debug\PSOC_USBUART.a(ADC_DelSig_Ext_CP_Clk.o)
 .debug_aranges
                0x000005f8       0x80 .\CortexM3\ARM_GCC_493\Debug\PSOC_USBUART.a(ADC_DelSig_theACLK.o)
 .debug_aranges
                0x00000678       0x48 .\CortexM3\ARM_GCC_493\Debug\PSOC_USBUART.a(USBUART_Dp.o)
 .debug_aranges
                0x000006c0      0x298 .\CortexM3\ARM_GCC_493\Debug\PSOC_USBUART.a(CyLib.o)
 .debug_aranges
                0x00000958       0x98 .\CortexM3\ARM_GCC_493\Debug\PSOC_USBUART.a(cyPm.o)
 .debug_aranges
                0x000009f0       0x40 .\CortexM3\ARM_GCC_493\Debug\PSOC_USBUART.a(OPAMP.o)
 .debug_aranges
                0x00000a30       0x60 .\CortexM3\ARM_GCC_493\Debug\PSOC_USBUART.a(IDAC8.o)
 .debug_aranges
                0x00000a90       0x20 .\CortexM3\ARM_GCC_493\Debug\PSOC_USBUART.a(CyBootAsmGnu.o)
 .debug_aranges
                0x00000ab0       0x20 .\CortexM3\ARM_GCC_493\Debug\PSOC_USBUART.a(USBUART_cls.o)
 .debug_aranges
                0x00000ad0       0x18 .\CortexM3\ARM_GCC_493\Debug\PSOC_USBUART.a(USBUART_descr.o)
 .debug_aranges
                0x00000ae8       0x80 .\CortexM3\ARM_GCC_493\Debug\PSOC_USBUART.a(CyFlash.o)
 .debug_aranges
                0x00000b68       0x78 .\CortexM3\ARM_GCC_493\Debug\PSOC_USBUART.a(CySpc.o)

.debug_pubnames
 *(.debug_pubnames)

.debug_info     0x00000000     0x7f36
 *(.debug_info .gnu.linkonce.wi.*)
 .debug_info    0x00000000      0x42f .\CortexM3\ARM_GCC_493\Debug\main.o
 .debug_info    0x0000042f      0x17c .\CortexM3\ARM_GCC_493\Debug\serial.o
 .debug_info    0x000005ab      0x13a .\CortexM3\ARM_GCC_493\Debug\cymetadata.o
 .debug_info    0x000006e5      0x39f .\CortexM3\ARM_GCC_493\Debug\Cm3Start.o
 .debug_info    0x00000a84      0x4f9 .\CortexM3\ARM_GCC_493\Debug\PSOC_USBUART.a(cyfitter_cfg.o)
 .debug_info    0x00000f7d      0xa54 .\CortexM3\ARM_GCC_493\Debug\PSOC_USBUART.a(ADC_DelSig.o)
 .debug_info    0x000019d1      0x154 .\CortexM3\ARM_GCC_493\Debug\PSOC_USBUART.a(ADC_DelSig_INT.o)
 .debug_info    0x00001b25      0x9b0 .\CortexM3\ARM_GCC_493\Debug\PSOC_USBUART.a(USBUART.o)
 .debug_info    0x000024d5      0xb16 .\CortexM3\ARM_GCC_493\Debug\PSOC_USBUART.a(USBUART_cdc.o)
 .debug_info    0x00002feb      0x649 .\CortexM3\ARM_GCC_493\Debug\PSOC_USBUART.a(USBUART_drv.o)
 .debug_info    0x00003634      0x244 .\CortexM3\ARM_GCC_493\Debug\PSOC_USBUART.a(USBUART_episr.o)
 .debug_info    0x00003878      0x2ef .\CortexM3\ARM_GCC_493\Debug\PSOC_USBUART.a(USBUART_pm.o)
 .debug_info    0x00003b67      0xb35 .\CortexM3\ARM_GCC_493\Debug\PSOC_USBUART.a(USBUART_std.o)
 .debug_info    0x0000469c       0xe6 .\CortexM3\ARM_GCC_493\Debug\PSOC_USBUART.a(USBUART_vnd.o)
 .debug_info    0x00004782      0x283 .\CortexM3\ARM_GCC_493\Debug\PSOC_USBUART.a(ADC_DelSig_Ext_CP_Clk.o)
 .debug_info    0x00004a05      0x2c4 .\CortexM3\ARM_GCC_493\Debug\PSOC_USBUART.a(ADC_DelSig_theACLK.o)
 .debug_info    0x00004cc9      0x174 .\CortexM3\ARM_GCC_493\Debug\PSOC_USBUART.a(USBUART_Dp.o)
 .debug_info    0x00004e3d     0x136f .\CortexM3\ARM_GCC_493\Debug\PSOC_USBUART.a(CyLib.o)
 .debug_info    0x000061ac      0xa57 .\CortexM3\ARM_GCC_493\Debug\PSOC_USBUART.a(cyPm.o)
 .debug_info    0x00006c03      0x14a .\CortexM3\ARM_GCC_493\Debug\PSOC_USBUART.a(OPAMP.o)
 .debug_info    0x00006d4d      0x20a .\CortexM3\ARM_GCC_493\Debug\PSOC_USBUART.a(IDAC8.o)
 .debug_info    0x00006f57       0x8e .\CortexM3\ARM_GCC_493\Debug\PSOC_USBUART.a(CyBootAsmGnu.o)
 .debug_info    0x00006fe5      0x1d2 .\CortexM3\ARM_GCC_493\Debug\PSOC_USBUART.a(USBUART_cls.o)
 .debug_info    0x000071b7      0x28d .\CortexM3\ARM_GCC_493\Debug\PSOC_USBUART.a(USBUART_descr.o)
 .debug_info    0x00007444      0x608 .\CortexM3\ARM_GCC_493\Debug\PSOC_USBUART.a(CyFlash.o)
 .debug_info    0x00007a4c      0x4ea .\CortexM3\ARM_GCC_493\Debug\PSOC_USBUART.a(CySpc.o)

.debug_abbrev   0x00000000     0x2425
 *(.debug_abbrev)
 .debug_abbrev  0x00000000      0x1a6 .\CortexM3\ARM_GCC_493\Debug\main.o
 .debug_abbrev  0x000001a6      0x10d .\CortexM3\ARM_GCC_493\Debug\serial.o
 .debug_abbrev  0x000002b3       0x5d .\CortexM3\ARM_GCC_493\Debug\cymetadata.o
 .debug_abbrev  0x00000310      0x200 .\CortexM3\ARM_GCC_493\Debug\Cm3Start.o
 .debug_abbrev  0x00000510      0x1f0 .\CortexM3\ARM_GCC_493\Debug\PSOC_USBUART.a(cyfitter_cfg.o)
 .debug_abbrev  0x00000700      0x21f .\CortexM3\ARM_GCC_493\Debug\PSOC_USBUART.a(ADC_DelSig.o)
 .debug_abbrev  0x0000091f       0xdb .\CortexM3\ARM_GCC_493\Debug\PSOC_USBUART.a(ADC_DelSig_INT.o)
 .debug_abbrev  0x000009fa      0x25e .\CortexM3\ARM_GCC_493\Debug\PSOC_USBUART.a(USBUART.o)
 .debug_abbrev  0x00000c58      0x28b .\CortexM3\ARM_GCC_493\Debug\PSOC_USBUART.a(USBUART_cdc.o)
 .debug_abbrev  0x00000ee3      0x18b .\CortexM3\ARM_GCC_493\Debug\PSOC_USBUART.a(USBUART_drv.o)
 .debug_abbrev  0x0000106e      0x11b .\CortexM3\ARM_GCC_493\Debug\PSOC_USBUART.a(USBUART_episr.o)
 .debug_abbrev  0x00001189      0x146 .\CortexM3\ARM_GCC_493\Debug\PSOC_USBUART.a(USBUART_pm.o)
 .debug_abbrev  0x000012cf      0x23d .\CortexM3\ARM_GCC_493\Debug\PSOC_USBUART.a(USBUART_std.o)
 .debug_abbrev  0x0000150c       0x9b .\CortexM3\ARM_GCC_493\Debug\PSOC_USBUART.a(USBUART_vnd.o)
 .debug_abbrev  0x000015a7      0x139 .\CortexM3\ARM_GCC_493\Debug\PSOC_USBUART.a(ADC_DelSig_Ext_CP_Clk.o)
 .debug_abbrev  0x000016e0      0x121 .\CortexM3\ARM_GCC_493\Debug\PSOC_USBUART.a(ADC_DelSig_theACLK.o)
 .debug_abbrev  0x00001801       0x90 .\CortexM3\ARM_GCC_493\Debug\PSOC_USBUART.a(USBUART_Dp.o)
 .debug_abbrev  0x00001891      0x296 .\CortexM3\ARM_GCC_493\Debug\PSOC_USBUART.a(CyLib.o)
 .debug_abbrev  0x00001b27      0x1ed .\CortexM3\ARM_GCC_493\Debug\PSOC_USBUART.a(cyPm.o)
 .debug_abbrev  0x00001d14       0xb2 .\CortexM3\ARM_GCC_493\Debug\PSOC_USBUART.a(OPAMP.o)
 .debug_abbrev  0x00001dc6      0x106 .\CortexM3\ARM_GCC_493\Debug\PSOC_USBUART.a(IDAC8.o)
 .debug_abbrev  0x00001ecc       0x14 .\CortexM3\ARM_GCC_493\Debug\PSOC_USBUART.a(CyBootAsmGnu.o)
 .debug_abbrev  0x00001ee0       0xe3 .\CortexM3\ARM_GCC_493\Debug\PSOC_USBUART.a(USBUART_cls.o)
 .debug_abbrev  0x00001fc3       0xb4 .\CortexM3\ARM_GCC_493\Debug\PSOC_USBUART.a(USBUART_descr.o)
 .debug_abbrev  0x00002077      0x1ed .\CortexM3\ARM_GCC_493\Debug\PSOC_USBUART.a(CyFlash.o)
 .debug_abbrev  0x00002264      0x1c1 .\CortexM3\ARM_GCC_493\Debug\PSOC_USBUART.a(CySpc.o)

.debug_line     0x00000000     0x31b2
 *(.debug_line)
 .debug_line    0x00000000      0x1de .\CortexM3\ARM_GCC_493\Debug\main.o
 .debug_line    0x000001de      0x198 .\CortexM3\ARM_GCC_493\Debug\serial.o
 .debug_line    0x00000376       0x51 .\CortexM3\ARM_GCC_493\Debug\cymetadata.o
 .debug_line    0x000003c7      0x247 .\CortexM3\ARM_GCC_493\Debug\Cm3Start.o
 .debug_line    0x0000060e      0x1e7 .\CortexM3\ARM_GCC_493\Debug\PSOC_USBUART.a(cyfitter_cfg.o)
 .debug_line    0x000007f5      0x373 .\CortexM3\ARM_GCC_493\Debug\PSOC_USBUART.a(ADC_DelSig.o)
 .debug_line    0x00000b68      0x1bc .\CortexM3\ARM_GCC_493\Debug\PSOC_USBUART.a(ADC_DelSig_INT.o)
 .debug_line    0x00000d24      0x2c8 .\CortexM3\ARM_GCC_493\Debug\PSOC_USBUART.a(USBUART.o)
 .debug_line    0x00000fec      0x2f2 .\CortexM3\ARM_GCC_493\Debug\PSOC_USBUART.a(USBUART_cdc.o)
 .debug_line    0x000012de      0x221 .\CortexM3\ARM_GCC_493\Debug\PSOC_USBUART.a(USBUART_drv.o)
 .debug_line    0x000014ff       0xe6 .\CortexM3\ARM_GCC_493\Debug\PSOC_USBUART.a(USBUART_episr.o)
 .debug_line    0x000015e5      0x10e .\CortexM3\ARM_GCC_493\Debug\PSOC_USBUART.a(USBUART_pm.o)
 .debug_line    0x000016f3      0x3e2 .\CortexM3\ARM_GCC_493\Debug\PSOC_USBUART.a(USBUART_std.o)
 .debug_line    0x00001ad5       0x73 .\CortexM3\ARM_GCC_493\Debug\PSOC_USBUART.a(USBUART_vnd.o)
 .debug_line    0x00001b48      0x184 .\CortexM3\ARM_GCC_493\Debug\PSOC_USBUART.a(ADC_DelSig_Ext_CP_Clk.o)
 .debug_line    0x00001ccc      0x1a4 .\CortexM3\ARM_GCC_493\Debug\PSOC_USBUART.a(ADC_DelSig_theACLK.o)
 .debug_line    0x00001e70       0xbb .\CortexM3\ARM_GCC_493\Debug\PSOC_USBUART.a(USBUART_Dp.o)
 .debug_line    0x00001f2b      0x804 .\CortexM3\ARM_GCC_493\Debug\PSOC_USBUART.a(CyLib.o)
 .debug_line    0x0000272f      0x364 .\CortexM3\ARM_GCC_493\Debug\PSOC_USBUART.a(cyPm.o)
 .debug_line    0x00002a93       0xa8 .\CortexM3\ARM_GCC_493\Debug\PSOC_USBUART.a(OPAMP.o)
 .debug_line    0x00002b3b       0xf8 .\CortexM3\ARM_GCC_493\Debug\PSOC_USBUART.a(IDAC8.o)
 .debug_line    0x00002c33       0x66 .\CortexM3\ARM_GCC_493\Debug\PSOC_USBUART.a(CyBootAsmGnu.o)
 .debug_line    0x00002c99       0x92 .\CortexM3\ARM_GCC_493\Debug\PSOC_USBUART.a(USBUART_cls.o)
 .debug_line    0x00002d2b       0x61 .\CortexM3\ARM_GCC_493\Debug\PSOC_USBUART.a(USBUART_descr.o)
 .debug_line    0x00002d8c      0x1ea .\CortexM3\ARM_GCC_493\Debug\PSOC_USBUART.a(CyFlash.o)
 .debug_line    0x00002f76      0x23c .\CortexM3\ARM_GCC_493\Debug\PSOC_USBUART.a(CySpc.o)

.debug_frame    0x00000000     0x20dc
 *(.debug_frame)
 .debug_frame   0x00000000       0x38 .\CortexM3\ARM_GCC_493\Debug\main.o
 .debug_frame   0x00000038       0x48 .\CortexM3\ARM_GCC_493\Debug\serial.o
 .debug_frame   0x00000080       0xac .\CortexM3\ARM_GCC_493\Debug\Cm3Start.o
 .debug_frame   0x0000012c       0xe4 .\CortexM3\ARM_GCC_493\Debug\PSOC_USBUART.a(cyfitter_cfg.o)
 .debug_frame   0x00000210      0x28c .\CortexM3\ARM_GCC_493\Debug\PSOC_USBUART.a(ADC_DelSig.o)
 .debug_frame   0x0000049c       0x5c .\CortexM3\ARM_GCC_493\Debug\PSOC_USBUART.a(ADC_DelSig_INT.o)
 .debug_frame   0x000004f8      0x1dc .\CortexM3\ARM_GCC_493\Debug\PSOC_USBUART.a(USBUART.o)
 .debug_frame   0x000006d4      0x278 .\CortexM3\ARM_GCC_493\Debug\PSOC_USBUART.a(USBUART_cdc.o)
 .debug_frame   0x0000094c      0x194 .\CortexM3\ARM_GCC_493\Debug\PSOC_USBUART.a(USBUART_drv.o)
 .debug_frame   0x00000ae0       0x6c .\CortexM3\ARM_GCC_493\Debug\PSOC_USBUART.a(USBUART_episr.o)
 .debug_frame   0x00000b4c       0xa0 .\CortexM3\ARM_GCC_493\Debug\PSOC_USBUART.a(USBUART_pm.o)
 .debug_frame   0x00000bec      0x17c .\CortexM3\ARM_GCC_493\Debug\PSOC_USBUART.a(USBUART_std.o)
 .debug_frame   0x00000d68       0x20 .\CortexM3\ARM_GCC_493\Debug\PSOC_USBUART.a(USBUART_vnd.o)
 .debug_frame   0x00000d88       0xe0 .\CortexM3\ARM_GCC_493\Debug\PSOC_USBUART.a(ADC_DelSig_Ext_CP_Clk.o)
 .debug_frame   0x00000e68      0x100 .\CortexM3\ARM_GCC_493\Debug\PSOC_USBUART.a(ADC_DelSig_theACLK.o)
 .debug_frame   0x00000f68       0x70 .\CortexM3\ARM_GCC_493\Debug\PSOC_USBUART.a(USBUART_Dp.o)
 .debug_frame   0x00000fd8      0x728 .\CortexM3\ARM_GCC_493\Debug\PSOC_USBUART.a(CyLib.o)
 .debug_frame   0x00001700      0x1f8 .\CortexM3\ARM_GCC_493\Debug\PSOC_USBUART.a(cyPm.o)
 .debug_frame   0x000018f8       0x78 .\CortexM3\ARM_GCC_493\Debug\PSOC_USBUART.a(OPAMP.o)
 .debug_frame   0x00001970       0xd0 .\CortexM3\ARM_GCC_493\Debug\PSOC_USBUART.a(IDAC8.o)
 .debug_frame   0x00001a40       0x2c .\CortexM3\ARM_GCC_493\Debug\PSOC_USBUART.a(USBUART_cls.o)
 .debug_frame   0x00001a6c      0x174 .\CortexM3\ARM_GCC_493\Debug\PSOC_USBUART.a(CyFlash.o)
 .debug_frame   0x00001be0      0x160 .\CortexM3\ARM_GCC_493\Debug\PSOC_USBUART.a(CySpc.o)
 .debug_frame   0x00001d40       0x20 c:/program files (x86)/cypress/psoc creator/4.0/psoc creator/import/gnu/arm/4.9.3/bin/../lib/gcc/arm-none-eabi/4.9.3/../../../../arm-none-eabi/lib/armv7-m\libg_nano.a(lib_a-errno.o)
 .debug_frame   0x00001d60       0x28 c:/program files (x86)/cypress/psoc creator/4.0/psoc creator/import/gnu/arm/4.9.3/bin/../lib/gcc/arm-none-eabi/4.9.3/../../../../arm-none-eabi/lib/armv7-m\libg_nano.a(lib_a-exit.o)
 .debug_frame   0x00001d88       0x2c c:/program files (x86)/cypress/psoc creator/4.0/psoc creator/import/gnu/arm/4.9.3/bin/../lib/gcc/arm-none-eabi/4.9.3/../../../../arm-none-eabi/lib/armv7-m\libg_nano.a(lib_a-init.o)
 .debug_frame   0x00001db4       0x28 c:/program files (x86)/cypress/psoc creator/4.0/psoc creator/import/gnu/arm/4.9.3/bin/../lib/gcc/arm-none-eabi/4.9.3/../../../../arm-none-eabi/lib/armv7-m\libg_nano.a(lib_a-memcpy.o)
 .debug_frame   0x00001ddc       0x20 c:/program files (x86)/cypress/psoc creator/4.0/psoc creator/import/gnu/arm/4.9.3/bin/../lib/gcc/arm-none-eabi/4.9.3/../../../../arm-none-eabi/lib/armv7-m\libg_nano.a(lib_a-memset.o)
 .debug_frame   0x00001dfc       0x70 c:/program files (x86)/cypress/psoc creator/4.0/psoc creator/import/gnu/arm/4.9.3/bin/../lib/gcc/arm-none-eabi/4.9.3/../../../../arm-none-eabi/lib/armv7-m\libg_nano.a(lib_a-sprintf.o)
 .debug_frame   0x00001e6c       0x8c c:/program files (x86)/cypress/psoc creator/4.0/psoc creator/import/gnu/arm/4.9.3/bin/../lib/gcc/arm-none-eabi/4.9.3/../../../../arm-none-eabi/lib/armv7-m\libg_nano.a(lib_a-nano-svfprintf.o)
 .debug_frame   0x00001ef8       0x58 c:/program files (x86)/cypress/psoc creator/4.0/psoc creator/import/gnu/arm/4.9.3/bin/../lib/gcc/arm-none-eabi/4.9.3/../../../../arm-none-eabi/lib/armv7-m\libg_nano.a(lib_a-nano-vfprintf_i.o)
 .debug_frame   0x00001f50       0x28 c:/program files (x86)/cypress/psoc creator/4.0/psoc creator/import/gnu/arm/4.9.3/bin/../lib/gcc/arm-none-eabi/4.9.3/../../../../arm-none-eabi/lib/armv7-m\libg_nano.a(lib_a-memchr.o)
 .debug_frame   0x00001f78       0x28 c:/program files (x86)/cypress/psoc creator/4.0/psoc creator/import/gnu/arm/4.9.3/bin/../lib/gcc/arm-none-eabi/4.9.3/../../../../arm-none-eabi/lib/armv7-m\libg_nano.a(lib_a-memmove.o)
 .debug_frame   0x00001fa0       0x2c c:/program files (x86)/cypress/psoc creator/4.0/psoc creator/import/gnu/arm/4.9.3/bin/../lib/gcc/arm-none-eabi/4.9.3/../../../../arm-none-eabi/lib/armv7-m\libg_nano.a(lib_a-nano-freer.o)
 .debug_frame   0x00001fcc       0x2c c:/program files (x86)/cypress/psoc creator/4.0/psoc creator/import/gnu/arm/4.9.3/bin/../lib/gcc/arm-none-eabi/4.9.3/../../../../arm-none-eabi/lib/armv7-m\libg_nano.a(lib_a-nano-mallocr.o)
 .debug_frame   0x00001ff8       0x3c c:/program files (x86)/cypress/psoc creator/4.0/psoc creator/import/gnu/arm/4.9.3/bin/../lib/gcc/arm-none-eabi/4.9.3/../../../../arm-none-eabi/lib/armv7-m\libg_nano.a(lib_a-nano-reallocr.o)
 .debug_frame   0x00002034       0x2c c:/program files (x86)/cypress/psoc creator/4.0/psoc creator/import/gnu/arm/4.9.3/bin/../lib/gcc/arm-none-eabi/4.9.3/../../../../arm-none-eabi/lib/armv7-m\libg_nano.a(lib_a-sbrkr.o)
 .debug_frame   0x00002060       0x20 c:/program files (x86)/cypress/psoc creator/4.0/psoc creator/import/gnu/arm/4.9.3/bin/../lib/gcc/arm-none-eabi/4.9.3/../../../../arm-none-eabi/lib/armv7-m\libg_nano.a(lib_a-nano-msizer.o)
 .debug_frame   0x00002080       0x5c c:/program files (x86)/cypress/psoc creator/4.0/psoc creator/import/gnu/arm/4.9.3/bin/../lib/gcc/arm-none-eabi/4.9.3/../../../../arm-none-eabi/lib/armv7-m\libg_nano.a(lib_a-reent.o)

.debug_str      0x00000000     0x2e3b
 *(.debug_str)
 .debug_str     0x00000000      0x28c .\CortexM3\ARM_GCC_493\Debug\main.o
                                0x2e1 (size before relaxing)
 .debug_str     0x0000028c       0x7e .\CortexM3\ARM_GCC_493\Debug\serial.o
                                0x232 (size before relaxing)
 .debug_str     0x0000030a       0x75 .\CortexM3\ARM_GCC_493\Debug\cymetadata.o
                                0x1e8 (size before relaxing)
 .debug_str     0x0000037f      0x16a .\CortexM3\ARM_GCC_493\Debug\Cm3Start.o
                                0x2fc (size before relaxing)
 .debug_str     0x000004e9      0x154 .\CortexM3\ARM_GCC_493\Debug\PSOC_USBUART.a(cyfitter_cfg.o)
                                0x301 (size before relaxing)
 .debug_str     0x0000063d      0x4a1 .\CortexM3\ARM_GCC_493\Debug\PSOC_USBUART.a(ADC_DelSig.o)
                                0x6d0 (size before relaxing)
 .debug_str     0x00000ade       0x68 .\CortexM3\ARM_GCC_493\Debug\PSOC_USBUART.a(ADC_DelSig_INT.o)
                                0x231 (size before relaxing)
 .debug_str     0x00000b46      0x3d6 .\CortexM3\ARM_GCC_493\Debug\PSOC_USBUART.a(USBUART.o)
                                0x64f (size before relaxing)
 .debug_str     0x00000f1c      0x4ef .\CortexM3\ARM_GCC_493\Debug\PSOC_USBUART.a(USBUART_cdc.o)
                                0x7c3 (size before relaxing)
 .debug_str     0x0000140b      0x291 .\CortexM3\ARM_GCC_493\Debug\PSOC_USBUART.a(USBUART_drv.o)
                                0x63a (size before relaxing)
 .debug_str     0x0000169c       0x80 .\CortexM3\ARM_GCC_493\Debug\PSOC_USBUART.a(USBUART_episr.o)
                                0x2d1 (size before relaxing)
 .debug_str     0x0000171c       0xec .\CortexM3\ARM_GCC_493\Debug\PSOC_USBUART.a(USBUART_pm.o)
                                0x2e9 (size before relaxing)
 .debug_str     0x00001808      0x270 .\CortexM3\ARM_GCC_493\Debug\PSOC_USBUART.a(USBUART_std.o)
                                0x7a9 (size before relaxing)
 .debug_str     0x00001a78       0x25 .\CortexM3\ARM_GCC_493\Debug\PSOC_USBUART.a(USBUART_vnd.o)
                                0x1df (size before relaxing)
 .debug_str     0x00001a9d      0x1b3 .\CortexM3\ARM_GCC_493\Debug\PSOC_USBUART.a(ADC_DelSig_Ext_CP_Clk.o)
                                0x394 (size before relaxing)
 .debug_str     0x00001c50      0x1a3 .\CortexM3\ARM_GCC_493\Debug\PSOC_USBUART.a(ADC_DelSig_theACLK.o)
                                0x3c1 (size before relaxing)
 .debug_str     0x00001df3       0xa4 .\CortexM3\ARM_GCC_493\Debug\PSOC_USBUART.a(USBUART_Dp.o)
                                0x23f (size before relaxing)
 .debug_str     0x00001e97      0x7c3 .\CortexM3\ARM_GCC_493\Debug\PSOC_USBUART.a(CyLib.o)
                                0xa21 (size before relaxing)
 .debug_str     0x0000265a      0x359 .\CortexM3\ARM_GCC_493\Debug\PSOC_USBUART.a(cyPm.o)
                                0x719 (size before relaxing)
 .debug_str     0x000029b3       0x65 .\CortexM3\ARM_GCC_493\Debug\PSOC_USBUART.a(OPAMP.o)
                                0x1e9 (size before relaxing)
 .debug_str     0x00002a18       0xb2 .\CortexM3\ARM_GCC_493\Debug\PSOC_USBUART.a(IDAC8.o)
                                0x238 (size before relaxing)
 .debug_str     0x00002aca       0x25 .\CortexM3\ARM_GCC_493\Debug\PSOC_USBUART.a(USBUART_cls.o)
                                0x29e (size before relaxing)
 .debug_str     0x00002aef      0x104 .\CortexM3\ARM_GCC_493\Debug\PSOC_USBUART.a(USBUART_descr.o)
                                0x34b (size before relaxing)
 .debug_str     0x00002bf3      0x19c .\CortexM3\ARM_GCC_493\Debug\PSOC_USBUART.a(CyFlash.o)
                                0x393 (size before relaxing)
 .debug_str     0x00002d8f       0xac .\CortexM3\ARM_GCC_493\Debug\PSOC_USBUART.a(CySpc.o)
                                0x31c (size before relaxing)

.debug_loc      0x00000000     0x3833
 *(.debug_loc)
 .debug_loc     0x00000000       0xfc .\CortexM3\ARM_GCC_493\Debug\main.o
 .debug_loc     0x000000fc       0x1e .\CortexM3\ARM_GCC_493\Debug\serial.o
 .debug_loc     0x0000011a      0x144 .\CortexM3\ARM_GCC_493\Debug\Cm3Start.o
 .debug_loc     0x0000025e      0x1d7 .\CortexM3\ARM_GCC_493\Debug\PSOC_USBUART.a(cyfitter_cfg.o)
 .debug_loc     0x00000435      0x6bf .\CortexM3\ARM_GCC_493\Debug\PSOC_USBUART.a(ADC_DelSig.o)
 .debug_loc     0x00000af4      0x3e1 .\CortexM3\ARM_GCC_493\Debug\PSOC_USBUART.a(USBUART.o)
 .debug_loc     0x00000ed5      0x56b .\CortexM3\ARM_GCC_493\Debug\PSOC_USBUART.a(USBUART_cdc.o)
 .debug_loc     0x00001440      0x171 .\CortexM3\ARM_GCC_493\Debug\PSOC_USBUART.a(USBUART_drv.o)
 .debug_loc     0x000015b1       0x26 .\CortexM3\ARM_GCC_493\Debug\PSOC_USBUART.a(USBUART_pm.o)
 .debug_loc     0x000015d7      0x93f .\CortexM3\ARM_GCC_493\Debug\PSOC_USBUART.a(USBUART_std.o)
 .debug_loc     0x00001f16      0x12c .\CortexM3\ARM_GCC_493\Debug\PSOC_USBUART.a(ADC_DelSig_Ext_CP_Clk.o)
 .debug_loc     0x00002042      0x14d .\CortexM3\ARM_GCC_493\Debug\PSOC_USBUART.a(ADC_DelSig_theACLK.o)
 .debug_loc     0x0000218f       0x84 .\CortexM3\ARM_GCC_493\Debug\PSOC_USBUART.a(USBUART_Dp.o)
 .debug_loc     0x00002213      0xa11 .\CortexM3\ARM_GCC_493\Debug\PSOC_USBUART.a(CyLib.o)
 .debug_loc     0x00002c24      0x1e4 .\CortexM3\ARM_GCC_493\Debug\PSOC_USBUART.a(cyPm.o)
 .debug_loc     0x00002e08       0x21 .\CortexM3\ARM_GCC_493\Debug\PSOC_USBUART.a(OPAMP.o)
 .debug_loc     0x00002e29       0x76 .\CortexM3\ARM_GCC_493\Debug\PSOC_USBUART.a(IDAC8.o)
 .debug_loc     0x00002e9f       0x47 .\CortexM3\ARM_GCC_493\Debug\PSOC_USBUART.a(USBUART_cls.o)
 .debug_loc     0x00002ee6      0x300 .\CortexM3\ARM_GCC_493\Debug\PSOC_USBUART.a(CyFlash.o)
 .debug_loc     0x000031e6      0x64d .\CortexM3\ARM_GCC_493\Debug\PSOC_USBUART.a(CySpc.o)

.debug_macinfo
 *(.debug_macinfo)

.debug_ranges   0x00000000      0xa38
 *(.debug_ranges)
 .debug_ranges  0x00000000       0x10 .\CortexM3\ARM_GCC_493\Debug\main.o
 .debug_ranges  0x00000010       0x18 .\CortexM3\ARM_GCC_493\Debug\serial.o
 .debug_ranges  0x00000028       0x38 .\CortexM3\ARM_GCC_493\Debug\Cm3Start.o
 .debug_ranges  0x00000060       0x48 .\CortexM3\ARM_GCC_493\Debug\PSOC_USBUART.a(cyfitter_cfg.o)
 .debug_ranges  0x000000a8       0xd8 .\CortexM3\ARM_GCC_493\Debug\PSOC_USBUART.a(ADC_DelSig.o)
 .debug_ranges  0x00000180       0x28 .\CortexM3\ARM_GCC_493\Debug\PSOC_USBUART.a(ADC_DelSig_INT.o)
 .debug_ranges  0x000001a8       0xd0 .\CortexM3\ARM_GCC_493\Debug\PSOC_USBUART.a(USBUART.o)
 .debug_ranges  0x00000278       0xd8 .\CortexM3\ARM_GCC_493\Debug\PSOC_USBUART.a(USBUART_cdc.o)
 .debug_ranges  0x00000350       0x88 .\CortexM3\ARM_GCC_493\Debug\PSOC_USBUART.a(USBUART_drv.o)
 .debug_ranges  0x000003d8       0x30 .\CortexM3\ARM_GCC_493\Debug\PSOC_USBUART.a(USBUART_episr.o)
 .debug_ranges  0x00000408       0x30 .\CortexM3\ARM_GCC_493\Debug\PSOC_USBUART.a(USBUART_pm.o)
 .debug_ranges  0x00000438       0x70 .\CortexM3\ARM_GCC_493\Debug\PSOC_USBUART.a(USBUART_std.o)
 .debug_ranges  0x000004a8       0x10 .\CortexM3\ARM_GCC_493\Debug\PSOC_USBUART.a(USBUART_vnd.o)
 .debug_ranges  0x000004b8       0x60 .\CortexM3\ARM_GCC_493\Debug\PSOC_USBUART.a(ADC_DelSig_Ext_CP_Clk.o)
 .debug_ranges  0x00000518       0x70 .\CortexM3\ARM_GCC_493\Debug\PSOC_USBUART.a(ADC_DelSig_theACLK.o)
 .debug_ranges  0x00000588       0x38 .\CortexM3\ARM_GCC_493\Debug\PSOC_USBUART.a(USBUART_Dp.o)
 .debug_ranges  0x000005c0      0x288 .\CortexM3\ARM_GCC_493\Debug\PSOC_USBUART.a(CyLib.o)
 .debug_ranges  0x00000848       0x88 .\CortexM3\ARM_GCC_493\Debug\PSOC_USBUART.a(cyPm.o)
 .debug_ranges  0x000008d0       0x30 .\CortexM3\ARM_GCC_493\Debug\PSOC_USBUART.a(OPAMP.o)
 .debug_ranges  0x00000900       0x50 .\CortexM3\ARM_GCC_493\Debug\PSOC_USBUART.a(IDAC8.o)
 .debug_ranges  0x00000950       0x10 .\CortexM3\ARM_GCC_493\Debug\PSOC_USBUART.a(USBUART_cls.o)
 .debug_ranges  0x00000960       0x70 .\CortexM3\ARM_GCC_493\Debug\PSOC_USBUART.a(CyFlash.o)
 .debug_ranges  0x000009d0       0x68 .\CortexM3\ARM_GCC_493\Debug\PSOC_USBUART.a(CySpc.o)

.comment        0x00000000       0x70
 .comment       0x00000000       0x70 .\CortexM3\ARM_GCC_493\Debug\main.o
                                 0x71 (size before relaxing)
 .comment       0x00000000       0x71 .\CortexM3\ARM_GCC_493\Debug\serial.o
 .comment       0x00000000       0x71 .\CortexM3\ARM_GCC_493\Debug\cymetadata.o
 .comment       0x00000000       0x71 .\CortexM3\ARM_GCC_493\Debug\Cm3Start.o
 .comment       0x00000000       0x71 .\CortexM3\ARM_GCC_493\Debug\PSOC_USBUART.a(cyfitter_cfg.o)
 .comment       0x00000000       0x71 .\CortexM3\ARM_GCC_493\Debug\PSOC_USBUART.a(ADC_DelSig.o)
 .comment       0x00000000       0x71 .\CortexM3\ARM_GCC_493\Debug\PSOC_USBUART.a(ADC_DelSig_INT.o)
 .comment       0x00000000       0x71 .\CortexM3\ARM_GCC_493\Debug\PSOC_USBUART.a(USBUART.o)
 .comment       0x00000000       0x71 .\CortexM3\ARM_GCC_493\Debug\PSOC_USBUART.a(USBUART_cdc.o)
 .comment       0x00000000       0x71 .\CortexM3\ARM_GCC_493\Debug\PSOC_USBUART.a(USBUART_drv.o)
 .comment       0x00000000       0x71 .\CortexM3\ARM_GCC_493\Debug\PSOC_USBUART.a(USBUART_episr.o)
 .comment       0x00000000       0x71 .\CortexM3\ARM_GCC_493\Debug\PSOC_USBUART.a(USBUART_pm.o)
 .comment       0x00000000       0x71 .\CortexM3\ARM_GCC_493\Debug\PSOC_USBUART.a(USBUART_std.o)
 .comment       0x00000000       0x71 .\CortexM3\ARM_GCC_493\Debug\PSOC_USBUART.a(USBUART_vnd.o)
 .comment       0x00000000       0x71 .\CortexM3\ARM_GCC_493\Debug\PSOC_USBUART.a(ADC_DelSig_Ext_CP_Clk.o)
 .comment       0x00000000       0x71 .\CortexM3\ARM_GCC_493\Debug\PSOC_USBUART.a(ADC_DelSig_theACLK.o)
 .comment       0x00000000       0x71 .\CortexM3\ARM_GCC_493\Debug\PSOC_USBUART.a(USBUART_Dp.o)
 .comment       0x00000000       0x71 .\CortexM3\ARM_GCC_493\Debug\PSOC_USBUART.a(CyLib.o)
 .comment       0x00000000       0x71 .\CortexM3\ARM_GCC_493\Debug\PSOC_USBUART.a(cyPm.o)
 .comment       0x00000000       0x71 .\CortexM3\ARM_GCC_493\Debug\PSOC_USBUART.a(OPAMP.o)
 .comment       0x00000000       0x71 .\CortexM3\ARM_GCC_493\Debug\PSOC_USBUART.a(IDAC8.o)
 .comment       0x00000000       0x71 .\CortexM3\ARM_GCC_493\Debug\PSOC_USBUART.a(USBUART_cls.o)
 .comment       0x00000000       0x71 .\CortexM3\ARM_GCC_493\Debug\PSOC_USBUART.a(USBUART_descr.o)
 .comment       0x00000000       0x71 .\CortexM3\ARM_GCC_493\Debug\PSOC_USBUART.a(CyFlash.o)
 .comment       0x00000000       0x71 .\CortexM3\ARM_GCC_493\Debug\PSOC_USBUART.a(CySpc.o)

.debug_weaknames
 *(.debug_weaknames)

.debug_funcnames
 *(.debug_funcnames)

.debug_typenames
 *(.debug_typenames)

.debug_varnames
 *(.debug_varnames)

.note.gnu.arm.ident
 *(.note.gnu.arm.ident)

.ARM.attributes
                0x00000000       0x29
 *(.ARM.attributes)
 .ARM.attributes
                0x00000000       0x1d c:/program files (x86)/cypress/psoc creator/4.0/psoc creator/import/gnu/arm/4.9.3/bin/../lib/gcc/arm-none-eabi/4.9.3/armv7-m/crti.o
 .ARM.attributes
                0x0000001d       0x2d c:/program files (x86)/cypress/psoc creator/4.0/psoc creator/import/gnu/arm/4.9.3/bin/../lib/gcc/arm-none-eabi/4.9.3/armv7-m/crtbegin.o
 .ARM.attributes
                0x0000004a       0x1b c:/program files (x86)/cypress/psoc creator/4.0/psoc creator/import/gnu/arm/4.9.3/bin/../lib/gcc/arm-none-eabi/4.9.3/../../../../arm-none-eabi/lib/armv7-m/crt0.o
 .ARM.attributes
                0x00000065       0x33 .\CortexM3\ARM_GCC_493\Debug\main.o
 .ARM.attributes
                0x00000098       0x33 .\CortexM3\ARM_GCC_493\Debug\serial.o
 .ARM.attributes
                0x000000cb       0x33 .\CortexM3\ARM_GCC_493\Debug\cymetadata.o
 .ARM.attributes
                0x000000fe       0x33 .\CortexM3\ARM_GCC_493\Debug\Cm3Start.o
 .ARM.attributes
                0x00000131       0x33 .\CortexM3\ARM_GCC_493\Debug\PSOC_USBUART.a(cyfitter_cfg.o)
 .ARM.attributes
                0x00000164       0x33 .\CortexM3\ARM_GCC_493\Debug\PSOC_USBUART.a(ADC_DelSig.o)
 .ARM.attributes
                0x00000197       0x33 .\CortexM3\ARM_GCC_493\Debug\PSOC_USBUART.a(ADC_DelSig_INT.o)
 .ARM.attributes
                0x000001ca       0x33 .\CortexM3\ARM_GCC_493\Debug\PSOC_USBUART.a(USBUART.o)
 .ARM.attributes
                0x000001fd       0x33 .\CortexM3\ARM_GCC_493\Debug\PSOC_USBUART.a(USBUART_cdc.o)
 .ARM.attributes
                0x00000230       0x33 .\CortexM3\ARM_GCC_493\Debug\PSOC_USBUART.a(USBUART_drv.o)
 .ARM.attributes
                0x00000263       0x33 .\CortexM3\ARM_GCC_493\Debug\PSOC_USBUART.a(USBUART_episr.o)
 .ARM.attributes
                0x00000296       0x33 .\CortexM3\ARM_GCC_493\Debug\PSOC_USBUART.a(USBUART_pm.o)
 .ARM.attributes
                0x000002c9       0x33 .\CortexM3\ARM_GCC_493\Debug\PSOC_USBUART.a(USBUART_std.o)
 .ARM.attributes
                0x000002fc       0x33 .\CortexM3\ARM_GCC_493\Debug\PSOC_USBUART.a(USBUART_vnd.o)
 .ARM.attributes
                0x0000032f       0x33 .\CortexM3\ARM_GCC_493\Debug\PSOC_USBUART.a(ADC_DelSig_Ext_CP_Clk.o)
 .ARM.attributes
                0x00000362       0x33 .\CortexM3\ARM_GCC_493\Debug\PSOC_USBUART.a(ADC_DelSig_theACLK.o)
 .ARM.attributes
                0x00000395       0x33 .\CortexM3\ARM_GCC_493\Debug\PSOC_USBUART.a(USBUART_Dp.o)
 .ARM.attributes
                0x000003c8       0x33 .\CortexM3\ARM_GCC_493\Debug\PSOC_USBUART.a(CyLib.o)
 .ARM.attributes
                0x000003fb       0x33 .\CortexM3\ARM_GCC_493\Debug\PSOC_USBUART.a(cyPm.o)
 .ARM.attributes
                0x0000042e       0x33 .\CortexM3\ARM_GCC_493\Debug\PSOC_USBUART.a(OPAMP.o)
 .ARM.attributes
                0x00000461       0x33 .\CortexM3\ARM_GCC_493\Debug\PSOC_USBUART.a(IDAC8.o)
 .ARM.attributes
                0x00000494       0x21 .\CortexM3\ARM_GCC_493\Debug\PSOC_USBUART.a(CyBootAsmGnu.o)
 .ARM.attributes
                0x000004b5       0x33 .\CortexM3\ARM_GCC_493\Debug\PSOC_USBUART.a(USBUART_cls.o)
 .ARM.attributes
                0x000004e8       0x33 .\CortexM3\ARM_GCC_493\Debug\PSOC_USBUART.a(USBUART_descr.o)
 .ARM.attributes
                0x0000051b       0x33 .\CortexM3\ARM_GCC_493\Debug\PSOC_USBUART.a(CyFlash.o)
 .ARM.attributes
                0x0000054e       0x33 .\CortexM3\ARM_GCC_493\Debug\PSOC_USBUART.a(CySpc.o)
 .ARM.attributes
                0x00000581       0x1d c:/program files (x86)/cypress/psoc creator/4.0/psoc creator/import/gnu/arm/4.9.3/bin/../lib/gcc/arm-none-eabi/4.9.3/armv7-m\libgcc.a(_arm_addsubdf3.o)
 .ARM.attributes
                0x0000059e       0x1d c:/program files (x86)/cypress/psoc creator/4.0/psoc creator/import/gnu/arm/4.9.3/bin/../lib/gcc/arm-none-eabi/4.9.3/armv7-m\libgcc.a(_arm_cmpdf2.o)
 .ARM.attributes
                0x000005bb       0x1d c:/program files (x86)/cypress/psoc creator/4.0/psoc creator/import/gnu/arm/4.9.3/bin/../lib/gcc/arm-none-eabi/4.9.3/armv7-m\libgcc.a(_arm_addsubsf3.o)
 .ARM.attributes
                0x000005d8       0x1d c:/program files (x86)/cypress/psoc creator/4.0/psoc creator/import/gnu/arm/4.9.3/bin/../lib/gcc/arm-none-eabi/4.9.3/armv7-m\libgcc.a(_arm_muldivsf3.o)
 .ARM.attributes
                0x000005f5       0x1d c:/program files (x86)/cypress/psoc creator/4.0/psoc creator/import/gnu/arm/4.9.3/bin/../lib/gcc/arm-none-eabi/4.9.3/armv7-m\libgcc.a(_arm_fixunssfsi.o)
 .ARM.attributes
                0x00000612       0x2d c:/program files (x86)/cypress/psoc creator/4.0/psoc creator/import/gnu/arm/4.9.3/bin/../lib/gcc/arm-none-eabi/4.9.3/../../../../arm-none-eabi/lib/armv7-m\libg_nano.a(lib_a-errno.o)
 .ARM.attributes
                0x0000063f       0x2d c:/program files (x86)/cypress/psoc creator/4.0/psoc creator/import/gnu/arm/4.9.3/bin/../lib/gcc/arm-none-eabi/4.9.3/../../../../arm-none-eabi/lib/armv7-m\libg_nano.a(lib_a-exit.o)
 .ARM.attributes
                0x0000066c       0x2d c:/program files (x86)/cypress/psoc creator/4.0/psoc creator/import/gnu/arm/4.9.3/bin/../lib/gcc/arm-none-eabi/4.9.3/../../../../arm-none-eabi/lib/armv7-m\libg_nano.a(lib_a-impure.o)
 .ARM.attributes
                0x00000699       0x2d c:/program files (x86)/cypress/psoc creator/4.0/psoc creator/import/gnu/arm/4.9.3/bin/../lib/gcc/arm-none-eabi/4.9.3/../../../../arm-none-eabi/lib/armv7-m\libg_nano.a(lib_a-init.o)
 .ARM.attributes
                0x000006c6       0x2d c:/program files (x86)/cypress/psoc creator/4.0/psoc creator/import/gnu/arm/4.9.3/bin/../lib/gcc/arm-none-eabi/4.9.3/../../../../arm-none-eabi/lib/armv7-m\libg_nano.a(lib_a-memcpy.o)
 .ARM.attributes
                0x000006f3       0x2d c:/program files (x86)/cypress/psoc creator/4.0/psoc creator/import/gnu/arm/4.9.3/bin/../lib/gcc/arm-none-eabi/4.9.3/../../../../arm-none-eabi/lib/armv7-m\libg_nano.a(lib_a-memset.o)
 .ARM.attributes
                0x00000720       0x2d c:/program files (x86)/cypress/psoc creator/4.0/psoc creator/import/gnu/arm/4.9.3/bin/../lib/gcc/arm-none-eabi/4.9.3/../../../../arm-none-eabi/lib/armv7-m\libg_nano.a(lib_a-sprintf.o)
 .ARM.attributes
                0x0000074d       0x2d c:/program files (x86)/cypress/psoc creator/4.0/psoc creator/import/gnu/arm/4.9.3/bin/../lib/gcc/arm-none-eabi/4.9.3/../../../../arm-none-eabi/lib/armv7-m\libg_nano.a(lib_a-nano-svfprintf.o)
 .ARM.attributes
                0x0000077a       0x2d c:/program files (x86)/cypress/psoc creator/4.0/psoc creator/import/gnu/arm/4.9.3/bin/../lib/gcc/arm-none-eabi/4.9.3/../../../../arm-none-eabi/lib/armv7-m\libg_nano.a(lib_a-nano-vfprintf_i.o)
 .ARM.attributes
                0x000007a7       0x2d c:/program files (x86)/cypress/psoc creator/4.0/psoc creator/import/gnu/arm/4.9.3/bin/../lib/gcc/arm-none-eabi/4.9.3/../../../../arm-none-eabi/lib/armv7-m\libg_nano.a(lib_a-memchr.o)
 .ARM.attributes
                0x000007d4       0x2d c:/program files (x86)/cypress/psoc creator/4.0/psoc creator/import/gnu/arm/4.9.3/bin/../lib/gcc/arm-none-eabi/4.9.3/../../../../arm-none-eabi/lib/armv7-m\libg_nano.a(lib_a-memmove.o)
 .ARM.attributes
                0x00000801       0x2d c:/program files (x86)/cypress/psoc creator/4.0/psoc creator/import/gnu/arm/4.9.3/bin/../lib/gcc/arm-none-eabi/4.9.3/../../../../arm-none-eabi/lib/armv7-m\libg_nano.a(lib_a-nano-freer.o)
 .ARM.attributes
                0x0000082e       0x2d c:/program files (x86)/cypress/psoc creator/4.0/psoc creator/import/gnu/arm/4.9.3/bin/../lib/gcc/arm-none-eabi/4.9.3/../../../../arm-none-eabi/lib/armv7-m\libg_nano.a(lib_a-nano-mallocr.o)
 .ARM.attributes
                0x0000085b       0x2d c:/program files (x86)/cypress/psoc creator/4.0/psoc creator/import/gnu/arm/4.9.3/bin/../lib/gcc/arm-none-eabi/4.9.3/../../../../arm-none-eabi/lib/armv7-m\libg_nano.a(lib_a-nano-reallocr.o)
 .ARM.attributes
                0x00000888       0x2d c:/program files (x86)/cypress/psoc creator/4.0/psoc creator/import/gnu/arm/4.9.3/bin/../lib/gcc/arm-none-eabi/4.9.3/../../../../arm-none-eabi/lib/armv7-m\libg_nano.a(lib_a-sbrkr.o)
 .ARM.attributes
                0x000008b5       0x2d c:/program files (x86)/cypress/psoc creator/4.0/psoc creator/import/gnu/arm/4.9.3/bin/../lib/gcc/arm-none-eabi/4.9.3/../../../../arm-none-eabi/lib/armv7-m\libg_nano.a(lib_a-nano-msizer.o)
 .ARM.attributes
                0x000008e2       0x2d c:/program files (x86)/cypress/psoc creator/4.0/psoc creator/import/gnu/arm/4.9.3/bin/../lib/gcc/arm-none-eabi/4.9.3/../../../../arm-none-eabi/lib/armv7-m\libg_nano.a(lib_a-reent.o)
 .ARM.attributes
                0x0000090f       0x2d c:/program files (x86)/cypress/psoc creator/4.0/psoc creator/import/gnu/arm/4.9.3/bin/../lib/gcc/arm-none-eabi/4.9.3/armv7-m/crtend.o
 .ARM.attributes
                0x0000093c       0x1d c:/program files (x86)/cypress/psoc creator/4.0/psoc creator/import/gnu/arm/4.9.3/bin/../lib/gcc/arm-none-eabi/4.9.3/armv7-m/crtn.o

/DISCARD/
 *(.note.GNU-stack)
OUTPUT(.\CortexM3\ARM_GCC_493\Debug\PSOC_USBUART.elf elf32-littlearm)
