Archive member included because of file (symbol)

.\CortexM3\ARM_GCC_493\Debug\PSOC_USBUART.a(cyfitter_cfg.o)
                              .\CortexM3\ARM_GCC_493\Debug\Cm3Start.o (cyfitter_cfg)
.\CortexM3\ARM_GCC_493\Debug\PSOC_USBUART.a(ADC_DelSig.o)
                              .\CortexM3\ARM_GCC_493\Debug\main.o (ADC_DelSig_Start)
.\CortexM3\ARM_GCC_493\Debug\PSOC_USBUART.a(ADC_DelSig_INT.o)
                              .\CortexM3\ARM_GCC_493\Debug\PSOC_USBUART.a(ADC_DelSig.o) (ADC_DelSig_ISR1)
.\CortexM3\ARM_GCC_493\Debug\PSOC_USBUART.a(USBUART.o)
                              .\CortexM3\ARM_GCC_493\Debug\main.o (USBUART_Start)
.\CortexM3\ARM_GCC_493\Debug\PSOC_USBUART.a(USBUART_cdc.o)
                              .\CortexM3\ARM_GCC_493\Debug\main.o (USBUART_CDC_Init)
.\CortexM3\ARM_GCC_493\Debug\PSOC_USBUART.a(USBUART_drv.o)
                              .\CortexM3\ARM_GCC_493\Debug\PSOC_USBUART.a(USBUART.o) (USBUART_lastPacketSize)
.\CortexM3\ARM_GCC_493\Debug\PSOC_USBUART.a(USBUART_episr.o)
                              .\CortexM3\ARM_GCC_493\Debug\PSOC_USBUART.a(USBUART.o) (USBUART_EP_1_ISR)
.\CortexM3\ARM_GCC_493\Debug\PSOC_USBUART.a(USBUART_pm.o)
                              .\CortexM3\ARM_GCC_493\Debug\PSOC_USBUART.a(USBUART.o) (USBUART_DP_ISR)
.\CortexM3\ARM_GCC_493\Debug\PSOC_USBUART.a(USBUART_std.o)
                              .\CortexM3\ARM_GCC_493\Debug\PSOC_USBUART.a(USBUART_pm.o) (USBUART_ConfigReg)
.\CortexM3\ARM_GCC_493\Debug\PSOC_USBUART.a(USBUART_vnd.o)
                              .\CortexM3\ARM_GCC_493\Debug\PSOC_USBUART.a(USBUART_drv.o) (USBUART_HandleVendorRqst)
.\CortexM3\ARM_GCC_493\Debug\PSOC_USBUART.a(ADC_DelSig_Ext_CP_Clk.o)
                              .\CortexM3\ARM_GCC_493\Debug\PSOC_USBUART.a(ADC_DelSig.o) (ADC_DelSig_Ext_CP_Clk_SetModeRegister)
.\CortexM3\ARM_GCC_493\Debug\PSOC_USBUART.a(ADC_DelSig_theACLK.o)
                              .\CortexM3\ARM_GCC_493\Debug\PSOC_USBUART.a(ADC_DelSig.o) (ADC_DelSig_theACLK_SetModeRegister)
.\CortexM3\ARM_GCC_493\Debug\PSOC_USBUART.a(USBUART_Dp.o)
                              .\CortexM3\ARM_GCC_493\Debug\PSOC_USBUART.a(USBUART_pm.o) (USBUART_Dp_ClearInterrupt)
.\CortexM3\ARM_GCC_493\Debug\PSOC_USBUART.a(CyBootAsmGnu.o)
                              .\CortexM3\ARM_GCC_493\Debug\PSOC_USBUART.a(cyfitter_cfg.o) (CyDelayCycles)
.\CortexM3\ARM_GCC_493\Debug\PSOC_USBUART.a(CyLib.o)
                              .\CortexM3\ARM_GCC_493\Debug\Cm3Start.o (CyHalt)
.\CortexM3\ARM_GCC_493\Debug\PSOC_USBUART.a(cyPm.o)
                              .\CortexM3\ARM_GCC_493\Debug\PSOC_USBUART.a(CyLib.o) (CyPmReadStatus)
.\CortexM3\ARM_GCC_493\Debug\PSOC_USBUART.a(USBUART_cls.o)
                              .\CortexM3\ARM_GCC_493\Debug\PSOC_USBUART.a(USBUART_drv.o) (USBUART_DispatchClassRqst)
.\CortexM3\ARM_GCC_493\Debug\PSOC_USBUART.a(USBUART_descr.o)
                              .\CortexM3\ARM_GCC_493\Debug\PSOC_USBUART.a(USBUART_std.o) (USBUART_idSerialNumberStringDescriptor)
.\CortexM3\ARM_GCC_493\Debug\PSOC_USBUART.a(CyFlash.o)
                              .\CortexM3\ARM_GCC_493\Debug\PSOC_USBUART.a(cyPm.o) (CyFlash_SetWaitCycles)
.\CortexM3\ARM_GCC_493\Debug\PSOC_USBUART.a(CySpc.o)
                              .\CortexM3\ARM_GCC_493\Debug\PSOC_USBUART.a(CyFlash.o) (CySpcStart)
c:/program files (x86)/cypress/psoc creator/3.3/psoc creator/import/gnu/arm/4.9.3/bin/../lib/gcc/arm-none-eabi/4.9.3/armv7-m\libgcc.a(_arm_addsubdf3.o)
                              .\CortexM3\ARM_GCC_493\Debug\PSOC_USBUART.a(ADC_DelSig.o) (__aeabi_f2d)
c:/program files (x86)/cypress/psoc creator/3.3/psoc creator/import/gnu/arm/4.9.3/bin/../lib/gcc/arm-none-eabi/4.9.3/armv7-m\libgcc.a(_arm_cmpdf2.o)
                              .\CortexM3\ARM_GCC_493\Debug\PSOC_USBUART.a(ADC_DelSig.o) (__aeabi_dcmpgt)
c:/program files (x86)/cypress/psoc creator/3.3/psoc creator/import/gnu/arm/4.9.3/bin/../lib/gcc/arm-none-eabi/4.9.3/armv7-m\libgcc.a(_arm_addsubsf3.o)
                              .\CortexM3\ARM_GCC_493\Debug\PSOC_USBUART.a(ADC_DelSig.o) (__aeabi_ui2f)
c:/program files (x86)/cypress/psoc creator/3.3/psoc creator/import/gnu/arm/4.9.3/bin/../lib/gcc/arm-none-eabi/4.9.3/armv7-m\libgcc.a(_arm_muldivsf3.o)
                              .\CortexM3\ARM_GCC_493\Debug\PSOC_USBUART.a(ADC_DelSig.o) (__aeabi_fmul)
c:/program files (x86)/cypress/psoc creator/3.3/psoc creator/import/gnu/arm/4.9.3/bin/../lib/gcc/arm-none-eabi/4.9.3/armv7-m\libgcc.a(_arm_fixunssfsi.o)
                              .\CortexM3\ARM_GCC_493\Debug\PSOC_USBUART.a(ADC_DelSig.o) (__aeabi_f2uiz)
c:/program files (x86)/cypress/psoc creator/3.3/psoc creator/import/gnu/arm/4.9.3/bin/../lib/gcc/arm-none-eabi/4.9.3/../../../../arm-none-eabi/lib/armv7-m\libg_nano.a(lib_a-errno.o)
                              .\CortexM3\ARM_GCC_493\Debug\Cm3Start.o (__errno)
[...]
Memory Configuration

Name             Origin             Length             Attributes
rom              0x00000000         0x00040000         xr
ram              0x1fff8000         0x00010000         xrw
*default*        0x00000000         0xffffffff

Linker script and memory map

LOAD c:/program files (x86)/cypress/psoc creator/3.3/psoc creator/import/gnu/arm/4.9.3/bin/../lib/gcc/arm-none-eabi/4.9.3/armv7-m/crti.o
LOAD c:/program files (x86)/cypress/psoc creator/3.3/psoc creator/import/gnu/arm/4.9.3/bin/../lib/gcc/arm-none-eabi/4.9.3/armv7-m/crtbegin.o
LOAD c:/program files (x86)/cypress/psoc creator/3.3/psoc creator/import/gnu/arm/4.9.3/bin/../lib/gcc/arm-none-eabi/4.9.3/../../../../arm-none-eabi/lib/armv7-m/crt0.o
START GROUP
LOAD .\CortexM3\ARM_GCC_493\Debug\main.o
LOAD .\CortexM3\ARM_GCC_493\Debug\cymetadata.o
LOAD .\CortexM3\ARM_GCC_493\Debug\Cm3Start.o
LOAD .\CortexM3\ARM_GCC_493\Debug\PSOC_USBUART.a
LOAD C:\Program Files (x86)\Cypress\PSoC Creator\3.3\PSoC Creator\psoc\content\cycomponentlibrary\CyComponentLibrary.cylib\CortexM3\ARM_GCC_493\Debug\CyComponentLibrary.a
END GROUP
START GROUP
LOAD c:/program files (x86)/cypress/psoc creator/3.3/psoc creator/import/gnu/arm/4.9.3/bin/../lib/gcc/arm-none-eabi/4.9.3/armv7-m\libgcc.a
LOAD c:/program files (x86)/cypress/psoc creator/3.3/psoc creator/import/gnu/arm/4.9.3/bin/../lib/gcc/arm-none-eabi/4.9.3/../../../../arm-none-eabi/lib/armv7-m\libg_nano.a
LOAD c:/program files (x86)/cypress/psoc creator/3.3/psoc creator/import/gnu/arm/4.9.3/bin/../lib/gcc/arm-none-eabi/4.9.3/../../../../arm-none-eabi/lib/armv7-m\libc_nano.a
END GROUP
START GROUP
LOAD c:/program files (x86)/cypress/psoc creator/3.3/psoc creator/import/gnu/arm/4.9.3/bin/../lib/gcc/arm-none-eabi/4.9.3/armv7-m\libgcc.a
LOAD c:/program files (x86)/cypress/psoc creator/3.3/psoc creator/import/gnu/arm/4.9.3/bin/../lib/gcc/arm-none-eabi/4.9.3/../../../../arm-none-eabi/lib/armv7-m\libc_nano.a
END GROUP
LOAD c:/program files (x86)/cypress/psoc creator/3.3/psoc creator/import/gnu/arm/4.9.3/bin/../lib/gcc/arm-none-eabi/4.9.3/armv7-m/crtend.o
LOAD c:/program files (x86)/cypress/psoc creator/3.3/psoc creator/import/gnu/arm/4.9.3/bin/../lib/gcc/arm-none-eabi/4.9.3/armv7-m/crtn.o
START GROUP
LOAD c:/program files (x86)/cypress/psoc creator/3.3/psoc creator/import/gnu/arm/4.9.3/bin/../lib/gcc/arm-none-eabi/4.9.3/armv7-m\libgcc.a
LOAD c:/program files (x86)/cypress/psoc creator/3.3/psoc creator/import/gnu/arm/4.9.3/bin/../lib/gcc/arm-none-eabi/4.9.3/../../../../arm-none-eabi/lib/armv7-m\libc.a
LOAD c:/program files (x86)/cypress/psoc creator/3.3/psoc creator/import/gnu/arm/4.9.3/bin/../lib/gcc/arm-none-eabi/4.9.3/../../../../arm-none-eabi/lib/armv7-m\libnosys.a
END GROUP
                0x00000000                CY_APPL_ORIGIN = 0x0
                0x00000100                CY_FLASH_ROW_SIZE = 0x100
                0x00000020                CY_ECC_ROW_SIZE = 0x20
                0x00000000                CY_EE_IN_BTLDR = 0x0
                0x00000000                CY_APPL_LOADABLE = 0x0
                0x00000800                CY_EE_SIZE = 0x800
                0x00000001                CY_APPL_NUM = 0x1
                0x00000001                CY_APPL_MAX = 0x1
                0x00000040                CY_METADATA_SIZE = 0x40
                0x00000000                CY_APPL_LOADABLE = 0x0
                0x00000000                CY_CHECKSUM_EXCLUDE_SIZE = ALIGN (0x0, CY_FLASH_ROW_SIZE)
                0x1fff82d0                PROVIDE (__cy_heap_start, _end)
                0x00000001                PROVIDE (__cy_region_num, ((__cy_regions_end - __cy_regions) / 0x10))
                0x20008000                PROVIDE (__cy_stack, (ORIGIN (ram) + 0x10000))
                0x20007800                PROVIDE (__cy_heap_end, (__cy_stack - 0x800))

.cybootloader   0x00000000        0x0
 *(.cybootloader)
                0x00000000                appl1_start = CY_APPL_ORIGIN?CY_APPL_ORIGIN:ALIGN (CY_FLASH_ROW_SIZE)
                0x0001ff00                appl2_start = (appl1_start + ALIGN ((((0x40000 - appl1_start) - (0x2 * CY_FLASH_ROW_SIZE)) / 0x2), CY_FLASH_ROW_SIZE))
                0x00000000                appl_start = (CY_APPL_NUM == 0x1)?appl1_start:appl2_start
                0x00000000                ecc_offset = ((appl_start / CY_FLASH_ROW_SIZE) * CY_ECC_ROW_SIZE)
                0x00000000                ee_offset = (CY_APPL_LOADABLE && ! (CY_EE_IN_BTLDR))?((CY_EE_SIZE / CY_APPL_MAX) * (CY_APPL_NUM - 0x1)):0x0
                0x00000800                ee_size = (CY_APPL_LOADABLE && ! (CY_EE_IN_BTLDR))?(CY_EE_SIZE / CY_APPL_MAX):CY_EE_SIZE
                0x00000000                PROVIDE (CY_ECC_OFFSET, ecc_offset)

.text           0x00000000     0x2b10
 CREATE_OBJECT_SYMBOLS
                0x00000000                PROVIDE (__cy_interrupt_vector, RomVectors)
 *(.romvectors)
 .romvectors    0x00000000       0x10 .\CortexM3\ARM_GCC_493\Debug\Cm3Start.o
                0x00000000                RomVectors
                0x00000001                ASSERT ((. != __cy_interrupt_vector), No interrupt vector)
                0x00000001                ASSERT (CY_APPL_ORIGIN?(SIZEOF (.cybootloader) <= CY_APPL_ORIGIN):0x1, Wrong image location)
                0x00000010                PROVIDE (__cy_reset, Reset)
 *(.text.Reset)
 .text.Reset    0x00000010       0x18 .\CortexM3\ARM_GCC_493\Debug\Cm3Start.o
                0x00000010                Reset
                0x00000001                ASSERT ((. != __cy_reset), No reset code)
 *(.dma_init)
                0x00000001                ASSERT ((((appl_start + .) <= 0x10000) || 0x1), DMA Init must be within the first 64k of flash)
 *(.text .text.* .gnu.linkonce.t.*)
 .text          0x00000028       0x5c c:/program files (x86)/cypress/psoc creator/3.3/psoc creator/import/gnu/arm/4.9.3/bin/../lib/gcc/arm-none-eabi/4.9.3/armv7-m/crtbegin.o
 .text.main     0x00000084       0x68 .\CortexM3\ARM_GCC_493\Debug\main.o
                0x00000084                main
 .text.IntDefaultHandler
                0x000000ec        0x4 .\CortexM3\ARM_GCC_493\Debug\Cm3Start.o
                0x000000ec                IntDefaultHandler
 .text._sbrk    0x000000f0       0x30 .\CortexM3\ARM_GCC_493\Debug\Cm3Start.o
                0x000000f0                _sbrk
 .text.Start_c  0x00000120       0x4c .\CortexM3\ARM_GCC_493\Debug\Cm3Start.o
                0x00000120                Start_c
 .text.initialize_psoc
                0x0000016c       0x74 .\CortexM3\ARM_GCC_493\Debug\Cm3Start.o
                0x0000016c                initialize_psoc
 .text.CyClockStartupError
                0x000001e0        0x4 .\CortexM3\ARM_GCC_493\Debug\PSOC_USBUART.a(cyfitter_cfg.o)
 .text.cfg_write_bytes32
                0x000001e4       0x34 .\CortexM3\ARM_GCC_493\Debug\PSOC_USBUART.a(cyfitter_cfg.o)
 .text.AnalogSetDefault
                0x00000218       0x38 .\CortexM3\ARM_GCC_493\Debug\PSOC_USBUART.a(cyfitter_cfg.o)
 .text.CYMEMZERO
                0x00000250        0xc .\CortexM3\ARM_GCC_493\Debug\PSOC_USBUART.a(cyfitter_cfg.o)
 .text.CYCONFIGCPY
                0x0000025c        0x8 .\CortexM3\ARM_GCC_493\Debug\PSOC_USBUART.a(cyfitter_cfg.o)
 .text.ClockSetup
                0x00000264       0xe8 .\CortexM3\ARM_GCC_493\Debug\PSOC_USBUART.a(cyfitter_cfg.o)
 .text.cyfitter_cfg
                0x0000034c       0xdc .\CortexM3\ARM_GCC_493\Debug\PSOC_USBUART.a(cyfitter_cfg.o)
                0x0000034c                cyfitter_cfg
 .text.ADC_DelSig_GainCompensation
                0x00000428       0xd0 .\CortexM3\ARM_GCC_493\Debug\PSOC_USBUART.a(ADC_DelSig.o)
 .text.ADC_DelSig_SetDSMRef0Reg
                0x000004f8       0x4c .\CortexM3\ARM_GCC_493\Debug\PSOC_USBUART.a(ADC_DelSig.o)
 .text.ADC_DelSig_InitConfig
                0x00000544      0x324 .\CortexM3\ARM_GCC_493\Debug\PSOC_USBUART.a(ADC_DelSig.o)
 .text.ADC_DelSig_Init
                0x00000868      0x108 .\CortexM3\ARM_GCC_493\Debug\PSOC_USBUART.a(ADC_DelSig.o)
                0x00000868                ADC_DelSig_Init
 .text.ADC_DelSig_Enable
                0x00000970       0xd8 .\CortexM3\ARM_GCC_493\Debug\PSOC_USBUART.a(ADC_DelSig.o)
                0x00000970                ADC_DelSig_Enable
 .text.ADC_DelSig_Start
                0x00000a48       0x28 .\CortexM3\ARM_GCC_493\Debug\PSOC_USBUART.a(ADC_DelSig.o)
                0x00000a48                ADC_DelSig_Start
 .text.ADC_DelSig_ISR1
                0x00000a70        0x4 .\CortexM3\ARM_GCC_493\Debug\PSOC_USBUART.a(ADC_DelSig_INT.o)
                0x00000a70                ADC_DelSig_ISR1
 .text.ADC_DelSig_ISR2
                0x00000a74        0x4 .\CortexM3\ARM_GCC_493\Debug\PSOC_USBUART.a(ADC_DelSig_INT.o)
                0x00000a74                ADC_DelSig_ISR2
 .text.ADC_DelSig_ISR3
                0x00000a78        0x4 .\CortexM3\ARM_GCC_493\Debug\PSOC_USBUART.a(ADC_DelSig_INT.o)
                0x00000a78                ADC_DelSig_ISR3
 .text.ADC_DelSig_ISR4
                0x00000a7c        0x4 .\CortexM3\ARM_GCC_493\Debug\PSOC_USBUART.a(ADC_DelSig_INT.o)
                0x00000a7c                ADC_DelSig_ISR4
 .text.USBUART_Init
                0x00000a80      0x140 .\CortexM3\ARM_GCC_493\Debug\PSOC_USBUART.a(USBUART.o)
                0x00000a80                USBUART_Init
 .text.USBUART_InitComponent
                0x00000bc0       0xb8 .\CortexM3\ARM_GCC_493\Debug\PSOC_USBUART.a(USBUART.o)
                0x00000bc0                USBUART_InitComponent
 .text.USBUART_Start
                0x00000c78       0x24 .\CortexM3\ARM_GCC_493\Debug\PSOC_USBUART.a(USBUART.o)
                0x00000c78                USBUART_Start
 .text.USBUART_ReInitComponent
                0x00000c9c       0x4c .\CortexM3\ARM_GCC_493\Debug\PSOC_USBUART.a(USBUART.o)
                0x00000c9c                USBUART_ReInitComponent
 .text.USBUART_GetConfiguration
                0x00000ce8        0xc .\CortexM3\ARM_GCC_493\Debug\PSOC_USBUART.a(USBUART.o)
                0x00000ce8                USBUART_GetConfiguration
 .text.USBUART_IsConfigurationChanged
                0x00000cf4       0x20 .\CortexM3\ARM_GCC_493\Debug\PSOC_USBUART.a(USBUART.o)
                0x00000cf4                USBUART_IsConfigurationChanged
 .text.USBUART_GetEPState
                0x00000d14       0x14 .\CortexM3\ARM_GCC_493\Debug\PSOC_USBUART.a(USBUART.o)
                0x00000d14                USBUART_GetEPState
 .text.USBUART_LoadInEP
                0x00000d28       0x94 .\CortexM3\ARM_GCC_493\Debug\PSOC_USBUART.a(USBUART.o)
                0x00000d28                USBUART_LoadInEP
 .text.USBUART_EnableOutEP
                0x00000dbc       0x2c .\CortexM3\ARM_GCC_493\Debug\PSOC_USBUART.a(USBUART.o)
                0x00000dbc                USBUART_EnableOutEP
 .text.USBUART_StrLen
                0x00000de8       0x14 .\CortexM3\ARM_GCC_493\Debug\PSOC_USBUART.a(USBUART_cdc.o)
 .text.USBUART_GetInterfaceComPort
                0x00000dfc       0x3c .\CortexM3\ARM_GCC_493\Debug\PSOC_USBUART.a(USBUART_cdc.o)
                0x00000dfc                USBUART_GetInterfaceComPort
 .text.USBUART_DispatchCDCClassRqst
                0x00000e38       0x98 .\CortexM3\ARM_GCC_493\Debug\PSOC_USBUART.a(USBUART_cdc.o)
                0x00000e38                USBUART_DispatchCDCClassRqst
 .text.USBUART_CDC_Init
                0x00000ed0       0x98 .\CortexM3\ARM_GCC_493\Debug\PSOC_USBUART.a(USBUART_cdc.o)
                0x00000ed0                USBUART_CDC_Init
 .text.USBUART_PutString
                0x00000f68       0x9c .\CortexM3\ARM_GCC_493\Debug\PSOC_USBUART.a(USBUART_cdc.o)
                0x00000f68                USBUART_PutString
 .text.USBUART_CDCIsReady
                0x00001004       0x18 .\CortexM3\ARM_GCC_493\Debug\PSOC_USBUART.a(USBUART_cdc.o)
                0x00001004                USBUART_CDCIsReady
 .text.USBUART_Cdc_EpInit
                0x0000101c       0x50 .\CortexM3\ARM_GCC_493\Debug\PSOC_USBUART.a(USBUART_cdc.o)
                0x0000101c                USBUART_Cdc_EpInit
 .text.USBUART_LoadEP0
                0x0000106c       0x94 .\CortexM3\ARM_GCC_493\Debug\PSOC_USBUART.a(USBUART_drv.o)
                0x0000106c                USBUART_LoadEP0
 .text.USBUART_InitZeroLengthControlTransfer
                0x00001100       0x34 .\CortexM3\ARM_GCC_493\Debug\PSOC_USBUART.a(USBUART_drv.o)
                0x00001100                USBUART_InitZeroLengthControlTransfer
 .text.USBUART_ControlReadDataStage
                0x00001134        0x8 .\CortexM3\ARM_GCC_493\Debug\PSOC_USBUART.a(USBUART_drv.o)
                0x00001134                USBUART_ControlReadDataStage
 .text.USBUART_ControlWriteDataStage
                0x0000113c       0x80 .\CortexM3\ARM_GCC_493\Debug\PSOC_USBUART.a(USBUART_drv.o)
                0x0000113c                USBUART_ControlWriteDataStage
 .text.USBUART_InitNoDataControlTransfer
                0x000011bc       0x2c .\CortexM3\ARM_GCC_493\Debug\PSOC_USBUART.a(USBUART_drv.o)
                0x000011bc                USBUART_InitNoDataControlTransfer
 .text.USBUART_UpdateStatusBlock
                0x000011e8       0x24 .\CortexM3\ARM_GCC_493\Debug\PSOC_USBUART.a(USBUART_drv.o)
                0x000011e8                USBUART_UpdateStatusBlock
 .text.USBUART_HandleSetup
                0x0000120c       0x5c .\CortexM3\ARM_GCC_493\Debug\PSOC_USBUART.a(USBUART_drv.o)
                0x0000120c                USBUART_HandleSetup
 .text.USBUART_ControlReadStatusStage
                0x00001268       0x34 .\CortexM3\ARM_GCC_493\Debug\PSOC_USBUART.a(USBUART_drv.o)
                0x00001268                USBUART_ControlReadStatusStage
 .text.USBUART_HandleOUT
                0x0000129c       0x38 .\CortexM3\ARM_GCC_493\Debug\PSOC_USBUART.a(USBUART_drv.o)
                0x0000129c                USBUART_HandleOUT
 .text.USBUART_ControlWriteStatusStage
                0x000012d4       0x20 .\CortexM3\ARM_GCC_493\Debug\PSOC_USBUART.a(USBUART_drv.o)
                0x000012d4                USBUART_ControlWriteStatusStage
 .text.USBUART_NoDataControlStatusStage
                0x000012f4       0x40 .\CortexM3\ARM_GCC_493\Debug\PSOC_USBUART.a(USBUART_drv.o)
                0x000012f4                USBUART_NoDataControlStatusStage
 .text.USBUART_HandleIN
                0x00001334       0x2c .\CortexM3\ARM_GCC_493\Debug\PSOC_USBUART.a(USBUART_drv.o)
                0x00001334                USBUART_HandleIN
 .text.USBUART_EP_0_ISR
                0x00001360       0xb8 .\CortexM3\ARM_GCC_493\Debug\PSOC_USBUART.a(USBUART_drv.o)
                0x00001360                USBUART_EP_0_ISR
 .text.USBUART_InitializeStatusBlock
                0x00001418       0x24 .\CortexM3\ARM_GCC_493\Debug\PSOC_USBUART.a(USBUART_drv.o)
                0x00001418                USBUART_InitializeStatusBlock
 .text.USBUART_InitControlRead
                0x0000143c       0x50 .\CortexM3\ARM_GCC_493\Debug\PSOC_USBUART.a(USBUART_drv.o)
                0x0000143c                USBUART_InitControlRead
 .text.USBUART_InitControlWrite
                0x0000148c       0x48 .\CortexM3\ARM_GCC_493\Debug\PSOC_USBUART.a(USBUART_drv.o)
                0x0000148c                USBUART_InitControlWrite
 .text.USBUART_EP_1_ISR
                0x000014d4       0x38 .\CortexM3\ARM_GCC_493\Debug\PSOC_USBUART.a(USBUART_episr.o)
                0x000014d4                USBUART_EP_1_ISR
 .text.USBUART_EP_2_ISR
                0x0000150c       0x3c .\CortexM3\ARM_GCC_493\Debug\PSOC_USBUART.a(USBUART_episr.o)
                0x0000150c                USBUART_EP_2_ISR
 .text.USBUART_EP_3_ISR
                0x00001548       0x44 .\CortexM3\ARM_GCC_493\Debug\PSOC_USBUART.a(USBUART_episr.o)
                0x00001548                USBUART_EP_3_ISR
 .text.USBUART_SOF_ISR
                0x0000158c        0x4 .\CortexM3\ARM_GCC_493\Debug\PSOC_USBUART.a(USBUART_episr.o)
                0x0000158c                USBUART_SOF_ISR
 .text.USBUART_BUS_RESET_ISR
                0x00001590        0x8 .\CortexM3\ARM_GCC_493\Debug\PSOC_USBUART.a(USBUART_episr.o)
                0x00001590                USBUART_BUS_RESET_ISR
 .text.USBUART_DP_ISR
                0x00001598        0x8 .\CortexM3\ARM_GCC_493\Debug\PSOC_USBUART.a(USBUART_pm.o)
                0x00001598                USBUART_DP_ISR
 .text.USBUART_ReadDieID
                0x000015a0       0x6c .\CortexM3\ARM_GCC_493\Debug\PSOC_USBUART.a(USBUART_std.o)
                0x000015a0                USBUART_ReadDieID
 .text.USBUART_ConfigReg
                0x0000160c       0xa4 .\CortexM3\ARM_GCC_493\Debug\PSOC_USBUART.a(USBUART_std.o)
                0x0000160c                USBUART_ConfigReg
 .text.USBUART_GetConfigTablePtr
                0x000016b0       0x28 .\CortexM3\ARM_GCC_493\Debug\PSOC_USBUART.a(USBUART_std.o)
                0x000016b0                USBUART_GetConfigTablePtr
 .text.USBUART_ConfigAltChanged
                0x000016d8      0x11c .\CortexM3\ARM_GCC_493\Debug\PSOC_USBUART.a(USBUART_std.o)
                0x000016d8                USBUART_ConfigAltChanged
 .text.USBUART_GetDeviceTablePtr
                0x000017f4       0x18 .\CortexM3\ARM_GCC_493\Debug\PSOC_USBUART.a(USBUART_std.o)
                0x000017f4                USBUART_GetDeviceTablePtr
 .text.USBUART_GetInterfaceClassTablePtr
                0x0000180c       0x24 .\CortexM3\ARM_GCC_493\Debug\PSOC_USBUART.a(USBUART_std.o)
                0x0000180c                USBUART_GetInterfaceClassTablePtr
 .text.USBUART_Config
                0x00001830      0x1e4 .\CortexM3\ARM_GCC_493\Debug\PSOC_USBUART.a(USBUART_std.o)
                0x00001830                USBUART_Config
 .text.USBUART_SetEndpointHalt
                0x00001a14       0x64 .\CortexM3\ARM_GCC_493\Debug\PSOC_USBUART.a(USBUART_std.o)
                0x00001a14                USBUART_SetEndpointHalt
 .text.USBUART_ClearEndpointHalt
                0x00001a78       0xa8 .\CortexM3\ARM_GCC_493\Debug\PSOC_USBUART.a(USBUART_std.o)
                0x00001a78                USBUART_ClearEndpointHalt
 .text.USBUART_ValidateAlternateSetting
                0x00001b20       0x4c .\CortexM3\ARM_GCC_493\Debug\PSOC_USBUART.a(USBUART_std.o)
                0x00001b20                USBUART_ValidateAlternateSetting
 .text.USBUART_HandleStandardRqst
                0x00001b6c      0x350 .\CortexM3\ARM_GCC_493\Debug\PSOC_USBUART.a(USBUART_std.o)
                0x00001b6c                USBUART_HandleStandardRqst
 .text.USBUART_HandleVendorRqst
                0x00001ebc       0x18 .\CortexM3\ARM_GCC_493\Debug\PSOC_USBUART.a(USBUART_vnd.o)
                0x00001ebc                USBUART_HandleVendorRqst
 .text.ADC_DelSig_Ext_CP_Clk_GetDividerRegister
                0x00001ed4        0xc .\CortexM3\ARM_GCC_493\Debug\PSOC_USBUART.a(ADC_DelSig_Ext_CP_Clk.o)
                0x00001ed4                ADC_DelSig_Ext_CP_Clk_GetDividerRegister
 .text.ADC_DelSig_Ext_CP_Clk_SetModeRegister
                0x00001ee0       0x14 .\CortexM3\ARM_GCC_493\Debug\PSOC_USBUART.a(ADC_DelSig_Ext_CP_Clk.o)
                0x00001ee0                ADC_DelSig_Ext_CP_Clk_SetModeRegister
 .text.ADC_DelSig_Ext_CP_Clk_GetSourceRegister
                0x00001ef4       0x10 .\CortexM3\ARM_GCC_493\Debug\PSOC_USBUART.a(ADC_DelSig_Ext_CP_Clk.o)
                0x00001ef4                ADC_DelSig_Ext_CP_Clk_GetSourceRegister
 .text.ADC_DelSig_Ext_CP_Clk_SetDividerRegister
                0x00001f04       0xd8 .\CortexM3\ARM_GCC_493\Debug\PSOC_USBUART.a(ADC_DelSig_Ext_CP_Clk.o)
                0x00001f04                ADC_DelSig_Ext_CP_Clk_SetDividerRegister
 .text.ADC_DelSig_theACLK_GetDividerRegister
                0x00001fdc        0xc .\CortexM3\ARM_GCC_493\Debug\PSOC_USBUART.a(ADC_DelSig_theACLK.o)
                0x00001fdc                ADC_DelSig_theACLK_GetDividerRegister
 .text.ADC_DelSig_theACLK_SetModeRegister
                0x00001fe8       0x14 .\CortexM3\ARM_GCC_493\Debug\PSOC_USBUART.a(ADC_DelSig_theACLK.o)
                0x00001fe8                ADC_DelSig_theACLK_SetModeRegister
 .text.ADC_DelSig_theACLK_GetSourceRegister
                0x00001ffc       0x10 .\CortexM3\ARM_GCC_493\Debug\PSOC_USBUART.a(ADC_DelSig_theACLK.o)
                0x00001ffc                ADC_DelSig_theACLK_GetSourceRegister
 .text.ADC_DelSig_theACLK_SetDividerRegister
                0x0000200c       0xd8 .\CortexM3\ARM_GCC_493\Debug\PSOC_USBUART.a(ADC_DelSig_theACLK.o)
                0x0000200c                ADC_DelSig_theACLK_SetDividerRegister
 .text.USBUART_Dp_ClearInterrupt
                0x000020e4       0x10 .\CortexM3\ARM_GCC_493\Debug\PSOC_USBUART.a(USBUART_Dp.o)
                0x000020e4                USBUART_Dp_ClearInterrupt
 *fill*         0x000020f4        0x4 
 .text          0x000020f8       0x20 .\CortexM3\ARM_GCC_493\Debug\PSOC_USBUART.a(CyBootAsmGnu.o)
                0x000020f8                CyDelayCycles
                0x00002108                CyEnterCriticalSection
                0x00002110                CyExitCriticalSection
 .text.CyHalt   0x00002118        0x4 .\CortexM3\ARM_GCC_493\Debug\PSOC_USBUART.a(CyLib.o)
                0x00002118                CyHalt
 .text.CyDelay  0x0000211c       0x2c .\CortexM3\ARM_GCC_493\Debug\PSOC_USBUART.a(CyLib.o)
                0x0000211c                CyDelay
 .text.CyDelayUs
                0x00002148       0x14 .\CortexM3\ARM_GCC_493\Debug\PSOC_USBUART.a(CyLib.o)
                0x00002148                CyDelayUs
 .text.CyIntSetVector
                0x0000215c       0x28 .\CortexM3\ARM_GCC_493\Debug\PSOC_USBUART.a(CyLib.o)
                0x0000215c                CyIntSetVector
 .text.CyIntSetPriority
                0x00002184       0x30 .\CortexM3\ARM_GCC_493\Debug\PSOC_USBUART.a(CyLib.o)
                0x00002184                CyIntSetPriority
 .text.CyGetUniqueId
                0x000021b4       0x70 .\CortexM3\ARM_GCC_493\Debug\PSOC_USBUART.a(CyLib.o)
                0x000021b4                CyGetUniqueId
 .text.USBUART_DispatchClassRqst
                0x00002224       0x58 .\CortexM3\ARM_GCC_493\Debug\PSOC_USBUART.a(USBUART_cls.o)
                0x00002224                USBUART_DispatchClassRqst
 .text.__errno  0x0000227c        0xc c:/program files (x86)/cypress/psoc creator/3.3/psoc creator/import/gnu/arm/4.9.3/bin/../lib/gcc/arm-none-eabi/4.9.3/../../../../arm-none-eabi/lib/armv7-m\libg_nano.a(lib_a-errno.o)
                0x0000227c                __errno
 .text.__libc_init_array
                0x00002288       0x4c c:/program files (x86)/cypress/psoc creator/3.3/psoc creator/import/gnu/arm/4.9.3/bin/../lib/gcc/arm-none-eabi/4.9.3/../../../../arm-none-eabi/lib/armv7-m\libg_nano.a(lib_a-init.o)
                0x00002288                __libc_init_array
 .text.memcpy   0x000022d4       0x16 c:/program files (x86)/cypress/psoc creator/3.3/psoc creator/import/gnu/arm/4.9.3/bin/../lib/gcc/arm-none-eabi/4.9.3/../../../../arm-none-eabi/lib/armv7-m\libg_nano.a(lib_a-memcpy.o)
                0x000022d4                memcpy
 .text.memset   0x000022ea       0x10 c:/program files (x86)/cypress/psoc creator/3.3/psoc creator/import/gnu/arm/4.9.3/bin/../lib/gcc/arm-none-eabi/4.9.3/../../../../arm-none-eabi/lib/armv7-m\libg_nano.a(lib_a-memset.o)
                0x000022ea                memset
 *fill*         0x000022fa        0x2 
 .text.sprintf  0x000022fc       0x48 c:/program files (x86)/cypress/psoc creator/3.3/psoc creator/import/gnu/arm/4.9.3/bin/../lib/gcc/arm-none-eabi/4.9.3/../../../../arm-none-eabi/lib/armv7-m\libg_nano.a(lib_a-sprintf.o)
                0x000022fc                siprintf
                0x000022fc                sprintf
 .text.__ssputs_r
                0x00002344       0xb2 c:/program files (x86)/cypress/psoc creator/3.3/psoc creator/import/gnu/arm/4.9.3/bin/../lib/gcc/arm-none-eabi/4.9.3/../../../../arm-none-eabi/lib/armv7-m\libg_nano.a(lib_a-nano-svfprintf.o)
                0x00002344                __ssputs_r
 *fill*         0x000023f6        0x2 
 .text._svfprintf_r
                0x000023f8      0x1e4 c:/program files (x86)/cypress/psoc creator/3.3/psoc creator/import/gnu/arm/4.9.3/bin/../lib/gcc/arm-none-eabi/4.9.3/../../../../arm-none-eabi/lib/armv7-m\libg_nano.a(lib_a-nano-svfprintf.o)
                0x000023f8                _svfiprintf_r
                0x000023f8                _svfprintf_r
 .text._printf_common
                0x000025dc       0xea c:/program files (x86)/cypress/psoc creator/3.3/psoc creator/import/gnu/arm/4.9.3/bin/../lib/gcc/arm-none-eabi/4.9.3/../../../../arm-none-eabi/lib/armv7-m\libg_nano.a(lib_a-nano-vfprintf_i.o)
                0x000025dc                _printf_common
 *fill*         0x000026c6        0x2 
 .text._printf_i
                0x000026c8      0x240 c:/program files (x86)/cypress/psoc creator/3.3/psoc creator/import/gnu/arm/4.9.3/bin/../lib/gcc/arm-none-eabi/4.9.3/../../../../arm-none-eabi/lib/armv7-m\libg_nano.a(lib_a-nano-vfprintf_i.o)
                0x000026c8                _printf_i
 .text.memchr   0x00002908       0x1c c:/program files (x86)/cypress/psoc creator/3.3/psoc creator/import/gnu/arm/4.9.3/bin/../lib/gcc/arm-none-eabi/4.9.3/../../../../arm-none-eabi/lib/armv7-m\libg_nano.a(lib_a-memchr.o)
                0x00002908                memchr
 .text.memmove  0x00002924       0x36 c:/program files (x86)/cypress/psoc creator/3.3/psoc creator/import/gnu/arm/4.9.3/bin/../lib/gcc/arm-none-eabi/4.9.3/../../../../arm-none-eabi/lib/armv7-m\libg_nano.a(lib_a-memmove.o)
                0x00002924                memmove
 *fill*         0x0000295a        0x2 
 .text._free_r  0x0000295c       0x88 c:/program files (x86)/cypress/psoc creator/3.3/psoc creator/import/gnu/arm/4.9.3/bin/../lib/gcc/arm-none-eabi/4.9.3/../../../../arm-none-eabi/lib/armv7-m\libg_nano.a(lib_a-nano-freer.o)
                0x0000295c                _free_r
 .text._malloc_r
                0x000029e4       0xac c:/program files (x86)/cypress/psoc creator/3.3/psoc creator/import/gnu/arm/4.9.3/bin/../lib/gcc/arm-none-eabi/4.9.3/../../../../arm-none-eabi/lib/armv7-m\libg_nano.a(lib_a-nano-mallocr.o)
                0x000029e4                _malloc_r
 .text._realloc_r
                0x00002a90       0x4c c:/program files (x86)/cypress/psoc creator/3.3/psoc creator/import/gnu/arm/4.9.3/bin/../lib/gcc/arm-none-eabi/4.9.3/../../../../arm-none-eabi/lib/armv7-m\libg_nano.a(lib_a-nano-reallocr.o)
                0x00002a90                _realloc_r
 .text._sbrk_r  0x00002adc       0x20 c:/program files (x86)/cypress/psoc creator/3.3/psoc creator/import/gnu/arm/4.9.3/bin/../lib/gcc/arm-none-eabi/4.9.3/../../../../arm-none-eabi/lib/armv7-m\libg_nano.a(lib_a-sbrkr.o)
                0x00002adc                _sbrk_r
 .text._malloc_usable_size_r
                0x00002afc       0x14 c:/program files (x86)/cypress/psoc creator/3.3/psoc creator/import/gnu/arm/4.9.3/bin/../lib/gcc/arm-none-eabi/4.9.3/../../../../arm-none-eabi/lib/armv7-m\libg_nano.a(lib_a-nano-msizer.o)
                0x00002afc                _malloc_usable_size_r
 *(.plt)
 *(.gnu.warning)
 *(.glue_7t)
 .glue_7t       0x00000000        0x0 linker stubs
 *(.glue_7)
 .glue_7        0x00000000        0x0 linker stubs
 *(.vfp11_veneer)
 .vfp11_veneer  0x00000000        0x0 linker stubs
 *(.bootloader)
 *(.ARM.extab* .gnu.linkonce.armextab.*)
 *(.gcc_except_table)

.v4_bx          0x00002b10        0x0
 .v4_bx         0x00000000        0x0 linker stubs

.iplt           0x00002b10        0x0
 .iplt          0x00000000        0x0 c:/program files (x86)/cypress/psoc creator/3.3/psoc creator/import/gnu/arm/4.9.3/bin/../lib/gcc/arm-none-eabi/4.9.3/armv7-m/crtbegin.o

.eh_frame_hdr
 *(.eh_frame_hdr)

.eh_frame       0x00002b10        0x4
 *(.eh_frame)
 .eh_frame      0x00002b10        0x0 c:/program files (x86)/cypress/psoc creator/3.3/psoc creator/import/gnu/arm/4.9.3/bin/../lib/gcc/arm-none-eabi/4.9.3/armv7-m/crtbegin.o
 .eh_frame      0x00002b10        0x4 c:/program files (x86)/cypress/psoc creator/3.3/psoc creator/import/gnu/arm/4.9.3/bin/../lib/gcc/arm-none-eabi/4.9.3/armv7-m/crtend.o
                0x00002b14                PROVIDE (__exidx_start, .)

.ARM.exidx
 *(.ARM.exidx* .gnu.linkonce.armexidx.*)
                0x00002b14                __exidx_end = .

.rodata         0x00002b14      0x21c
 *(.rodata .rodata.* .gnu.linkonce.r.*)
 .rodata.str1.4
                0x00002b14        0xe .\CortexM3\ARM_GCC_493\Debug\main.o
                                 0x10 (size before relaxing)
 *fill*         0x00002b22        0x2 
 .rodata        0x00002b24       0x2c .\CortexM3\ARM_GCC_493\Debug\PSOC_USBUART.a(cyfitter_cfg.o)
 .rodata.str1.4
                0x00002b50       0x14 .\CortexM3\ARM_GCC_493\Debug\PSOC_USBUART.a(USBUART_std.o)
 .rodata        0x00002b64      0x160 .\CortexM3\ARM_GCC_493\Debug\PSOC_USBUART.a(USBUART_descr.o)
                0x00002b64                USBUART_TABLE
                0x00002b6c                USBUART_DEVICE0_TABLE
                0x00002b84                USBUART_DEVICE0_CONFIGURATION0_TABLE
                0x00002bac                USBUART_DEVICE0_CONFIGURATION0_INTERFACE_CLASS
                0x00002bb0                USBUART_DEVICE0_CONFIGURATION0_EP_SETTINGS_TABLE
                0x00002bc8                USBUART_SN_STRING_DESCRIPTOR
                0x00002bcc                USBUART_STRING_DESCRIPTORS
                0x00002c6c                USBUART_DEVICE0_CONFIGURATION0_DESCR
                0x00002cb0                USBUART_DEVICE0_DESCR
 .rodata.str1.1
                0x00002cc4        0x2 c:/program files (x86)/cypress/psoc creator/3.3/psoc creator/import/gnu/arm/4.9.3/bin/../lib/gcc/arm-none-eabi/4.9.3/../../../../arm-none-eabi/lib/armv7-m\libg_nano.a(lib_a-impure.o)
 .rodata.str1.1
                0x00002cc6       0x11 c:/program files (x86)/cypress/psoc creator/3.3/psoc creator/import/gnu/arm/4.9.3/bin/../lib/gcc/arm-none-eabi/4.9.3/../../../../arm-none-eabi/lib/armv7-m\libg_nano.a(lib_a-nano-svfprintf.o)
 .rodata.str1.1
                0x00002cd7       0x22 c:/program files (x86)/cypress/psoc creator/3.3/psoc creator/import/gnu/arm/4.9.3/bin/../lib/gcc/arm-none-eabi/4.9.3/../../../../arm-none-eabi/lib/armv7-m\libg_nano.a(lib_a-nano-vfprintf_i.o)
                0x00002cfc                . = ALIGN (0x4)
 *fill*         0x00002cf9        0x3 
 *(.init)
 .init          0x00002cfc        0x4 c:/program files (x86)/cypress/psoc creator/3.3/psoc creator/import/gnu/arm/4.9.3/bin/../lib/gcc/arm-none-eabi/4.9.3/armv7-m/crti.o
                0x00002cfc                _init
 .init          0x00002d00        0x8 c:/program files (x86)/cypress/psoc creator/3.3/psoc creator/import/gnu/arm/4.9.3/bin/../lib/gcc/arm-none-eabi/4.9.3/armv7-m/crtn.o
                0x00002d08                . = ALIGN (0x4)
                0x00002d08                __preinit_array_start = .
 *(.preinit_array)
                0x00002d08                __preinit_array_end = .
                0x00002d08                . = ALIGN (0x4)
                0x00002d08                __init_array_start = .
 *(SORT(.init_array.*))
 *(.init_array)
 .init_array    0x00002d08        0x4 c:/program files (x86)/cypress/psoc creator/3.3/psoc creator/import/gnu/arm/4.9.3/bin/../lib/gcc/arm-none-eabi/4.9.3/armv7-m/crtbegin.o
 .init_array    0x00002d0c        0x4 .\CortexM3\ARM_GCC_493\Debug\Cm3Start.o
                0x00002d10                __init_array_end = .
                0x00002d10                . = ALIGN (0x4)
 *(.fini)
 .fini          0x00002d10        0x4 c:/program files (x86)/cypress/psoc creator/3.3/psoc creator/import/gnu/arm/4.9.3/bin/../lib/gcc/arm-none-eabi/4.9.3/armv7-m/crti.o
                0x00002d10                _fini
 .fini          0x00002d14        0x8 c:/program files (x86)/cypress/psoc creator/3.3/psoc creator/import/gnu/arm/4.9.3/bin/../lib/gcc/arm-none-eabi/4.9.3/armv7-m/crtn.o
                0x00002d1c                . = ALIGN (0x4)
                0x00002d1c                __fini_array_start = .
 *(.fini_array)
 .fini_array    0x00002d1c        0x4 c:/program files (x86)/cypress/psoc creator/3.3/psoc creator/import/gnu/arm/4.9.3/bin/../lib/gcc/arm-none-eabi/4.9.3/armv7-m/crtbegin.o
 *(SORT(.fini_array.*))
                0x00002d20                __fini_array_end = .
                0x00002d20                . = ALIGN (0x4)
 *crtbegin.o(.ctors)
 *(EXCLUDE_FILE(*crtend.o) .ctors)
 *(SORT(.ctors.*))
 *crtend.o(.ctors)
                0x00002d20                . = ALIGN (0x4)
 *crtbegin.o(.dtors)
 *(EXCLUDE_FILE(*crtend.o) .dtors)
 *(SORT(.dtors.*))
 *crtend.o(.dtors)
                0x00002d20                . = ALIGN (0x4)
                0x00002d20                __cy_regions = .
                0x00002d20        0x4 LONG 0x2d30 __cy_region_init_ram
                0x00002d24        0x4 LONG 0x1fff8108 __cy_region_start_data
                0x00002d28        0x4 LONG 0xa0 __cy_region_init_size_ram
                0x00002d2c        0x4 LONG 0x128 __cy_region_zero_size_ram
                0x00002d30                __cy_regions_end = .
                0x00002d30                . = ALIGN (0x8)
                0x00002d30                _etext = .

.cy_checksum_exclude
                0x00002d30        0x0
 *(.cy_checksum_exclude)

.ramvectors     0x1fff8000      0x100
                0x1fff8000                __cy_region_start_ram = .
 *(.ramvectors)
 .ramvectors    0x1fff8000      0x100 .\CortexM3\ARM_GCC_493\Debug\Cm3Start.o
                0x1fff8000                CyRamVectors

.noinit         0x1fff8100        0x5
 *(.noinit)
 .noinit        0x1fff8100        0x4 .\CortexM3\ARM_GCC_493\Debug\Cm3Start.o
 .noinit        0x1fff8104        0x1 .\CortexM3\ARM_GCC_493\Debug\PSOC_USBUART.a(CyLib.o)
                0x1fff8104                CyResetStatus

.data           0x1fff8108       0xa0 load address 0x00002d30
                0x1fff8108                __cy_region_start_data = .
 *(.jcr)
 .jcr           0x1fff8108        0x0 c:/program files (x86)/cypress/psoc creator/3.3/psoc creator/import/gnu/arm/4.9.3/bin/../lib/gcc/arm-none-eabi/4.9.3/armv7-m/crtbegin.o
 .jcr           0x1fff8108        0x4 c:/program files (x86)/cypress/psoc creator/3.3/psoc creator/import/gnu/arm/4.9.3/bin/../lib/gcc/arm-none-eabi/4.9.3/armv7-m/crtend.o
 *(.got.plt)
 *(.got)
 *(.shdata)
 *(.data .data.* .gnu.linkonce.d.*)
 .data          0x1fff810c        0x4 .\CortexM3\ARM_GCC_493\Debug\Cm3Start.o
 .data          0x1fff8110        0x1 .\CortexM3\ARM_GCC_493\Debug\PSOC_USBUART.a(ADC_DelSig.o)
                0x1fff8110                ADC_DelSig_Config
 *fill*         0x1fff8111        0x3 
 .data          0x1fff8114       0x1c .\CortexM3\ARM_GCC_493\Debug\PSOC_USBUART.a(USBUART_cdc.o)
                0x1fff8114                USBUART_linesCoding
 .data          0x1fff8130       0x10 .\CortexM3\ARM_GCC_493\Debug\PSOC_USBUART.a(CyLib.o)
                0x1fff8130                cydelay_32k_ms
                0x1fff8134                cydelay_freq_khz
                0x1fff8138                cydelay_freq_mhz
                0x1fff813c                cydelay_freq_hz
 .data.impure_data
                0x1fff8140       0x60 c:/program files (x86)/cypress/psoc creator/3.3/psoc creator/import/gnu/arm/4.9.3/bin/../lib/gcc/arm-none-eabi/4.9.3/../../../../arm-none-eabi/lib/armv7-m\libg_nano.a(lib_a-impure.o)
 .data._impure_ptr
                0x1fff81a0        0x4 c:/program files (x86)/cypress/psoc creator/3.3/psoc creator/import/gnu/arm/4.9.3/bin/../lib/gcc/arm-none-eabi/4.9.3/../../../../arm-none-eabi/lib/armv7-m\libg_nano.a(lib_a-impure.o)
                0x1fff81a0                _impure_ptr
                0x1fff81a8                . = ALIGN (0x8)
 *fill*         0x1fff81a4        0x4 
 *(.ram)
                0x1fff81a8                _edata = .

.igot.plt       0x1fff81a8        0x0 load address 0x00002dd0
 .igot.plt      0x00000000        0x0 c:/program files (x86)/cypress/psoc creator/3.3/psoc creator/import/gnu/arm/4.9.3/bin/../lib/gcc/arm-none-eabi/4.9.3/armv7-m/crtbegin.o

.bss            0x1fff81a8      0x128 load address 0x00002dd0
                0x1fff81a8                PROVIDE (__bss_start__, .)
 *(.shbss)
 *(.bss .bss.* .gnu.linkonce.b.*)
 .bss           0x1fff81a8       0x1c c:/program files (x86)/cypress/psoc creator/3.3/psoc creator/import/gnu/arm/4.9.3/bin/../lib/gcc/arm-none-eabi/4.9.3/armv7-m/crtbegin.o
 .bss           0x1fff81c4       0x14 .\CortexM3\ARM_GCC_493\Debug\PSOC_USBUART.a(ADC_DelSig.o)
                0x1fff81d4                ADC_DelSig_stopConversion
                0x1fff81d5                ADC_DelSig_convDone
                0x1fff81d6                ADC_DelSig_initVar
                0x1fff81d7                ADC_DelSig_started
 .bss           0x1fff81d8        0x1 .\CortexM3\ARM_GCC_493\Debug\PSOC_USBUART.a(USBUART.o)
                0x1fff81d8                USBUART_initVar
 .bss           0x1fff81d9        0x1 .\CortexM3\ARM_GCC_493\Debug\PSOC_USBUART.a(USBUART_cdc.o)
 *fill*         0x1fff81da        0x2 
 .bss           0x1fff81dc        0x4 .\CortexM3\ARM_GCC_493\Debug\PSOC_USBUART.a(USBUART_std.o)
 .bss.__malloc_sbrk_start
                0x1fff81e0        0x4 c:/program files (x86)/cypress/psoc creator/3.3/psoc creator/import/gnu/arm/4.9.3/bin/../lib/gcc/arm-none-eabi/4.9.3/../../../../arm-none-eabi/lib/armv7-m\libg_nano.a(lib_a-nano-mallocr.o)
                0x1fff81e0                __malloc_sbrk_start
 .bss.__malloc_free_list
                0x1fff81e4        0x4 c:/program files (x86)/cypress/psoc creator/3.3/psoc creator/import/gnu/arm/4.9.3/bin/../lib/gcc/arm-none-eabi/4.9.3/../../../../arm-none-eabi/lib/armv7-m\libg_nano.a(lib_a-nano-mallocr.o)
                0x1fff81e4                __malloc_free_list
 *(COMMON)
 COMMON         0x1fff81e8        0x8 .\CortexM3\ARM_GCC_493\Debug\PSOC_USBUART.a(ADC_DelSig.o)
                0x1fff81e8                ADC_DelSig_CountsPerVolt
                0x1fff81ec                ADC_DelSig_Offset
 COMMON         0x1fff81f0       0x18 .\CortexM3\ARM_GCC_493\Debug\PSOC_USBUART.a(USBUART_cdc.o)
                0x1fff81f0                USBUART_linesChanged
                0x1fff81f4                USBUART_cdcDataInEp
                0x1fff81f8                USBUART_cdcCommInInterruptEp
                0x1fff81fc                USBUART_cdcDataOutEp
                0x1fff8200                USBUART_serialStateBitmap
                0x1fff8204                USBUART_linesControlBitmap
 COMMON         0x1fff8208       0x9a .\CortexM3\ARM_GCC_493\Debug\PSOC_USBUART.a(USBUART_drv.o)
                0x1fff8208                USBUART_lastPacketSize
                0x1fff8209                USBUART_device
                0x1fff820a                USBUART_transferByteCount
                0x1fff820c                USBUART_transferState
                0x1fff8210                USBUART_interfaceSettingLast
                0x1fff8214                USBUART_currentTD
                0x1fff8220                USBUART_interfaceNumber
                0x1fff8224                USBUART_interfaceClass
                0x1fff8228                USBUART_configurationChanged
                0x1fff8229                USBUART_ep0Mode
                0x1fff822a                USBUART_deviceAddress
                0x1fff822b                USBUART_configuration
                0x1fff822c                USBUART_ep0Count
                0x1fff822d                USBUART_deviceStatus
                0x1fff8230                USBUART_EP
                0x1fff829c                USBUART_interfaceSetting
                0x1fff829e                USBUART_ep0Toggle
                0x1fff82a0                USBUART_interfaceStatus
 *fill*         0x1fff82a2        0x2 
 COMMON         0x1fff82a4       0x22 .\CortexM3\ARM_GCC_493\Debug\PSOC_USBUART.a(USBUART_descr.o)
                0x1fff82a4                USBUART_idSerialNumberStringDescriptor
 *fill*         0x1fff82c6        0x2 
 COMMON         0x1fff82c8        0x4 c:/program files (x86)/cypress/psoc creator/3.3/psoc creator/import/gnu/arm/4.9.3/bin/../lib/gcc/arm-none-eabi/4.9.3/../../../../arm-none-eabi/lib/armv7-m\libg_nano.a(lib_a-reent.o)
                0x1fff82c8                errno
                0x1fff82d0                . = ALIGN (0x8)
 *fill*         0x1fff82cc        0x4 
 *(.ram.b)
                0x1fff82d0                _end = .
                0x1fff82d0                __end = .
                0x1fff82d0                PROVIDE (end, .)
                0x1fff82d0                PROVIDE (__bss_end__, .)
                0x00002d30                __cy_region_init_ram = LOADADDR (.data)
                0x000000a0                __cy_region_init_size_ram = (_edata - ADDR (.data))
                0x00000128                __cy_region_zero_size_ram = (_end - _edata)

.heap           0x1fff82d0       0x80 load address 0x00002dd0
                0x1fff82d0                . = _end
                0x1fff8350                . = (. + 0x80)
 *fill*         0x1fff82d0       0x80 
                0x1fff8350                __cy_heap_limit = .

.stack          0x20007800      0x800
                0x20007800                __cy_stack_limit = .
                0x20008000                . = (. + 0x800)
 *fill*         0x20007800      0x800 
                0x00000001                ASSERT ((__cy_stack_limit >= __cy_heap_limit), region RAM overflowed with stack)
                0x00000000                cy_checksum_exclude_size = (CY_APPL_LOADABLE == 0x1)?SIZEOF (.cy_checksum_exclude):0x0
                0x00000001                ASSERT ((cy_checksum_exclude_size <= CY_CHECKSUM_EXCLUDE_SIZE), CY_BOOT: Section .cy_checksum_exclude size exceedes specified limit.)

.cyloadermeta
 *(.cyloadermeta)

.cyloadablemeta
 *(.cyloadablemeta)

.cyconfigecc    0x80000000       0xd8
 *(.cyconfigecc)
 .cyconfigecc   0x80000000       0xd8 .\CortexM3\ARM_GCC_493\Debug\cymetadata.o
                0x80000000                cy_meta_configecc

.cycustnvl      0x90000000        0x4
 *(.cycustnvl)
 .cycustnvl     0x90000000        0x4 .\CortexM3\ARM_GCC_493\Debug\cymetadata.o
                0x90000000                cy_meta_custnvl

.cywolatch      0x90100000        0x4
 *(.cywolatch)
 .cywolatch     0x90100000        0x4 .\CortexM3\ARM_GCC_493\Debug\cymetadata.o
                0x90100000                cy_meta_wonvl

.cyeeprom       0x90200000        0x0
 *(.cyeeprom)
                0x00000001                ASSERT ((. <= ((0x90200000 + ee_offset) + ee_size)), .cyeeprom data will not fit in EEPROM)

.cyflashprotect
                0x90400000      0x100
 *(.cyflashprotect)
 .cyflashprotect
                0x90400000      0x100 .\CortexM3\ARM_GCC_493\Debug\cymetadata.o
                0x90400000                cy_meta_flashprotect

.cymeta         0x90500000        0xc
 *(.cymeta)
 .cymeta        0x90500000        0xc .\CortexM3\ARM_GCC_493\Debug\cymetadata.o
                0x90500000                cy_metadata

.rel.dyn        0x00002dd0        0x0 load address 0x9050000c
 .rel.iplt      0x00000000        0x0 c:/program files (x86)/cypress/psoc creator/3.3/psoc creator/import/gnu/arm/4.9.3/bin/../lib/gcc/arm-none-eabi/4.9.3/armv7-m/crtbegin.o

.stab
 *(.stab)

.stabstr
 *(.stabstr)

.debug
 *(.debug)

.line
 *(.line)

.debug_srcinfo
 *(.debug_srcinfo)

.debug_sfnames
 *(.debug_sfnames)

.debug_aranges  0x00000000      0xb18
 *(.debug_aranges)
 .debug_aranges
                0x00000000       0x20 .\CortexM3\ARM_GCC_493\Debug\main.o
 .debug_aranges
                0x00000020       0x18 .\CortexM3\ARM_GCC_493\Debug\cymetadata.o
 .debug_aranges
                0x00000038       0x48 .\CortexM3\ARM_GCC_493\Debug\Cm3Start.o
 .debug_aranges
                0x00000080       0x58 .\CortexM3\ARM_GCC_493\Debug\PSOC_USBUART.a(cyfitter_cfg.o)
 .debug_aranges
                0x000000d8       0xe8 .\CortexM3\ARM_GCC_493\Debug\PSOC_USBUART.a(ADC_DelSig.o)
 .debug_aranges
                0x000001c0       0x38 .\CortexM3\ARM_GCC_493\Debug\PSOC_USBUART.a(ADC_DelSig_INT.o)
 .debug_aranges
                0x000001f8       0xc8 .\CortexM3\ARM_GCC_493\Debug\PSOC_USBUART.a(USBUART.o)
 .debug_aranges
                0x000002c0       0xe8 .\CortexM3\ARM_GCC_493\Debug\PSOC_USBUART.a(USBUART_cdc.o)
 .debug_aranges
                0x000003a8       0x98 .\CortexM3\ARM_GCC_493\Debug\PSOC_USBUART.a(USBUART_drv.o)
 .debug_aranges
                0x00000440       0x40 .\CortexM3\ARM_GCC_493\Debug\PSOC_USBUART.a(USBUART_episr.o)
 .debug_aranges
                0x00000480       0x40 .\CortexM3\ARM_GCC_493\Debug\PSOC_USBUART.a(USBUART_pm.o)
 .debug_aranges
                0x000004c0       0x80 .\CortexM3\ARM_GCC_493\Debug\PSOC_USBUART.a(USBUART_std.o)
 .debug_aranges
                0x00000540       0x20 .\CortexM3\ARM_GCC_493\Debug\PSOC_USBUART.a(USBUART_vnd.o)
 .debug_aranges
                0x00000560       0x70 .\CortexM3\ARM_GCC_493\Debug\PSOC_USBUART.a(ADC_DelSig_Ext_CP_Clk.o)
 .debug_aranges
                0x000005d0       0x80 .\CortexM3\ARM_GCC_493\Debug\PSOC_USBUART.a(ADC_DelSig_theACLK.o)
 .debug_aranges
                0x00000650       0x48 .\CortexM3\ARM_GCC_493\Debug\PSOC_USBUART.a(USBUART_Dp.o)
 .debug_aranges
                0x00000698       0x20 .\CortexM3\ARM_GCC_493\Debug\PSOC_USBUART.a(CyBootAsmGnu.o)
 .debug_aranges
                0x000006b8      0x298 .\CortexM3\ARM_GCC_493\Debug\PSOC_USBUART.a(CyLib.o)
 .debug_aranges
                0x00000950       0x98 .\CortexM3\ARM_GCC_493\Debug\PSOC_USBUART.a(cyPm.o)
 .debug_aranges
                0x000009e8       0x20 .\CortexM3\ARM_GCC_493\Debug\PSOC_USBUART.a(USBUART_cls.o)
 .debug_aranges
                0x00000a08       0x18 .\CortexM3\ARM_GCC_493\Debug\PSOC_USBUART.a(USBUART_descr.o)
 .debug_aranges
                0x00000a20       0x80 .\CortexM3\ARM_GCC_493\Debug\PSOC_USBUART.a(CyFlash.o)
 .debug_aranges
                0x00000aa0       0x78 .\CortexM3\ARM_GCC_493\Debug\PSOC_USBUART.a(CySpc.o)

.debug_pubnames
 *(.debug_pubnames)

.debug_info     0x00000000     0x79a5
 *(.debug_info .gnu.linkonce.wi.*)
 .debug_info    0x00000000      0x27e .\CortexM3\ARM_GCC_493\Debug\main.o
 .debug_info    0x0000027e      0x13a .\CortexM3\ARM_GCC_493\Debug\cymetadata.o
 .debug_info    0x000003b8      0x39f .\CortexM3\ARM_GCC_493\Debug\Cm3Start.o
 .debug_info    0x00000757      0x4d4 .\CortexM3\ARM_GCC_493\Debug\PSOC_USBUART.a(cyfitter_cfg.o)
 .debug_info    0x00000c2b      0xbe9 .\CortexM3\ARM_GCC_493\Debug\PSOC_USBUART.a(ADC_DelSig.o)
 .debug_info    0x00001814       0xcc .\CortexM3\ARM_GCC_493\Debug\PSOC_USBUART.a(ADC_DelSig_INT.o)
 .debug_info    0x000018e0      0x9b0 .\CortexM3\ARM_GCC_493\Debug\PSOC_USBUART.a(USBUART.o)
 .debug_info    0x00002290      0xb16 .\CortexM3\ARM_GCC_493\Debug\PSOC_USBUART.a(USBUART_cdc.o)
 .debug_info    0x00002da6      0x649 .\CortexM3\ARM_GCC_493\Debug\PSOC_USBUART.a(USBUART_drv.o)
 .debug_info    0x000033ef      0x244 .\CortexM3\ARM_GCC_493\Debug\PSOC_USBUART.a(USBUART_episr.o)
 .debug_info    0x00003633      0x2ef .\CortexM3\ARM_GCC_493\Debug\PSOC_USBUART.a(USBUART_pm.o)
 .debug_info    0x00003922      0xb35 .\CortexM3\ARM_GCC_493\Debug\PSOC_USBUART.a(USBUART_std.o)
 .debug_info    0x00004457       0xe6 .\CortexM3\ARM_GCC_493\Debug\PSOC_USBUART.a(USBUART_vnd.o)
 .debug_info    0x0000453d      0x283 .\CortexM3\ARM_GCC_493\Debug\PSOC_USBUART.a(ADC_DelSig_Ext_CP_Clk.o)
 .debug_info    0x000047c0      0x2c4 .\CortexM3\ARM_GCC_493\Debug\PSOC_USBUART.a(ADC_DelSig_theACLK.o)
 .debug_info    0x00004a84      0x174 .\CortexM3\ARM_GCC_493\Debug\PSOC_USBUART.a(USBUART_Dp.o)
 .debug_info    0x00004bf8       0x96 .\CortexM3\ARM_GCC_493\Debug\PSOC_USBUART.a(CyBootAsmGnu.o)
 .debug_info    0x00004c8e     0x136f .\CortexM3\ARM_GCC_493\Debug\PSOC_USBUART.a(CyLib.o)
 .debug_info    0x00005ffd      0xa57 .\CortexM3\ARM_GCC_493\Debug\PSOC_USBUART.a(cyPm.o)
 .debug_info    0x00006a54      0x1d2 .\CortexM3\ARM_GCC_493\Debug\PSOC_USBUART.a(USBUART_cls.o)
 .debug_info    0x00006c26      0x28d .\CortexM3\ARM_GCC_493\Debug\PSOC_USBUART.a(USBUART_descr.o)
 .debug_info    0x00006eb3      0x608 .\CortexM3\ARM_GCC_493\Debug\PSOC_USBUART.a(CyFlash.o)
 .debug_info    0x000074bb      0x4ea .\CortexM3\ARM_GCC_493\Debug\PSOC_USBUART.a(CySpc.o)

.debug_abbrev   0x00000000     0x2095
 *(.debug_abbrev)
 .debug_abbrev  0x00000000      0x174 .\CortexM3\ARM_GCC_493\Debug\main.o
 .debug_abbrev  0x00000174       0x5d .\CortexM3\ARM_GCC_493\Debug\cymetadata.o
 .debug_abbrev  0x000001d1      0x200 .\CortexM3\ARM_GCC_493\Debug\Cm3Start.o
 .debug_abbrev  0x000003d1      0x1f0 .\CortexM3\ARM_GCC_493\Debug\PSOC_USBUART.a(cyfitter_cfg.o)
 .debug_abbrev  0x000005c1      0x21f .\CortexM3\ARM_GCC_493\Debug\PSOC_USBUART.a(ADC_DelSig.o)
 .debug_abbrev  0x000007e0       0x42 .\CortexM3\ARM_GCC_493\Debug\PSOC_USBUART.a(ADC_DelSig_INT.o)
 .debug_abbrev  0x00000822      0x25e .\CortexM3\ARM_GCC_493\Debug\PSOC_USBUART.a(USBUART.o)
 .debug_abbrev  0x00000a80      0x28b .\CortexM3\ARM_GCC_493\Debug\PSOC_USBUART.a(USBUART_cdc.o)
 .debug_abbrev  0x00000d0b      0x18b .\CortexM3\ARM_GCC_493\Debug\PSOC_USBUART.a(USBUART_drv.o)
 .debug_abbrev  0x00000e96      0x11b .\CortexM3\ARM_GCC_493\Debug\PSOC_USBUART.a(USBUART_episr.o)
 .debug_abbrev  0x00000fb1      0x146 .\CortexM3\ARM_GCC_493\Debug\PSOC_USBUART.a(USBUART_pm.o)
 .debug_abbrev  0x000010f7      0x23d .\CortexM3\ARM_GCC_493\Debug\PSOC_USBUART.a(USBUART_std.o)
 .debug_abbrev  0x00001334       0x9b .\CortexM3\ARM_GCC_493\Debug\PSOC_USBUART.a(USBUART_vnd.o)
 .debug_abbrev  0x000013cf      0x139 .\CortexM3\ARM_GCC_493\Debug\PSOC_USBUART.a(ADC_DelSig_Ext_CP_Clk.o)
 .debug_abbrev  0x00001508      0x121 .\CortexM3\ARM_GCC_493\Debug\PSOC_USBUART.a(ADC_DelSig_theACLK.o)
 .debug_abbrev  0x00001629       0x90 .\CortexM3\ARM_GCC_493\Debug\PSOC_USBUART.a(USBUART_Dp.o)
 .debug_abbrev  0x000016b9       0x14 .\CortexM3\ARM_GCC_493\Debug\PSOC_USBUART.a(CyBootAsmGnu.o)
 .debug_abbrev  0x000016cd      0x296 .\CortexM3\ARM_GCC_493\Debug\PSOC_USBUART.a(CyLib.o)
 .debug_abbrev  0x00001963      0x1ed .\CortexM3\ARM_GCC_493\Debug\PSOC_USBUART.a(cyPm.o)
 .debug_abbrev  0x00001b50       0xe3 .\CortexM3\ARM_GCC_493\Debug\PSOC_USBUART.a(USBUART_cls.o)
 .debug_abbrev  0x00001c33       0xb4 .\CortexM3\ARM_GCC_493\Debug\PSOC_USBUART.a(USBUART_descr.o)
 .debug_abbrev  0x00001ce7      0x1ed .\CortexM3\ARM_GCC_493\Debug\PSOC_USBUART.a(CyFlash.o)
 .debug_abbrev  0x00001ed4      0x1c1 .\CortexM3\ARM_GCC_493\Debug\PSOC_USBUART.a(CySpc.o)

.debug_line     0x00000000     0x2de1
 *(.debug_line)
 .debug_line    0x00000000      0x1c1 .\CortexM3\ARM_GCC_493\Debug\main.o
 .debug_line    0x000001c1       0x53 .\CortexM3\ARM_GCC_493\Debug\cymetadata.o
 .debug_line    0x00000214      0x249 .\CortexM3\ARM_GCC_493\Debug\Cm3Start.o
 .debug_line    0x0000045d      0x1e3 .\CortexM3\ARM_GCC_493\Debug\PSOC_USBUART.a(cyfitter_cfg.o)
 .debug_line    0x00000640      0x3da .\CortexM3\ARM_GCC_493\Debug\PSOC_USBUART.a(ADC_DelSig.o)
 .debug_line    0x00000a1a       0x89 .\CortexM3\ARM_GCC_493\Debug\PSOC_USBUART.a(ADC_DelSig_INT.o)
 .debug_line    0x00000aa3      0x2ca .\CortexM3\ARM_GCC_493\Debug\PSOC_USBUART.a(USBUART.o)
 .debug_line    0x00000d6d      0x2f4 .\CortexM3\ARM_GCC_493\Debug\PSOC_USBUART.a(USBUART_cdc.o)
 .debug_line    0x00001061      0x223 .\CortexM3\ARM_GCC_493\Debug\PSOC_USBUART.a(USBUART_drv.o)
 .debug_line    0x00001284       0xe8 .\CortexM3\ARM_GCC_493\Debug\PSOC_USBUART.a(USBUART_episr.o)
 .debug_line    0x0000136c      0x110 .\CortexM3\ARM_GCC_493\Debug\PSOC_USBUART.a(USBUART_pm.o)
 .debug_line    0x0000147c      0x3e4 .\CortexM3\ARM_GCC_493\Debug\PSOC_USBUART.a(USBUART_std.o)
 .debug_line    0x00001860       0x75 .\CortexM3\ARM_GCC_493\Debug\PSOC_USBUART.a(USBUART_vnd.o)
 .debug_line    0x000018d5      0x19d .\CortexM3\ARM_GCC_493\Debug\PSOC_USBUART.a(ADC_DelSig_Ext_CP_Clk.o)
 .debug_line    0x00001a72      0x1bd .\CortexM3\ARM_GCC_493\Debug\PSOC_USBUART.a(ADC_DelSig_theACLK.o)
 .debug_line    0x00001c2f       0xbd .\CortexM3\ARM_GCC_493\Debug\PSOC_USBUART.a(USBUART_Dp.o)
 .debug_line    0x00001cec       0x68 .\CortexM3\ARM_GCC_493\Debug\PSOC_USBUART.a(CyBootAsmGnu.o)
 .debug_line    0x00001d54      0x806 .\CortexM3\ARM_GCC_493\Debug\PSOC_USBUART.a(CyLib.o)
 .debug_line    0x0000255a      0x366 .\CortexM3\ARM_GCC_493\Debug\PSOC_USBUART.a(cyPm.o)
 .debug_line    0x000028c0       0x94 .\CortexM3\ARM_GCC_493\Debug\PSOC_USBUART.a(USBUART_cls.o)
 .debug_line    0x00002954       0x63 .\CortexM3\ARM_GCC_493\Debug\PSOC_USBUART.a(USBUART_descr.o)
 .debug_line    0x000029b7      0x1ec .\CortexM3\ARM_GCC_493\Debug\PSOC_USBUART.a(CyFlash.o)
 .debug_line    0x00002ba3      0x23e .\CortexM3\ARM_GCC_493\Debug\PSOC_USBUART.a(CySpc.o)

.debug_frame    0x00000000     0x1f38
 *(.debug_frame)
 .debug_frame   0x00000000       0x2c .\CortexM3\ARM_GCC_493\Debug\main.o
 .debug_frame   0x0000002c       0xac .\CortexM3\ARM_GCC_493\Debug\Cm3Start.o
 .debug_frame   0x000000d8       0xe4 .\CortexM3\ARM_GCC_493\Debug\PSOC_USBUART.a(cyfitter_cfg.o)
 .debug_frame   0x000001bc      0x290 .\CortexM3\ARM_GCC_493\Debug\PSOC_USBUART.a(ADC_DelSig.o)
 .debug_frame   0x0000044c       0x50 .\CortexM3\ARM_GCC_493\Debug\PSOC_USBUART.a(ADC_DelSig_INT.o)
 .debug_frame   0x0000049c      0x1dc .\CortexM3\ARM_GCC_493\Debug\PSOC_USBUART.a(USBUART.o)
 .debug_frame   0x00000678      0x278 .\CortexM3\ARM_GCC_493\Debug\PSOC_USBUART.a(USBUART_cdc.o)
 .debug_frame   0x000008f0      0x194 .\CortexM3\ARM_GCC_493\Debug\PSOC_USBUART.a(USBUART_drv.o)
 .debug_frame   0x00000a84       0x6c .\CortexM3\ARM_GCC_493\Debug\PSOC_USBUART.a(USBUART_episr.o)
 .debug_frame   0x00000af0       0xa0 .\CortexM3\ARM_GCC_493\Debug\PSOC_USBUART.a(USBUART_pm.o)
 .debug_frame   0x00000b90      0x17c .\CortexM3\ARM_GCC_493\Debug\PSOC_USBUART.a(USBUART_std.o)
 .debug_frame   0x00000d0c       0x20 .\CortexM3\ARM_GCC_493\Debug\PSOC_USBUART.a(USBUART_vnd.o)
 .debug_frame   0x00000d2c       0xe0 .\CortexM3\ARM_GCC_493\Debug\PSOC_USBUART.a(ADC_DelSig_Ext_CP_Clk.o)
 .debug_frame   0x00000e0c      0x100 .\CortexM3\ARM_GCC_493\Debug\PSOC_USBUART.a(ADC_DelSig_theACLK.o)
 .debug_frame   0x00000f0c       0x70 .\CortexM3\ARM_GCC_493\Debug\PSOC_USBUART.a(USBUART_Dp.o)
 .debug_frame   0x00000f7c      0x728 .\CortexM3\ARM_GCC_493\Debug\PSOC_USBUART.a(CyLib.o)
 .debug_frame   0x000016a4      0x1f8 .\CortexM3\ARM_GCC_493\Debug\PSOC_USBUART.a(cyPm.o)
 .debug_frame   0x0000189c       0x2c .\CortexM3\ARM_GCC_493\Debug\PSOC_USBUART.a(USBUART_cls.o)
 .debug_frame   0x000018c8      0x174 .\CortexM3\ARM_GCC_493\Debug\PSOC_USBUART.a(CyFlash.o)
 .debug_frame   0x00001a3c      0x160 .\CortexM3\ARM_GCC_493\Debug\PSOC_USBUART.a(CySpc.o)
 .debug_frame   0x00001b9c       0x20 c:/program files (x86)/cypress/psoc creator/3.3/psoc creator/import/gnu/arm/4.9.3/bin/../lib/gcc/arm-none-eabi/4.9.3/../../../../arm-none-eabi/lib/armv7-m\libg_nano.a(lib_a-errno.o)
 .debug_frame   0x00001bbc       0x28 c:/program files (x86)/cypress/psoc creator/3.3/psoc creator/import/gnu/arm/4.9.3/bin/../lib/gcc/arm-none-eabi/4.9.3/../../../../arm-none-eabi/lib/armv7-m\libg_nano.a(lib_a-exit.o)
 .debug_frame   0x00001be4       0x2c c:/program files (x86)/cypress/psoc creator/3.3/psoc creator/import/gnu/arm/4.9.3/bin/../lib/gcc/arm-none-eabi/4.9.3/../../../../arm-none-eabi/lib/armv7-m\libg_nano.a(lib_a-init.o)
 .debug_frame   0x00001c10       0x28 c:/program files (x86)/cypress/psoc creator/3.3/psoc creator/import/gnu/arm/4.9.3/bin/../lib/gcc/arm-none-eabi/4.9.3/../../../../arm-none-eabi/lib/armv7-m\libg_nano.a(lib_a-memcpy.o)
 .debug_frame   0x00001c38       0x20 c:/program files (x86)/cypress/psoc creator/3.3/psoc creator/import/gnu/arm/4.9.3/bin/../lib/gcc/arm-none-eabi/4.9.3/../../../../arm-none-eabi/lib/armv7-m\libg_nano.a(lib_a-memset.o)
 .debug_frame   0x00001c58       0x70 c:/program files (x86)/cypress/psoc creator/3.3/psoc creator/import/gnu/arm/4.9.3/bin/../lib/gcc/arm-none-eabi/4.9.3/../../../../arm-none-eabi/lib/armv7-m\libg_nano.a(lib_a-sprintf.o)
 .debug_frame   0x00001cc8       0x8c c:/program files (x86)/cypress/psoc creator/3.3/psoc creator/import/gnu/arm/4.9.3/bin/../lib/gcc/arm-none-eabi/4.9.3/../../../../arm-none-eabi/lib/armv7-m\libg_nano.a(lib_a-nano-svfprintf.o)
 .debug_frame   0x00001d54       0x58 c:/program files (x86)/cypress/psoc creator/3.3/psoc creator/import/gnu/arm/4.9.3/bin/../lib/gcc/arm-none-eabi/4.9.3/../../../../arm-none-eabi/lib/armv7-m\libg_nano.a(lib_a-nano-vfprintf_i.o)
 .debug_frame   0x00001dac       0x28 c:/program files (x86)/cypress/psoc creator/3.3/psoc creator/import/gnu/arm/4.9.3/bin/../lib/gcc/arm-none-eabi/4.9.3/../../../../arm-none-eabi/lib/armv7-m\libg_nano.a(lib_a-memchr.o)
 .debug_frame   0x00001dd4       0x28 c:/program files (x86)/cypress/psoc creator/3.3/psoc creator/import/gnu/arm/4.9.3/bin/../lib/gcc/arm-none-eabi/4.9.3/../../../../arm-none-eabi/lib/armv7-m\libg_nano.a(lib_a-memmove.o)
 .debug_frame   0x00001dfc       0x2c c:/program files (x86)/cypress/psoc creator/3.3/psoc creator/import/gnu/arm/4.9.3/bin/../lib/gcc/arm-none-eabi/4.9.3/../../../../arm-none-eabi/lib/armv7-m\libg_nano.a(lib_a-nano-freer.o)
 .debug_frame   0x00001e28       0x2c c:/program files (x86)/cypress/psoc creator/3.3/psoc creator/import/gnu/arm/4.9.3/bin/../lib/gcc/arm-none-eabi/4.9.3/../../../../arm-none-eabi/lib/armv7-m\libg_nano.a(lib_a-nano-mallocr.o)
 .debug_frame   0x00001e54       0x3c c:/program files (x86)/cypress/psoc creator/3.3/psoc creator/import/gnu/arm/4.9.3/bin/../lib/gcc/arm-none-eabi/4.9.3/../../../../arm-none-eabi/lib/armv7-m\libg_nano.a(lib_a-nano-reallocr.o)
 .debug_frame   0x00001e90       0x2c c:/program files (x86)/cypress/psoc creator/3.3/psoc creator/import/gnu/arm/4.9.3/bin/../lib/gcc/arm-none-eabi/4.9.3/../../../../arm-none-eabi/lib/armv7-m\libg_nano.a(lib_a-sbrkr.o)
 .debug_frame   0x00001ebc       0x20 c:/program files (x86)/cypress/psoc creator/3.3/psoc creator/import/gnu/arm/4.9.3/bin/../lib/gcc/arm-none-eabi/4.9.3/../../../../arm-none-eabi/lib/armv7-m\libg_nano.a(lib_a-nano-msizer.o)
 .debug_frame   0x00001edc       0x5c c:/program files (x86)/cypress/psoc creator/3.3/psoc creator/import/gnu/arm/4.9.3/bin/../lib/gcc/arm-none-eabi/4.9.3/../../../../arm-none-eabi/lib/armv7-m\libg_nano.a(lib_a-reent.o)

.debug_str      0x00000000     0x2c97
 *(.debug_str)
 .debug_str     0x00000000      0x221 .\CortexM3\ARM_GCC_493\Debug\main.o
                                0x268 (size before relaxing)
 .debug_str     0x00000221       0x77 .\CortexM3\ARM_GCC_493\Debug\cymetadata.o
                                0x1f0 (size before relaxing)
 .debug_str     0x00000298      0x165 .\CortexM3\ARM_GCC_493\Debug\Cm3Start.o
                                0x304 (size before relaxing)
 .debug_str     0x000003fd      0x15d .\CortexM3\ARM_GCC_493\Debug\PSOC_USBUART.a(cyfitter_cfg.o)
                                0x309 (size before relaxing)
 .debug_str     0x0000055a      0x4d6 .\CortexM3\ARM_GCC_493\Debug\PSOC_USBUART.a(ADC_DelSig.o)
                                0x6d8 (size before relaxing)
 .debug_str     0x00000a30       0x6a .\CortexM3\ARM_GCC_493\Debug\PSOC_USBUART.a(ADC_DelSig_INT.o)
                                0x1dd (size before relaxing)
 .debug_str     0x00000a9a      0x3d8 .\CortexM3\ARM_GCC_493\Debug\PSOC_USBUART.a(USBUART.o)
                                0x657 (size before relaxing)
 .debug_str     0x00000e72      0x4f8 .\CortexM3\ARM_GCC_493\Debug\PSOC_USBUART.a(USBUART_cdc.o)
                                0x7cb (size before relaxing)
 .debug_str     0x0000136a      0x293 .\CortexM3\ARM_GCC_493\Debug\PSOC_USBUART.a(USBUART_drv.o)
                                0x642 (size before relaxing)
 .debug_str     0x000015fd       0x82 .\CortexM3\ARM_GCC_493\Debug\PSOC_USBUART.a(USBUART_episr.o)
                                0x2d9 (size before relaxing)
 .debug_str     0x0000167f       0xee .\CortexM3\ARM_GCC_493\Debug\PSOC_USBUART.a(USBUART_pm.o)
                                0x2f1 (size before relaxing)
 .debug_str     0x0000176d      0x272 .\CortexM3\ARM_GCC_493\Debug\PSOC_USBUART.a(USBUART_std.o)
                                0x7b1 (size before relaxing)
 .debug_str     0x000019df       0x27 .\CortexM3\ARM_GCC_493\Debug\PSOC_USBUART.a(USBUART_vnd.o)
                                0x1e7 (size before relaxing)
 .debug_str     0x00001a06      0x1b5 .\CortexM3\ARM_GCC_493\Debug\PSOC_USBUART.a(ADC_DelSig_Ext_CP_Clk.o)
                                0x39c (size before relaxing)
 .debug_str     0x00001bbb      0x1a5 .\CortexM3\ARM_GCC_493\Debug\PSOC_USBUART.a(ADC_DelSig_theACLK.o)
                                0x3c9 (size before relaxing)
 .debug_str     0x00001d60       0xa6 .\CortexM3\ARM_GCC_493\Debug\PSOC_USBUART.a(USBUART_Dp.o)
                                0x247 (size before relaxing)
 .debug_str     0x00001e06      0x7bd .\CortexM3\ARM_GCC_493\Debug\PSOC_USBUART.a(CyLib.o)
                                0xa29 (size before relaxing)
 .debug_str     0x000025c3      0x35b .\CortexM3\ARM_GCC_493\Debug\PSOC_USBUART.a(cyPm.o)
                                0x721 (size before relaxing)
 .debug_str     0x0000291e       0x27 .\CortexM3\ARM_GCC_493\Debug\PSOC_USBUART.a(USBUART_cls.o)
                                0x2a6 (size before relaxing)
 .debug_str     0x00002945      0x106 .\CortexM3\ARM_GCC_493\Debug\PSOC_USBUART.a(USBUART_descr.o)
                                0x353 (size before relaxing)
 .debug_str     0x00002a4b      0x19e .\CortexM3\ARM_GCC_493\Debug\PSOC_USBUART.a(CyFlash.o)
                                0x39b (size before relaxing)
 .debug_str     0x00002be9       0xae .\CortexM3\ARM_GCC_493\Debug\PSOC_USBUART.a(CySpc.o)
                                0x324 (size before relaxing)

.debug_loc      0x00000000     0x366e
 *(.debug_loc)
 .debug_loc     0x00000000      0x144 .\CortexM3\ARM_GCC_493\Debug\Cm3Start.o
 .debug_loc     0x00000144      0x1d7 .\CortexM3\ARM_GCC_493\Debug\PSOC_USBUART.a(cyfitter_cfg.o)
 .debug_loc     0x0000031b      0x6ab .\CortexM3\ARM_GCC_493\Debug\PSOC_USBUART.a(ADC_DelSig.o)
 .debug_loc     0x000009c6      0x3e1 .\CortexM3\ARM_GCC_493\Debug\PSOC_USBUART.a(USBUART.o)
 .debug_loc     0x00000da7      0x56b .\CortexM3\ARM_GCC_493\Debug\PSOC_USBUART.a(USBUART_cdc.o)
 .debug_loc     0x00001312      0x171 .\CortexM3\ARM_GCC_493\Debug\PSOC_USBUART.a(USBUART_drv.o)
 .debug_loc     0x00001483       0x26 .\CortexM3\ARM_GCC_493\Debug\PSOC_USBUART.a(USBUART_pm.o)
 .debug_loc     0x000014a9      0x93f .\CortexM3\ARM_GCC_493\Debug\PSOC_USBUART.a(USBUART_std.o)
 .debug_loc     0x00001de8      0x12c .\CortexM3\ARM_GCC_493\Debug\PSOC_USBUART.a(ADC_DelSig_Ext_CP_Clk.o)
 .debug_loc     0x00001f14      0x14d .\CortexM3\ARM_GCC_493\Debug\PSOC_USBUART.a(ADC_DelSig_theACLK.o)
 .debug_loc     0x00002061       0x84 .\CortexM3\ARM_GCC_493\Debug\PSOC_USBUART.a(USBUART_Dp.o)
 .debug_loc     0x000020e5      0xa11 .\CortexM3\ARM_GCC_493\Debug\PSOC_USBUART.a(CyLib.o)
 .debug_loc     0x00002af6      0x1e4 .\CortexM3\ARM_GCC_493\Debug\PSOC_USBUART.a(cyPm.o)
 .debug_loc     0x00002cda       0x47 .\CortexM3\ARM_GCC_493\Debug\PSOC_USBUART.a(USBUART_cls.o)
 .debug_loc     0x00002d21      0x300 .\CortexM3\ARM_GCC_493\Debug\PSOC_USBUART.a(CyFlash.o)
 .debug_loc     0x00003021      0x64d .\CortexM3\ARM_GCC_493\Debug\PSOC_USBUART.a(CySpc.o)

.debug_macinfo
 *(.debug_macinfo)

.debug_ranges   0x00000000      0x9a0
 *(.debug_ranges)
 .debug_ranges  0x00000000       0x10 .\CortexM3\ARM_GCC_493\Debug\main.o
 .debug_ranges  0x00000010       0x38 .\CortexM3\ARM_GCC_493\Debug\Cm3Start.o
 .debug_ranges  0x00000048       0x48 .\CortexM3\ARM_GCC_493\Debug\PSOC_USBUART.a(cyfitter_cfg.o)
 .debug_ranges  0x00000090       0xd8 .\CortexM3\ARM_GCC_493\Debug\PSOC_USBUART.a(ADC_DelSig.o)
 .debug_ranges  0x00000168       0x28 .\CortexM3\ARM_GCC_493\Debug\PSOC_USBUART.a(ADC_DelSig_INT.o)
 .debug_ranges  0x00000190       0xd0 .\CortexM3\ARM_GCC_493\Debug\PSOC_USBUART.a(USBUART.o)
 .debug_ranges  0x00000260       0xd8 .\CortexM3\ARM_GCC_493\Debug\PSOC_USBUART.a(USBUART_cdc.o)
 .debug_ranges  0x00000338       0x88 .\CortexM3\ARM_GCC_493\Debug\PSOC_USBUART.a(USBUART_drv.o)
 .debug_ranges  0x000003c0       0x30 .\CortexM3\ARM_GCC_493\Debug\PSOC_USBUART.a(USBUART_episr.o)
 .debug_ranges  0x000003f0       0x30 .\CortexM3\ARM_GCC_493\Debug\PSOC_USBUART.a(USBUART_pm.o)
 .debug_ranges  0x00000420       0x70 .\CortexM3\ARM_GCC_493\Debug\PSOC_USBUART.a(USBUART_std.o)
 .debug_ranges  0x00000490       0x10 .\CortexM3\ARM_GCC_493\Debug\PSOC_USBUART.a(USBUART_vnd.o)
 .debug_ranges  0x000004a0       0x60 .\CortexM3\ARM_GCC_493\Debug\PSOC_USBUART.a(ADC_DelSig_Ext_CP_Clk.o)
 .debug_ranges  0x00000500       0x70 .\CortexM3\ARM_GCC_493\Debug\PSOC_USBUART.a(ADC_DelSig_theACLK.o)
 .debug_ranges  0x00000570       0x38 .\CortexM3\ARM_GCC_493\Debug\PSOC_USBUART.a(USBUART_Dp.o)
 .debug_ranges  0x000005a8      0x288 .\CortexM3\ARM_GCC_493\Debug\PSOC_USBUART.a(CyLib.o)
 .debug_ranges  0x00000830       0x88 .\CortexM3\ARM_GCC_493\Debug\PSOC_USBUART.a(cyPm.o)
 .debug_ranges  0x000008b8       0x10 .\CortexM3\ARM_GCC_493\Debug\PSOC_USBUART.a(USBUART_cls.o)
 .debug_ranges  0x000008c8       0x70 .\CortexM3\ARM_GCC_493\Debug\PSOC_USBUART.a(CyFlash.o)
 .debug_ranges  0x00000938       0x68 .\CortexM3\ARM_GCC_493\Debug\PSOC_USBUART.a(CySpc.o)

.comment        0x00000000       0x70
 .comment       0x00000000       0x70 .\CortexM3\ARM_GCC_493\Debug\main.o
                                 0x71 (size before relaxing)
 .comment       0x00000000       0x71 .\CortexM3\ARM_GCC_493\Debug\cymetadata.o
 .comment       0x00000000       0x71 .\CortexM3\ARM_GCC_493\Debug\Cm3Start.o
 .comment       0x00000000       0x71 .\CortexM3\ARM_GCC_493\Debug\PSOC_USBUART.a(cyfitter_cfg.o)
 .comment       0x00000000       0x71 .\CortexM3\ARM_GCC_493\Debug\PSOC_USBUART.a(ADC_DelSig.o)
 .comment       0x00000000       0x71 .\CortexM3\ARM_GCC_493\Debug\PSOC_USBUART.a(ADC_DelSig_INT.o)
 .comment       0x00000000       0x71 .\CortexM3\ARM_GCC_493\Debug\PSOC_USBUART.a(USBUART.o)
 .comment       0x00000000       0x71 .\CortexM3\ARM_GCC_493\Debug\PSOC_USBUART.a(USBUART_cdc.o)
 .comment       0x00000000       0x71 .\CortexM3\ARM_GCC_493\Debug\PSOC_USBUART.a(USBUART_drv.o)
 .comment       0x00000000       0x71 .\CortexM3\ARM_GCC_493\Debug\PSOC_USBUART.a(USBUART_episr.o)
 .comment       0x00000000       0x71 .\CortexM3\ARM_GCC_493\Debug\PSOC_USBUART.a(USBUART_pm.o)
 .comment       0x00000000       0x71 .\CortexM3\ARM_GCC_493\Debug\PSOC_USBUART.a(USBUART_std.o)
 .comment       0x00000000       0x71 .\CortexM3\ARM_GCC_493\Debug\PSOC_USBUART.a(USBUART_vnd.o)
 .comment       0x00000000       0x71 .\CortexM3\ARM_GCC_493\Debug\PSOC_USBUART.a(ADC_DelSig_Ext_CP_Clk.o)
 .comment       0x00000000       0x71 .\CortexM3\ARM_GCC_493\Debug\PSOC_USBUART.a(ADC_DelSig_theACLK.o)
 .comment       0x00000000       0x71 .\CortexM3\ARM_GCC_493\Debug\PSOC_USBUART.a(USBUART_Dp.o)
 .comment       0x00000000       0x71 .\CortexM3\ARM_GCC_493\Debug\PSOC_USBUART.a(CyLib.o)
 .comment       0x00000000       0x71 .\CortexM3\ARM_GCC_493\Debug\PSOC_USBUART.a(cyPm.o)
 .comment       0x00000000       0x71 .\CortexM3\ARM_GCC_493\Debug\PSOC_USBUART.a(USBUART_cls.o)
 .comment       0x00000000       0x71 .\CortexM3\ARM_GCC_493\Debug\PSOC_USBUART.a(USBUART_descr.o)
 .comment       0x00000000       0x71 .\CortexM3\ARM_GCC_493\Debug\PSOC_USBUART.a(CyFlash.o)
 .comment       0x00000000       0x71 .\CortexM3\ARM_GCC_493\Debug\PSOC_USBUART.a(CySpc.o)

.debug_weaknames
 *(.debug_weaknames)

.debug_funcnames
 *(.debug_funcnames)

.debug_typenames
 *(.debug_typenames)

.debug_varnames
 *(.debug_varnames)

.note.gnu.arm.ident
 *(.note.gnu.arm.ident)

.ARM.attributes
                0x00000000       0x29
 *(.ARM.attributes)
 .ARM.attributes
                0x00000000       0x1d c:/program files (x86)/cypress/psoc creator/3.3/psoc creator/import/gnu/arm/4.9.3/bin/../lib/gcc/arm-none-eabi/4.9.3/armv7-m/crti.o
 .ARM.attributes
                0x0000001d       0x2d c:/program files (x86)/cypress/psoc creator/3.3/psoc creator/import/gnu/arm/4.9.3/bin/../lib/gcc/arm-none-eabi/4.9.3/armv7-m/crtbegin.o
 .ARM.attributes
                0x0000004a       0x1b c:/program files (x86)/cypress/psoc creator/3.3/psoc creator/import/gnu/arm/4.9.3/bin/../lib/gcc/arm-none-eabi/4.9.3/../../../../arm-none-eabi/lib/armv7-m/crt0.o
 .ARM.attributes
                0x00000065       0x33 .\CortexM3\ARM_GCC_493\Debug\main.o
 .ARM.attributes
                0x00000098       0x33 .\CortexM3\ARM_GCC_493\Debug\cymetadata.o
 .ARM.attributes
                0x000000cb       0x33 .\CortexM3\ARM_GCC_493\Debug\Cm3Start.o
 .ARM.attributes
                0x000000fe       0x33 .\CortexM3\ARM_GCC_493\Debug\PSOC_USBUART.a(cyfitter_cfg.o)
 .ARM.attributes
                0x00000131       0x33 .\CortexM3\ARM_GCC_493\Debug\PSOC_USBUART.a(ADC_DelSig.o)
 .ARM.attributes
                0x00000164       0x33 .\CortexM3\ARM_GCC_493\Debug\PSOC_USBUART.a(ADC_DelSig_INT.o)
 .ARM.attributes
                0x00000197       0x33 .\CortexM3\ARM_GCC_493\Debug\PSOC_USBUART.a(USBUART.o)
 .ARM.attributes
                0x000001ca       0x33 .\CortexM3\ARM_GCC_493\Debug\PSOC_USBUART.a(USBUART_cdc.o)
 .ARM.attributes
                0x000001fd       0x33 .\CortexM3\ARM_GCC_493\Debug\PSOC_USBUART.a(USBUART_drv.o)
 .ARM.attributes
                0x00000230       0x33 .\CortexM3\ARM_GCC_493\Debug\PSOC_USBUART.a(USBUART_episr.o)
 .ARM.attributes
                0x00000263       0x33 .\CortexM3\ARM_GCC_493\Debug\PSOC_USBUART.a(USBUART_pm.o)
 .ARM.attributes
                0x00000296       0x33 .\CortexM3\ARM_GCC_493\Debug\PSOC_USBUART.a(USBUART_std.o)
 .ARM.attributes
                0x000002c9       0x33 .\CortexM3\ARM_GCC_493\Debug\PSOC_USBUART.a(USBUART_vnd.o)
 .ARM.attributes
                0x000002fc       0x33 .\CortexM3\ARM_GCC_493\Debug\PSOC_USBUART.a(ADC_DelSig_Ext_CP_Clk.o)
 .ARM.attributes
                0x0000032f       0x33 .\CortexM3\ARM_GCC_493\Debug\PSOC_USBUART.a(ADC_DelSig_theACLK.o)
 .ARM.attributes
                0x00000362       0x33 .\CortexM3\ARM_GCC_493\Debug\PSOC_USBUART.a(USBUART_Dp.o)
 .ARM.attributes
                0x00000395       0x21 .\CortexM3\ARM_GCC_493\Debug\PSOC_USBUART.a(CyBootAsmGnu.o)
 .ARM.attributes
                0x000003b6       0x33 .\CortexM3\ARM_GCC_493\Debug\PSOC_USBUART.a(CyLib.o)
 .ARM.attributes
                0x000003e9       0x33 .\CortexM3\ARM_GCC_493\Debug\PSOC_USBUART.a(cyPm.o)
 .ARM.attributes
                0x0000041c       0x33 .\CortexM3\ARM_GCC_493\Debug\PSOC_USBUART.a(USBUART_cls.o)
 .ARM.attributes
                0x0000044f       0x33 .\CortexM3\ARM_GCC_493\Debug\PSOC_USBUART.a(USBUART_descr.o)
 .ARM.attributes
                0x00000482       0x33 .\CortexM3\ARM_GCC_493\Debug\PSOC_USBUART.a(CyFlash.o)
 .ARM.attributes
                0x000004b5       0x33 .\CortexM3\ARM_GCC_493\Debug\PSOC_USBUART.a(CySpc.o)
 .ARM.attributes
                0x000004e8       0x1d c:/program files (x86)/cypress/psoc creator/3.3/psoc creator/import/gnu/arm/4.9.3/bin/../lib/gcc/arm-none-eabi/4.9.3/armv7-m\libgcc.a(_arm_addsubdf3.o)
 .ARM.attributes
                0x00000505       0x1d c:/program files (x86)/cypress/psoc creator/3.3/psoc creator/import/gnu/arm/4.9.3/bin/../lib/gcc/arm-none-eabi/4.9.3/armv7-m\libgcc.a(_arm_cmpdf2.o)
 .ARM.attributes
                0x00000522       0x1d c:/program files (x86)/cypress/psoc creator/3.3/psoc creator/import/gnu/arm/4.9.3/bin/../lib/gcc/arm-none-eabi/4.9.3/armv7-m\libgcc.a(_arm_addsubsf3.o)
 .ARM.attributes
                0x0000053f       0x1d c:/program files (x86)/cypress/psoc creator/3.3/psoc creator/import/gnu/arm/4.9.3/bin/../lib/gcc/arm-none-eabi/4.9.3/armv7-m\libgcc.a(_arm_muldivsf3.o)
 .ARM.attributes
                0x0000055c       0x1d c:/program files (x86)/cypress/psoc creator/3.3/psoc creator/import/gnu/arm/4.9.3/bin/../lib/gcc/arm-none-eabi/4.9.3/armv7-m\libgcc.a(_arm_fixunssfsi.o)
 .ARM.attributes
                0x00000579       0x2d c:/program files (x86)/cypress/psoc creator/3.3/psoc creator/import/gnu/arm/4.9.3/bin/../lib/gcc/arm-none-eabi/4.9.3/../../../../arm-none-eabi/lib/armv7-m\libg_nano.a(lib_a-errno.o)
 .ARM.attributes
                0x000005a6       0x2d c:/program files (x86)/cypress/psoc creator/3.3/psoc creator/import/gnu/arm/4.9.3/bin/../lib/gcc/arm-none-eabi/4.9.3/../../../../arm-none-eabi/lib/armv7-m\libg_nano.a(lib_a-exit.o)
 .ARM.attributes
                0x000005d3       0x2d c:/program files (x86)/cypress/psoc creator/3.3/psoc creator/import/gnu/arm/4.9.3/bin/../lib/gcc/arm-none-eabi/4.9.3/../../../../arm-none-eabi/lib/armv7-m\libg_nano.a(lib_a-impure.o)
 .ARM.attributes
                0x00000600       0x2d c:/program files (x86)/cypress/psoc creator/3.3/psoc creator/import/gnu/arm/4.9.3/bin/../lib/gcc/arm-none-eabi/4.9.3/../../../../arm-none-eabi/lib/armv7-m\libg_nano.a(lib_a-init.o)
 .ARM.attributes
                0x0000062d       0x2d c:/program files (x86)/cypress/psoc creator/3.3/psoc creator/import/gnu/arm/4.9.3/bin/../lib/gcc/arm-none-eabi/4.9.3/../../../../arm-none-eabi/lib/armv7-m\libg_nano.a(lib_a-memcpy.o)
 .ARM.attributes
                0x0000065a       0x2d c:/program files (x86)/cypress/psoc creator/3.3/psoc creator/import/gnu/arm/4.9.3/bin/../lib/gcc/arm-none-eabi/4.9.3/../../../../arm-none-eabi/lib/armv7-m\libg_nano.a(lib_a-memset.o)
 .ARM.attributes
                0x00000687       0x2d c:/program files (x86)/cypress/psoc creator/3.3/psoc creator/import/gnu/arm/4.9.3/bin/../lib/gcc/arm-none-eabi/4.9.3/../../../../arm-none-eabi/lib/armv7-m\libg_nano.a(lib_a-sprintf.o)
 .ARM.attributes
                0x000006b4       0x2d c:/program files (x86)/cypress/psoc creator/3.3/psoc creator/import/gnu/arm/4.9.3/bin/../lib/gcc/arm-none-eabi/4.9.3/../../../../arm-none-eabi/lib/armv7-m\libg_nano.a(lib_a-nano-svfprintf.o)
 .ARM.attributes
                0x000006e1       0x2d c:/program files (x86)/cypress/psoc creator/3.3/psoc creator/import/gnu/arm/4.9.3/bin/../lib/gcc/arm-none-eabi/4.9.3/../../../../arm-none-eabi/lib/armv7-m\libg_nano.a(lib_a-nano-vfprintf_i.o)
 .ARM.attributes
                0x0000070e       0x2d c:/program files (x86)/cypress/psoc creator/3.3/psoc creator/import/gnu/arm/4.9.3/bin/../lib/gcc/arm-none-eabi/4.9.3/../../../../arm-none-eabi/lib/armv7-m\libg_nano.a(lib_a-memchr.o)
 .ARM.attributes
                0x0000073b       0x2d c:/program files (x86)/cypress/psoc creator/3.3/psoc creator/import/gnu/arm/4.9.3/bin/../lib/gcc/arm-none-eabi/4.9.3/../../../../arm-none-eabi/lib/armv7-m\libg_nano.a(lib_a-memmove.o)
 .ARM.attributes
                0x00000768       0x2d c:/program files (x86)/cypress/psoc creator/3.3/psoc creator/import/gnu/arm/4.9.3/bin/../lib/gcc/arm-none-eabi/4.9.3/../../../../arm-none-eabi/lib/armv7-m\libg_nano.a(lib_a-nano-freer.o)
 .ARM.attributes
                0x00000795       0x2d c:/program files (x86)/cypress/psoc creator/3.3/psoc creator/import/gnu/arm/4.9.3/bin/../lib/gcc/arm-none-eabi/4.9.3/../../../../arm-none-eabi/lib/armv7-m\libg_nano.a(lib_a-nano-mallocr.o)
 .ARM.attributes
                0x000007c2       0x2d c:/program files (x86)/cypress/psoc creator/3.3/psoc creator/import/gnu/arm/4.9.3/bin/../lib/gcc/arm-none-eabi/4.9.3/../../../../arm-none-eabi/lib/armv7-m\libg_nano.a(lib_a-nano-reallocr.o)
 .ARM.attributes
                0x000007ef       0x2d c:/program files (x86)/cypress/psoc creator/3.3/psoc creator/import/gnu/arm/4.9.3/bin/../lib/gcc/arm-none-eabi/4.9.3/../../../../arm-none-eabi/lib/armv7-m\libg_nano.a(lib_a-sbrkr.o)
 .ARM.attributes
                0x0000081c       0x2d c:/program files (x86)/cypress/psoc creator/3.3/psoc creator/import/gnu/arm/4.9.3/bin/../lib/gcc/arm-none-eabi/4.9.3/../../../../arm-none-eabi/lib/armv7-m\libg_nano.a(lib_a-nano-msizer.o)
 .ARM.attributes
                0x00000849       0x2d c:/program files (x86)/cypress/psoc creator/3.3/psoc creator/import/gnu/arm/4.9.3/bin/../lib/gcc/arm-none-eabi/4.9.3/../../../../arm-none-eabi/lib/armv7-m\libg_nano.a(lib_a-reent.o)
 .ARM.attributes
                0x00000876       0x2d c:/program files (x86)/cypress/psoc creator/3.3/psoc creator/import/gnu/arm/4.9.3/bin/../lib/gcc/arm-none-eabi/4.9.3/armv7-m/crtend.o
 .ARM.attributes
                0x000008a3       0x1d c:/program files (x86)/cypress/psoc creator/3.3/psoc creator/import/gnu/arm/4.9.3/bin/../lib/gcc/arm-none-eabi/4.9.3/armv7-m/crtn.o

/DISCARD/
 *(.note.GNU-stack)
OUTPUT(.\CortexM3\ARM_GCC_493\Debug\PSOC_USBUART.elf elf32-littlearm)
